Archive member included to satisfy reference by file (symbol)

c:/program files (x86)/gnu arm embedded toolchain/10 2021.10/bin/../lib/gcc/arm-none-eabi/10.3.1/thumb/v6-m/nofp\libgcc.a(_dvmd_tls.o)
                              CMakeFiles/HW9.dir/C_/Users/17155/ME433/Pico/pico-sdk/src/rp2_common/pico_divider/divider.S.obj (__aeabi_idiv0)
c:/program files (x86)/gnu arm embedded toolchain/10 2021.10/bin/../lib/gcc/arm-none-eabi/10.3.1/../../../../arm-none-eabi/lib/thumb/v6-m/nofp\libg.a(lib_a-calloc.o)
                              CMakeFiles/HW9.dir/C_/Users/17155/ME433/Pico/pico-sdk/src/rp2_common/pico_malloc/pico_malloc.c.obj (calloc)
c:/program files (x86)/gnu arm embedded toolchain/10 2021.10/bin/../lib/gcc/arm-none-eabi/10.3.1/../../../../arm-none-eabi/lib/thumb/v6-m/nofp\libg.a(lib_a-callocr.o)
                              c:/program files (x86)/gnu arm embedded toolchain/10 2021.10/bin/../lib/gcc/arm-none-eabi/10.3.1/../../../../arm-none-eabi/lib/thumb/v6-m/nofp\libg.a(lib_a-calloc.o) (_calloc_r)
c:/program files (x86)/gnu arm embedded toolchain/10 2021.10/bin/../lib/gcc/arm-none-eabi/10.3.1/../../../../arm-none-eabi/lib/thumb/v6-m/nofp\libg.a(lib_a-errno.o)
                              c:/program files (x86)/gnu arm embedded toolchain/10 2021.10/bin/../lib/gcc/arm-none-eabi/10.3.1/../../../../arm-none-eabi/lib/thumb/v6-m/nofp\libg.a(lib_a-callocr.o) (__errno)
c:/program files (x86)/gnu arm embedded toolchain/10 2021.10/bin/../lib/gcc/arm-none-eabi/10.3.1/../../../../arm-none-eabi/lib/thumb/v6-m/nofp\libg.a(lib_a-impure.o)
                              c:/program files (x86)/gnu arm embedded toolchain/10 2021.10/bin/../lib/gcc/arm-none-eabi/10.3.1/../../../../arm-none-eabi/lib/thumb/v6-m/nofp\libg.a(lib_a-calloc.o) (_impure_ptr)
c:/program files (x86)/gnu arm embedded toolchain/10 2021.10/bin/../lib/gcc/arm-none-eabi/10.3.1/../../../../arm-none-eabi/lib/thumb/v6-m/nofp\libg.a(lib_a-init.o)
                              c:/program files (x86)/gnu arm embedded toolchain/10 2021.10/bin/../lib/gcc/arm-none-eabi/10.3.1/../../../../arm-none-eabi/lib/thumb/v6-m/nofp/crt0.o (__libc_init_array)
c:/program files (x86)/gnu arm embedded toolchain/10 2021.10/bin/../lib/gcc/arm-none-eabi/10.3.1/../../../../arm-none-eabi/lib/thumb/v6-m/nofp\libg.a(lib_a-malloc.o)
                              CMakeFiles/HW9.dir/C_/Users/17155/ME433/Pico/pico-sdk/src/rp2_common/pico_malloc/pico_malloc.c.obj (malloc)
c:/program files (x86)/gnu arm embedded toolchain/10 2021.10/bin/../lib/gcc/arm-none-eabi/10.3.1/../../../../arm-none-eabi/lib/thumb/v6-m/nofp\libg.a(lib_a-mallocr.o)
                              c:/program files (x86)/gnu arm embedded toolchain/10 2021.10/bin/../lib/gcc/arm-none-eabi/10.3.1/../../../../arm-none-eabi/lib/thumb/v6-m/nofp\libg.a(lib_a-callocr.o) (_malloc_r)
c:/program files (x86)/gnu arm embedded toolchain/10 2021.10/bin/../lib/gcc/arm-none-eabi/10.3.1/../../../../arm-none-eabi/lib/thumb/v6-m/nofp\libg.a(lib_a-mlock.o)
                              c:/program files (x86)/gnu arm embedded toolchain/10 2021.10/bin/../lib/gcc/arm-none-eabi/10.3.1/../../../../arm-none-eabi/lib/thumb/v6-m/nofp\libg.a(lib_a-mallocr.o) (__malloc_lock)
c:/program files (x86)/gnu arm embedded toolchain/10 2021.10/bin/../lib/gcc/arm-none-eabi/10.3.1/../../../../arm-none-eabi/lib/thumb/v6-m/nofp\libg.a(lib_a-realloc.o)
                              CMakeFiles/HW9.dir/C_/Users/17155/ME433/Pico/pico-sdk/src/rp2_common/pico_malloc/pico_malloc.c.obj (realloc)
c:/program files (x86)/gnu arm embedded toolchain/10 2021.10/bin/../lib/gcc/arm-none-eabi/10.3.1/../../../../arm-none-eabi/lib/thumb/v6-m/nofp\libg.a(lib_a-reallocr.o)
                              c:/program files (x86)/gnu arm embedded toolchain/10 2021.10/bin/../lib/gcc/arm-none-eabi/10.3.1/../../../../arm-none-eabi/lib/thumb/v6-m/nofp\libg.a(lib_a-realloc.o) (_realloc_r)
c:/program files (x86)/gnu arm embedded toolchain/10 2021.10/bin/../lib/gcc/arm-none-eabi/10.3.1/../../../../arm-none-eabi/lib/thumb/v6-m/nofp\libg.a(lib_a-sbrkr.o)
                              c:/program files (x86)/gnu arm embedded toolchain/10 2021.10/bin/../lib/gcc/arm-none-eabi/10.3.1/../../../../arm-none-eabi/lib/thumb/v6-m/nofp\libg.a(lib_a-mallocr.o) (_sbrk_r)
c:/program files (x86)/gnu arm embedded toolchain/10 2021.10/bin/../lib/gcc/arm-none-eabi/10.3.1/../../../../arm-none-eabi/lib/thumb/v6-m/nofp\libg.a(lib_a-scanf.o)
                              CMakeFiles/HW9.dir/HW9.c.obj (scanf)
c:/program files (x86)/gnu arm embedded toolchain/10 2021.10/bin/../lib/gcc/arm-none-eabi/10.3.1/../../../../arm-none-eabi/lib/thumb/v6-m/nofp\libg.a(lib_a-strlen-stub.o)
                              CMakeFiles/HW9.dir/C_/Users/17155/ME433/Pico/pico-sdk/src/rp2_common/pico_stdio/stdio.c.obj (strlen)
c:/program files (x86)/gnu arm embedded toolchain/10 2021.10/bin/../lib/gcc/arm-none-eabi/10.3.1/../../../../arm-none-eabi/lib/thumb/v6-m/nofp\libg.a(lib_a-vfscanf.o)
[...]
Memory Configuration

Name             Origin             Length             Attributes
FLASH            0x10000000         0x00200000         xr
RAM              0x20000000         0x00040000         xrw
SCRATCH_X        0x20040000         0x00001000         xrw
SCRATCH_Y        0x20041000         0x00001000         xrw
*default*        0x00000000         0xffffffff

Linker script and memory map

LOAD c:/program files (x86)/gnu arm embedded toolchain/10 2021.10/bin/../lib/gcc/arm-none-eabi/10.3.1/thumb/v6-m/nofp/crti.o
LOAD c:/program files (x86)/gnu arm embedded toolchain/10 2021.10/bin/../lib/gcc/arm-none-eabi/10.3.1/thumb/v6-m/nofp/crtbegin.o
LOAD c:/program files (x86)/gnu arm embedded toolchain/10 2021.10/bin/../lib/gcc/arm-none-eabi/10.3.1/../../../../arm-none-eabi/lib/thumb/v6-m/nofp/crt0.o

.flash_begin    0x10000000        0x0
                0x10000000                __flash_binary_start = .

.boot2          0x10000000      0x100
                0x10000000                __boot2_start__ = .
 *(.boot2)
 .boot2         0x10000000      0x100 C:\Users\17155\AppData\Local\Temp\ccDXDGPi.o
                0x10000100                __boot2_end__ = .
                0x00000001                ASSERT (((__boot2_end__ - __boot2_start__) == 0x100), ERROR: Pico second stage bootloader must be 256 bytes in size)

.text           0x10000100     0xcf48
                0x10000100                __logical_binary_start = .
 *(.vectors)
 .vectors       0x10000100       0xd4 CMakeFiles/HW9.dir/C_/Users/17155/ME433/Pico/pico-sdk/src/rp2_common/pico_standard_link/crt0.S.obj
                0x10000100                __VECTOR_TABLE
                0x10000100                __vectors
                0x100001c0                isr_invalid
                0x100001c0                __default_isrs_start
                0x100001c2                isr_nmi
                0x100001c4                isr_hardfault
                0x100001c6                isr_svcall
                0x100001c8                isr_pendsv
                0x100001ca                isr_systick
                0x100001cc                isr_irq23
                0x100001cc                isr_irq18
                0x100001cc                isr_irq11
                0x100001cc                isr_irq28
                0x100001cc                isr_irq19
                0x100001cc                isr_irq0
                0x100001cc                isr_irq6
                0x100001cc                isr_irq5
                0x100001cc                isr_irq12
                0x100001cc                isr_irq22
                0x100001cc                isr_irq31
                0x100001cc                isr_irq17
                0x100001cc                isr_irq27
                0x100001cc                isr_irq30
                0x100001cc                isr_irq2
                0x100001cc                isr_irq10
                0x100001cc                isr_irq8
                0x100001cc                isr_irq24
                0x100001cc                isr_irq1
                0x100001cc                isr_irq7
                0x100001cc                isr_irq21
                0x100001cc                isr_irq20
                0x100001cc                isr_irq15
                0x100001cc                isr_irq25
                0x100001cc                isr_irq13
                0x100001cc                __unhandled_user_irq
                0x100001cc                isr_irq4
                0x100001cc                isr_irq16
                0x100001cc                isr_irq29
                0x100001cc                isr_irq26
                0x100001cc                __default_isrs_end
                0x100001cc                isr_irq3
                0x100001cc                isr_irq14
                0x100001cc                isr_irq9
                0x100001d2                unhandled_user_irq_num_in_r0
 *(.binary_info_header)
 .binary_info_header
                0x100001d4       0x14 CMakeFiles/HW9.dir/C_/Users/17155/ME433/Pico/pico-sdk/src/rp2_common/pico_standard_link/crt0.S.obj
                0x100001e8                __binary_info_header_end = .
 *(.reset)
 .reset         0x100001e8       0xa0 CMakeFiles/HW9.dir/C_/Users/17155/ME433/Pico/pico-sdk/src/rp2_common/pico_standard_link/crt0.S.obj
                0x100001e8                _entry_point
 .reset         0x10000288       0x30 CMakeFiles/HW9.dir/C_/Users/17155/ME433/Pico/pico-sdk/src/rp2_common/pico_standard_link/binary_info.c.obj
 *(.init)
 .init          0x100002b8        0x4 c:/program files (x86)/gnu arm embedded toolchain/10 2021.10/bin/../lib/gcc/arm-none-eabi/10.3.1/thumb/v6-m/nofp/crti.o
                0x100002b8                _init
 *(EXCLUDE_FILE(*libm.a: *libc.a:*lib_a-mem*.o *libgcc.a:) .text*)
 .text          0x100002bc       0x48 c:/program files (x86)/gnu arm embedded toolchain/10 2021.10/bin/../lib/gcc/arm-none-eabi/10.3.1/thumb/v6-m/nofp/crtbegin.o
 .text.on_uart_rx
                0x10000304       0x74 CMakeFiles/HW9.dir/HW9.c.obj
                0x10000304                on_uart_rx
 .text.main     0x10000378      0x14c CMakeFiles/HW9.dir/HW9.c.obj
                0x10000378                main
 .text.gpio_set_function
                0x100004c4       0x30 CMakeFiles/HW9.dir/C_/Users/17155/ME433/Pico/pico-sdk/src/rp2_common/hardware_gpio/gpio.c.obj
                0x100004c4                gpio_set_function
 .text.gpio_init
                0x100004f4       0x16 CMakeFiles/HW9.dir/C_/Users/17155/ME433/Pico/pico-sdk/src/rp2_common/hardware_gpio/gpio.c.obj
                0x100004f4                gpio_init
 *fill*         0x1000050a        0x2 
 .text.running_on_fpga
                0x1000050c       0x14 CMakeFiles/HW9.dir/C_/Users/17155/ME433/Pico/pico-sdk/src/rp2_common/pico_platform/platform.c.obj
                0x1000050c                running_on_fpga
 .text.hw_claim_lock
                0x10000520       0x18 CMakeFiles/HW9.dir/C_/Users/17155/ME433/Pico/pico-sdk/src/rp2_common/hardware_claim/claim.c.obj
                0x10000520                hw_claim_lock
 .text.hw_claim_unlock
                0x10000538       0x14 CMakeFiles/HW9.dir/C_/Users/17155/ME433/Pico/pico-sdk/src/rp2_common/hardware_claim/claim.c.obj
                0x10000538                hw_claim_unlock
 .text.hw_claim_or_assert
                0x1000054c       0x32 CMakeFiles/HW9.dir/C_/Users/17155/ME433/Pico/pico-sdk/src/rp2_common/hardware_claim/claim.c.obj
                0x1000054c                hw_claim_or_assert
 .text.hw_claim_unused_from_range
                0x1000057e       0x50 CMakeFiles/HW9.dir/C_/Users/17155/ME433/Pico/pico-sdk/src/rp2_common/hardware_claim/claim.c.obj
                0x1000057e                hw_claim_unused_from_range
 *fill*         0x100005ce        0x2 
 .text.spin_locks_reset
                0x100005d0       0x20 CMakeFiles/HW9.dir/C_/Users/17155/ME433/Pico/pico-sdk/src/rp2_common/hardware_sync/sync.c.obj
                0x100005d0                spin_locks_reset
 .text.next_striped_spin_lock_num
                0x100005f0       0x1c CMakeFiles/HW9.dir/C_/Users/17155/ME433/Pico/pico-sdk/src/rp2_common/hardware_sync/sync.c.obj
                0x100005f0                next_striped_spin_lock_num
 .text.spin_lock_claim_unused
                0x1000060c       0x20 CMakeFiles/HW9.dir/C_/Users/17155/ME433/Pico/pico-sdk/src/rp2_common/hardware_sync/sync.c.obj
                0x1000060c                spin_lock_claim_unused
 .text.set_raw_irq_handler_and_unlock
                0x1000062c       0x28 CMakeFiles/HW9.dir/C_/Users/17155/ME433/Pico/pico-sdk/src/rp2_common/hardware_irq/irq.c.obj
 .text.make_branch
                0x10000654       0x48 CMakeFiles/HW9.dir/C_/Users/17155/ME433/Pico/pico-sdk/src/rp2_common/hardware_irq/irq.c.obj
 .text.insert_branch_and_link
                0x1000069c       0x40 CMakeFiles/HW9.dir/C_/Users/17155/ME433/Pico/pico-sdk/src/rp2_common/hardware_irq/irq.c.obj
 .text.irq_is_enabled
                0x100006dc       0x18 CMakeFiles/HW9.dir/C_/Users/17155/ME433/Pico/pico-sdk/src/rp2_common/hardware_irq/irq.c.obj
                0x100006dc                irq_is_enabled
 .text.irq_set_mask_enabled
                0x100006f4       0x20 CMakeFiles/HW9.dir/C_/Users/17155/ME433/Pico/pico-sdk/src/rp2_common/hardware_irq/irq.c.obj
                0x100006f4                irq_set_mask_enabled
 .text.irq_set_enabled
                0x10000714        0xe CMakeFiles/HW9.dir/C_/Users/17155/ME433/Pico/pico-sdk/src/rp2_common/hardware_irq/irq.c.obj
                0x10000714                irq_set_enabled
 *fill*         0x10000722        0x2 
 .text.irq_set_pending
                0x10000724       0x10 CMakeFiles/HW9.dir/C_/Users/17155/ME433/Pico/pico-sdk/src/rp2_common/hardware_irq/irq.c.obj
                0x10000724                irq_set_pending
 .text.irq_get_vtable_handler
                0x10000734       0x10 CMakeFiles/HW9.dir/C_/Users/17155/ME433/Pico/pico-sdk/src/rp2_common/hardware_irq/irq.c.obj
                0x10000734                irq_get_vtable_handler
 .text.irq_has_shared_handler
                0x10000744       0x24 CMakeFiles/HW9.dir/C_/Users/17155/ME433/Pico/pico-sdk/src/rp2_common/hardware_irq/irq.c.obj
                0x10000744                irq_has_shared_handler
 .text.irq_set_exclusive_handler
                0x10000768       0x54 CMakeFiles/HW9.dir/C_/Users/17155/ME433/Pico/pico-sdk/src/rp2_common/hardware_irq/irq.c.obj
                0x10000768                irq_set_exclusive_handler
 .text.irq_add_shared_handler
                0x100007bc      0x234 CMakeFiles/HW9.dir/C_/Users/17155/ME433/Pico/pico-sdk/src/rp2_common/hardware_irq/irq.c.obj
                0x100007bc                irq_add_shared_handler
 .text.irq_remove_handler
                0x100009f0      0x1ac CMakeFiles/HW9.dir/C_/Users/17155/ME433/Pico/pico-sdk/src/rp2_common/hardware_irq/irq.c.obj
                0x100009f0                irq_remove_handler
 .text.irq_add_tail_to_free_list
                0x10000b9c       0xf0 CMakeFiles/HW9.dir/C_/Users/17155/ME433/Pico/pico-sdk/src/rp2_common/hardware_irq/irq.c.obj
                0x10000b9c                irq_add_tail_to_free_list
 .text.irq_init_priorities
                0x10000c8c       0x1c CMakeFiles/HW9.dir/C_/Users/17155/ME433/Pico/pico-sdk/src/rp2_common/hardware_irq/irq.c.obj
                0x10000c8c                irq_init_priorities
 .text.user_irq_claim_unused
                0x10000ca8       0x28 CMakeFiles/HW9.dir/C_/Users/17155/ME433/Pico/pico-sdk/src/rp2_common/hardware_irq/irq.c.obj
                0x10000ca8                user_irq_claim_unused
 .text.lock_init
                0x10000cd0       0x10 CMakeFiles/HW9.dir/C_/Users/17155/ME433/Pico/pico-sdk/src/common/pico_sync/lock_core.c.obj
                0x10000cd0                lock_init
 .text.mutex_init
                0x10000ce0       0x1a CMakeFiles/HW9.dir/C_/Users/17155/ME433/Pico/pico-sdk/src/common/pico_sync/mutex.c.obj
                0x10000ce0                mutex_init
 .text.recursive_mutex_init
                0x10000cfa       0x1e CMakeFiles/HW9.dir/C_/Users/17155/ME433/Pico/pico-sdk/src/common/pico_sync/mutex.c.obj
                0x10000cfa                recursive_mutex_init
 .text.critical_section_init_with_lock_num
                0x10000d18       0x14 CMakeFiles/HW9.dir/C_/Users/17155/ME433/Pico/pico-sdk/src/common/pico_sync/critical_section.c.obj
                0x10000d18                critical_section_init_with_lock_num
 .text.critical_section_init
                0x10000d2c       0x14 CMakeFiles/HW9.dir/C_/Users/17155/ME433/Pico/pico-sdk/src/common/pico_sync/critical_section.c.obj
                0x10000d2c                critical_section_init
 .text.alarm_pool_post_alloc_init
                0x10000d40       0x40 CMakeFiles/HW9.dir/C_/Users/17155/ME433/Pico/pico-sdk/src/common/pico_time/time.c.obj
 .text.sleep_until_callback
                0x10000d80       0x30 CMakeFiles/HW9.dir/C_/Users/17155/ME433/Pico/pico-sdk/src/common/pico_time/time.c.obj
 .text.timer_pool_entry_comparator
                0x10000db0       0x7c CMakeFiles/HW9.dir/C_/Users/17155/ME433/Pico/pico-sdk/src/common/pico_time/time.c.obj
                0x10000db0                timer_pool_entry_comparator
 .text.ph_add_child_node
                0x10000e2c       0xa4 CMakeFiles/HW9.dir/C_/Users/17155/ME433/Pico/pico-sdk/src/common/pico_time/time.c.obj
 .text.ph_merge_nodes
                0x10000ed0       0x3e CMakeFiles/HW9.dir/C_/Users/17155/ME433/Pico/pico-sdk/src/common/pico_time/time.c.obj
 *fill*         0x10000f0e        0x2 
 .text.add_alarm_under_lock
                0x10000f10      0x174 CMakeFiles/HW9.dir/C_/Users/17155/ME433/Pico/pico-sdk/src/common/pico_time/time.c.obj
 .text.alarm_pool_alarm_callback
                0x10001084      0x33c CMakeFiles/HW9.dir/C_/Users/17155/ME433/Pico/pico-sdk/src/common/pico_time/time.c.obj
 .text.alarm_pool_init_default
                0x100013c0       0x40 CMakeFiles/HW9.dir/C_/Users/17155/ME433/Pico/pico-sdk/src/common/pico_time/time.c.obj
                0x100013c0                alarm_pool_init_default
 .text.alarm_pool_get_default
                0x10001400       0x2c CMakeFiles/HW9.dir/C_/Users/17155/ME433/Pico/pico-sdk/src/common/pico_time/time.c.obj
                0x10001400                alarm_pool_get_default
 .text.alarm_pool_add_alarm_at
                0x1000142c      0x168 CMakeFiles/HW9.dir/C_/Users/17155/ME433/Pico/pico-sdk/src/common/pico_time/time.c.obj
                0x1000142c                alarm_pool_add_alarm_at
 .text.alarm_pool_cancel_alarm
                0x10001594       0xf8 CMakeFiles/HW9.dir/C_/Users/17155/ME433/Pico/pico-sdk/src/common/pico_time/time.c.obj
                0x10001594                alarm_pool_cancel_alarm
 .text.alarm_pool_core_num
                0x1000168c        0x4 CMakeFiles/HW9.dir/C_/Users/17155/ME433/Pico/pico-sdk/src/common/pico_time/time.c.obj
                0x1000168c                alarm_pool_core_num
 .text.sleep_until
                0x10001690       0xfc CMakeFiles/HW9.dir/C_/Users/17155/ME433/Pico/pico-sdk/src/common/pico_time/time.c.obj
                0x10001690                sleep_until
 .text.sleep_us
                0x1000178c       0x58 CMakeFiles/HW9.dir/C_/Users/17155/ME433/Pico/pico-sdk/src/common/pico_time/time.c.obj
                0x1000178c                sleep_us
 .text.sleep_ms
                0x100017e4       0x14 CMakeFiles/HW9.dir/C_/Users/17155/ME433/Pico/pico-sdk/src/common/pico_time/time.c.obj
                0x100017e4                sleep_ms
 .text.best_effort_wfe_or_timeout
                0x100017f8       0xac CMakeFiles/HW9.dir/C_/Users/17155/ME433/Pico/pico-sdk/src/common/pico_time/time.c.obj
                0x100017f8                best_effort_wfe_or_timeout
 .text.hardware_alarm_irq_handler
                0x100018a4       0x90 CMakeFiles/HW9.dir/C_/Users/17155/ME433/Pico/pico-sdk/src/rp2_common/hardware_timer/timer.c.obj
 .text.hardware_alarm_claim
                0x10001934       0x18 CMakeFiles/HW9.dir/C_/Users/17155/ME433/Pico/pico-sdk/src/rp2_common/hardware_timer/timer.c.obj
                0x10001934                hardware_alarm_claim
 .text.time_us_64
                0x1000194c       0x18 CMakeFiles/HW9.dir/C_/Users/17155/ME433/Pico/pico-sdk/src/rp2_common/hardware_timer/timer.c.obj
                0x1000194c                time_us_64
 .text.busy_wait_until
                0x10001964       0x28 CMakeFiles/HW9.dir/C_/Users/17155/ME433/Pico/pico-sdk/src/rp2_common/hardware_timer/timer.c.obj
                0x10001964                busy_wait_until
 .text.busy_wait_us
                0x1000198c       0x48 CMakeFiles/HW9.dir/C_/Users/17155/ME433/Pico/pico-sdk/src/rp2_common/hardware_timer/timer.c.obj
                0x1000198c                busy_wait_us
 .text.hardware_alarm_set_callback
                0x100019d4       0x90 CMakeFiles/HW9.dir/C_/Users/17155/ME433/Pico/pico-sdk/src/rp2_common/hardware_timer/timer.c.obj
                0x100019d4                hardware_alarm_set_callback
 .text.hardware_alarm_set_target
                0x10001a64       0xe8 CMakeFiles/HW9.dir/C_/Users/17155/ME433/Pico/pico-sdk/src/rp2_common/hardware_timer/timer.c.obj
                0x10001a64                hardware_alarm_set_target
 .text.hardware_alarm_cancel
                0x10001b4c       0x40 CMakeFiles/HW9.dir/C_/Users/17155/ME433/Pico/pico-sdk/src/rp2_common/hardware_timer/timer.c.obj
                0x10001b4c                hardware_alarm_cancel
 .text.ph_add_child_node
                0x10001b8c       0xa4 CMakeFiles/HW9.dir/C_/Users/17155/ME433/Pico/pico-sdk/src/common/pico_util/pheap.c.obj
 .text.ph_merge_nodes
                0x10001c30       0x3e CMakeFiles/HW9.dir/C_/Users/17155/ME433/Pico/pico-sdk/src/common/pico_util/pheap.c.obj
 *fill*         0x10001c6e        0x2 
 .text.ph_clear
                0x10001c70       0x70 CMakeFiles/HW9.dir/C_/Users/17155/ME433/Pico/pico-sdk/src/common/pico_util/pheap.c.obj
                0x10001c70                ph_clear
 .text.ph_post_alloc_init
                0x10001ce0        0xe CMakeFiles/HW9.dir/C_/Users/17155/ME433/Pico/pico-sdk/src/common/pico_util/pheap.c.obj
                0x10001ce0                ph_post_alloc_init
 *fill*         0x10001cee        0x2 
 .text.ph_merge_two_pass
                0x10001cf0       0xa8 CMakeFiles/HW9.dir/C_/Users/17155/ME433/Pico/pico-sdk/src/common/pico_util/pheap.c.obj
                0x10001cf0                ph_merge_two_pass
 .text.ph_remove_any_head
                0x10001d98      0x128 CMakeFiles/HW9.dir/C_/Users/17155/ME433/Pico/pico-sdk/src/common/pico_util/pheap.c.obj
 .text.ph_remove_head
                0x10001ec0       0x14 CMakeFiles/HW9.dir/C_/Users/17155/ME433/Pico/pico-sdk/src/common/pico_util/pheap.c.obj
                0x10001ec0                ph_remove_head
 .text.ph_remove_and_free_node
                0x10001ed4       0xf8 CMakeFiles/HW9.dir/C_/Users/17155/ME433/Pico/pico-sdk/src/common/pico_util/pheap.c.obj
                0x10001ed4                ph_remove_and_free_node
 .text.uart_disable_before_lcr_write
                0x10001fcc       0x48 CMakeFiles/HW9.dir/C_/Users/17155/ME433/Pico/pico-sdk/src/rp2_common/hardware_uart/uart.c.obj
 .text.uart_write_lcr_bits_masked
                0x10002014       0x22 CMakeFiles/HW9.dir/C_/Users/17155/ME433/Pico/pico-sdk/src/rp2_common/hardware_uart/uart.c.obj
 *fill*         0x10002036        0x2 
 .text.uart_set_baudrate
                0x10002038       0x5c CMakeFiles/HW9.dir/C_/Users/17155/ME433/Pico/pico-sdk/src/rp2_common/hardware_uart/uart.c.obj
                0x10002038                uart_set_baudrate
 .text.uart_set_format
                0x10002094       0x2c CMakeFiles/HW9.dir/C_/Users/17155/ME433/Pico/pico-sdk/src/rp2_common/hardware_uart/uart.c.obj
                0x10002094                uart_set_format
 .text.uart_set_fifo_enabled
                0x100020c0       0x10 CMakeFiles/HW9.dir/C_/Users/17155/ME433/Pico/pico-sdk/src/rp2_common/hardware_uart/uart.c.obj
                0x100020c0                uart_set_fifo_enabled
 .text.uart_set_translate_crlf
                0x100020d0       0x28 CMakeFiles/HW9.dir/C_/Users/17155/ME433/Pico/pico-sdk/src/rp2_common/hardware_uart/uart.c.obj
                0x100020d0                uart_set_translate_crlf
 .text.uart_init
                0x100020f8       0x80 CMakeFiles/HW9.dir/C_/Users/17155/ME433/Pico/pico-sdk/src/rp2_common/hardware_uart/uart.c.obj
                0x100020f8                uart_init
 .text.clock_configure
                0x10002178      0x108 CMakeFiles/HW9.dir/C_/Users/17155/ME433/Pico/pico-sdk/src/rp2_common/hardware_clocks/clocks.c.obj
                0x10002178                clock_configure
 .text.clocks_init
                0x10002280      0x100 CMakeFiles/HW9.dir/C_/Users/17155/ME433/Pico/pico-sdk/src/rp2_common/hardware_clocks/clocks.c.obj
                0x10002280                clocks_init
 .text.clock_get_hz
                0x10002380        0xc CMakeFiles/HW9.dir/C_/Users/17155/ME433/Pico/pico-sdk/src/rp2_common/hardware_clocks/clocks.c.obj
                0x10002380                clock_get_hz
 .text.pll_init
                0x1000238c      0x120 CMakeFiles/HW9.dir/C_/Users/17155/ME433/Pico/pico-sdk/src/rp2_common/hardware_pll/pll.c.obj
                0x1000238c                pll_init
 .text.watchdog_start_tick
                0x100024ac       0x10 CMakeFiles/HW9.dir/C_/Users/17155/ME433/Pico/pico-sdk/src/rp2_common/hardware_watchdog/watchdog.c.obj
                0x100024ac                watchdog_start_tick
 .text.watchdog_update
                0x100024bc       0x14 CMakeFiles/HW9.dir/C_/Users/17155/ME433/Pico/pico-sdk/src/rp2_common/hardware_watchdog/watchdog.c.obj
                0x100024bc                watchdog_update
 .text._watchdog_enable
                0x100024d0       0x78 CMakeFiles/HW9.dir/C_/Users/17155/ME433/Pico/pico-sdk/src/rp2_common/hardware_watchdog/watchdog.c.obj
                0x100024d0                _watchdog_enable
 .text.watchdog_reboot
                0x10002548       0x48 CMakeFiles/HW9.dir/C_/Users/17155/ME433/Pico/pico-sdk/src/rp2_common/hardware_watchdog/watchdog.c.obj
                0x10002548                watchdog_reboot
 .text.xosc_init
                0x10002590       0x28 CMakeFiles/HW9.dir/C_/Users/17155/ME433/Pico/pico-sdk/src/rp2_common/hardware_xosc/xosc.c.obj
                0x10002590                xosc_init
 .text._exit    0x100025b8        0x4 CMakeFiles/HW9.dir/C_/Users/17155/ME433/Pico/pico-sdk/src/rp2_common/pico_runtime/runtime.c.obj
                0x100025b8                _exit
 .text._sbrk    0x100025bc       0x38 CMakeFiles/HW9.dir/C_/Users/17155/ME433/Pico/pico-sdk/src/rp2_common/pico_runtime/runtime.c.obj
                0x100025bc                _sbrk
 .text.exit     0x100025f4        0x6 CMakeFiles/HW9.dir/C_/Users/17155/ME433/Pico/pico-sdk/src/rp2_common/pico_runtime/runtime.c.obj
                0x100025f4                exit
 *fill*         0x100025fa        0x2 
 .text.__assert_func
                0x100025fc       0x3c CMakeFiles/HW9.dir/C_/Users/17155/ME433/Pico/pico-sdk/src/rp2_common/pico_runtime/runtime.c.obj
                0x100025fc                __assert_func
 .text.runtime_init
                0x10002638       0xf8 CMakeFiles/HW9.dir/C_/Users/17155/ME433/Pico/pico-sdk/src/rp2_common/pico_runtime/runtime.c.obj
                0x10002638                runtime_init
 .text.panic    0x10002730       0x30 CMakeFiles/HW9.dir/C_/Users/17155/ME433/Pico/pico-sdk/src/rp2_common/pico_runtime/runtime.c.obj
                0x10002730                panic
 .text._out_buffer
                0x10002760        0x8 CMakeFiles/HW9.dir/C_/Users/17155/ME433/Pico/pico-sdk/src/rp2_common/pico_printf/printf.c.obj
 .text._out_null
                0x10002768        0x2 CMakeFiles/HW9.dir/C_/Users/17155/ME433/Pico/pico-sdk/src/rp2_common/pico_printf/printf.c.obj
 .text._out_fct
                0x1000276a        0xe CMakeFiles/HW9.dir/C_/Users/17155/ME433/Pico/pico-sdk/src/rp2_common/pico_printf/printf.c.obj
 .text._atoi    0x10002778       0x24 CMakeFiles/HW9.dir/C_/Users/17155/ME433/Pico/pico-sdk/src/rp2_common/pico_printf/printf.c.obj
 .text._out_rev
                0x1000279c       0xae CMakeFiles/HW9.dir/C_/Users/17155/ME433/Pico/pico-sdk/src/rp2_common/pico_printf/printf.c.obj
 .text._ntoa_format
                0x1000284a      0x112 CMakeFiles/HW9.dir/C_/Users/17155/ME433/Pico/pico-sdk/src/rp2_common/pico_printf/printf.c.obj
 .text._ntoa_long
                0x1000295c       0xbc CMakeFiles/HW9.dir/C_/Users/17155/ME433/Pico/pico-sdk/src/rp2_common/pico_printf/printf.c.obj
 .text._ntoa_long_long
                0x10002a18       0xe2 CMakeFiles/HW9.dir/C_/Users/17155/ME433/Pico/pico-sdk/src/rp2_common/pico_printf/printf.c.obj
 *fill*         0x10002afa        0x2 
 .text._etoa    0x10002afc      0x414 CMakeFiles/HW9.dir/C_/Users/17155/ME433/Pico/pico-sdk/src/rp2_common/pico_printf/printf.c.obj
 .text._ftoa    0x10002f10      0x354 CMakeFiles/HW9.dir/C_/Users/17155/ME433/Pico/pico-sdk/src/rp2_common/pico_printf/printf.c.obj
 .text._vsnprintf
                0x10003264      0x624 CMakeFiles/HW9.dir/C_/Users/17155/ME433/Pico/pico-sdk/src/rp2_common/pico_printf/printf.c.obj
 .text.__wrap_sprintf
                0x10003888       0x28 CMakeFiles/HW9.dir/C_/Users/17155/ME433/Pico/pico-sdk/src/rp2_common/pico_printf/printf.c.obj
                0x10003888                __wrap_sprintf
 .text.vfctprintf
                0x100038b0       0x20 CMakeFiles/HW9.dir/C_/Users/17155/ME433/Pico/pico-sdk/src/rp2_common/pico_printf/printf.c.obj
                0x100038b0                vfctprintf
 .text          0x100038d0       0x10 CMakeFiles/HW9.dir/C_/Users/17155/ME433/Pico/pico-sdk/src/rp2_common/pico_bit_ops/bit_ops_aeabi.S.obj
 .text.rom_func_lookup
                0x100038e0       0x10 CMakeFiles/HW9.dir/C_/Users/17155/ME433/Pico/pico-sdk/src/rp2_common/pico_bootrom/bootrom.c.obj
                0x100038e0                rom_func_lookup
 .text.rom_data_lookup
                0x100038f0       0x10 CMakeFiles/HW9.dir/C_/Users/17155/ME433/Pico/pico-sdk/src/rp2_common/pico_bootrom/bootrom.c.obj
                0x100038f0                rom_data_lookup
 .text.rom_funcs_lookup
                0x10003900       0x36 CMakeFiles/HW9.dir/C_/Users/17155/ME433/Pico/pico-sdk/src/rp2_common/pico_bootrom/bootrom.c.obj
                0x10003900                rom_funcs_lookup
 *fill*         0x10003936        0x2 
 .text.__wrap___aeabi_idiv
                0x10003938       0x50 CMakeFiles/HW9.dir/C_/Users/17155/ME433/Pico/pico-sdk/src/rp2_common/pico_divider/divider.S.obj
                0x10003938                __wrap___aeabi_idivmod
                0x10003938                divmod_s32s32
                0x10003938                div_s32s32
                0x10003938                __wrap___aeabi_idiv
                0x10003940                divmod_s32s32_unsafe
                0x1000396c                divmod_s32s32_savestate
 .text.__wrap___aeabi_uidiv
                0x10003988       0x4c CMakeFiles/HW9.dir/C_/Users/17155/ME433/Pico/pico-sdk/src/rp2_common/pico_divider/divider.S.obj
                0x10003988                __wrap___aeabi_uidiv
                0x10003988                __wrap___aeabi_uidivmod
                0x10003988                div_u32u32
                0x10003988                divmod_u32u32
                0x10003990                divmod_u32u32_unsafe
                0x100039b8                divmod_u32u32_savestate
 .text.__wrap___aeabi_ldiv
                0x100039d4      0x424 CMakeFiles/HW9.dir/C_/Users/17155/ME433/Pico/pico-sdk/src/rp2_common/pico_divider/divider.S.obj
                0x100039d4                div_s64s64
                0x100039d4                divmod_s64s64
                0x100039d4                __wrap___aeabi_ldivmod
                0x10003a04                divmod_u64u64
                0x10003a04                div_u64u64
                0x10003a04                __wrap___aeabi_uldivmod
                0x10003a14                divmod_u64u64_savestate
                0x10003a34                divmod_s64s64_unsafe
                0x10003abc                divmod_u64u64_unsafe
 .text.__wrap___aeabi_darithmetic
                0x10003df8       0x80 CMakeFiles/HW9.dir/C_/Users/17155/ME433/Pico/pico-sdk/src/rp2_common/pico_double/double_aeabi.S.obj
                0x10003df8                __wrap___aeabi_drsub
                0x10003dfe                __wrap___aeabi_dsub
                0x10003e10                __wrap___aeabi_dadd
                0x10003e22                __wrap___aeabi_ddiv
                0x10003e5e                __wrap___aeabi_dmul
 .text.__wrap___aeabi_cdcmple
                0x10003e78       0x6c CMakeFiles/HW9.dir/C_/Users/17155/ME433/Pico/pico-sdk/src/rp2_common/pico_double/double_aeabi.S.obj
                0x10003e78                __wrap___aeabi_cdrcmple
                0x10003e88                __wrap___aeabi_cdcmpeq
                0x10003e88                __wrap___aeabi_cdcmple
 .text.__wrap___aeabi_dcmpeq
                0x10003ee4       0x10 CMakeFiles/HW9.dir/C_/Users/17155/ME433/Pico/pico-sdk/src/rp2_common/pico_double/double_aeabi.S.obj
                0x10003ee4                __wrap___aeabi_dcmpeq
 .text.__wrap___aeabi_dcmplt
                0x10003ef4        0xc CMakeFiles/HW9.dir/C_/Users/17155/ME433/Pico/pico-sdk/src/rp2_common/pico_double/double_aeabi.S.obj
                0x10003ef4                __wrap___aeabi_dcmplt
 .text.__wrap___aeabi_dcmple
                0x10003f00       0x10 CMakeFiles/HW9.dir/C_/Users/17155/ME433/Pico/pico-sdk/src/rp2_common/pico_double/double_aeabi.S.obj
                0x10003f00                __wrap___aeabi_dcmple
 .text.__wrap___aeabi_dcmpge
                0x10003f10       0x10 CMakeFiles/HW9.dir/C_/Users/17155/ME433/Pico/pico-sdk/src/rp2_common/pico_double/double_aeabi.S.obj
                0x10003f10                __wrap___aeabi_dcmpge
 .text.__wrap___aeabi_dcmpgt
                0x10003f20        0xa CMakeFiles/HW9.dir/C_/Users/17155/ME433/Pico/pico-sdk/src/rp2_common/pico_double/double_aeabi.S.obj
                0x10003f20                __wrap___aeabi_dcmpgt
 .text.__wrap___aeabi_dcmpun
                0x10003f2a       0x1c CMakeFiles/HW9.dir/C_/Users/17155/ME433/Pico/pico-sdk/src/rp2_common/pico_double/double_aeabi.S.obj
                0x10003f2a                __wrap___aeabi_dcmpun
 *fill*         0x10003f46        0x2 
 .text.__wrap___aeabi_i2d
                0x10003f48       0x38 CMakeFiles/HW9.dir/C_/Users/17155/ME433/Pico/pico-sdk/src/rp2_common/pico_double/double_aeabi.S.obj
                0x10003f48                __wrap___aeabi_ui2d
                0x10003f50                __wrap___aeabi_i2d
 .text.__wrap___aeabi_d2iz
                0x10003f80       0x48 CMakeFiles/HW9.dir/C_/Users/17155/ME433/Pico/pico-sdk/src/rp2_common/pico_double/double_aeabi.S.obj
                0x10003f80                double2int_z
                0x10003f80                __wrap___aeabi_d2iz
 .text.__wrap___aeabi_d2uiz
                0x10003fc8       0x18 CMakeFiles/HW9.dir/C_/Users/17155/ME433/Pico/pico-sdk/src/rp2_common/pico_double/double_aeabi.S.obj
                0x10003fc8                __wrap___aeabi_d2uiz
                0x10003fc8                double2uint
 .text.__wrap___aeabi_l2d
                0x10003fe0       0x18 CMakeFiles/HW9.dir/C_/Users/17155/ME433/Pico/pico-sdk/src/rp2_common/pico_double/double_aeabi.S.obj
                0x10003fe0                __wrap___aeabi_l2d
 .text.__wrap___aeabi_d2lz
                0x10003ff8       0x26 CMakeFiles/HW9.dir/C_/Users/17155/ME433/Pico/pico-sdk/src/rp2_common/pico_double/double_aeabi.S.obj
                0x10003ff8                double2int64_z
                0x10003ff8                __wrap___aeabi_d2lz
 *fill*         0x1000401e        0x2 
 .text.double2int64
                0x10004020       0x18 CMakeFiles/HW9.dir/C_/Users/17155/ME433/Pico/pico-sdk/src/rp2_common/pico_double/double_aeabi.S.obj
                0x10004020                double2int64
 .text.double2ufix64
                0x10004038       0x18 CMakeFiles/HW9.dir/C_/Users/17155/ME433/Pico/pico-sdk/src/rp2_common/pico_double/double_aeabi.S.obj
                0x10004038                double2ufix64
 .text.__wrap___aeabi_d2f
                0x10004050       0x18 CMakeFiles/HW9.dir/C_/Users/17155/ME433/Pico/pico-sdk/src/rp2_common/pico_double/double_aeabi.S.obj
                0x10004050                __wrap___aeabi_d2f
 .text.__aeabi_double_init
                0x10004068       0xc8 CMakeFiles/HW9.dir/C_/Users/17155/ME433/Pico/pico-sdk/src/rp2_common/pico_double/double_init_rom.c.obj
                0x10004068                __aeabi_double_init
 .text.double_table_shim_on_use_helper
                0x10004130       0x34 CMakeFiles/HW9.dir/C_/Users/17155/ME433/Pico/pico-sdk/src/rp2_common/pico_double/double_v1_rom_shim.S.obj
                0x10004130                double_table_shim_on_use_helper
 .text.__wrap___aeabi_dsub
                0x10004164       0x10 CMakeFiles/HW9.dir/C_/Users/17155/ME433/Pico/pico-sdk/src/rp2_common/pico_double/double_v1_rom_shim.S.obj
                0x10004164                drsub_shim
                0x1000416a                dsub_shim
 .text.dadd_shim
                0x10004174      0x15c CMakeFiles/HW9.dir/C_/Users/17155/ME433/Pico/pico-sdk/src/rp2_common/pico_double/double_v1_rom_shim.S.obj
                0x10004174                dadd_shim
 .text.dmul_shim
                0x100042d0      0x15c CMakeFiles/HW9.dir/C_/Users/17155/ME433/Pico/pico-sdk/src/rp2_common/pico_double/double_v1_rom_shim.S.obj
                0x100042d0                dmul_shim
 .text.ddiv_shim
                0x1000442c      0x1b0 CMakeFiles/HW9.dir/C_/Users/17155/ME433/Pico/pico-sdk/src/rp2_common/pico_double/double_v1_rom_shim.S.obj
                0x1000442c                ddiv_shim
 .text.double2uint_shim
                0x100045dc        0xe CMakeFiles/HW9.dir/C_/Users/17155/ME433/Pico/pico-sdk/src/rp2_common/pico_double/double_v1_rom_shim.S.obj
                0x100045dc                double2uint_shim
                0x100045de                double2ufix_shim
 .text.double2int64_shim
                0x100045ea       0x1a CMakeFiles/HW9.dir/C_/Users/17155/ME433/Pico/pico-sdk/src/rp2_common/pico_double/double_v1_rom_shim.S.obj
                0x100045ea                double2int64_shim
                0x100045ec                double2fix64_shim
 .text.double2uint64_shim
                0x10004604       0x70 CMakeFiles/HW9.dir/C_/Users/17155/ME433/Pico/pico-sdk/src/rp2_common/pico_double/double_v1_rom_shim.S.obj
                0x10004604                double2uint64_shim
                0x10004606                double2ufix64_shim
                0x10004626                d2fix_a
 .text.double2float_shim
                0x10004674       0x5c CMakeFiles/HW9.dir/C_/Users/17155/ME433/Pico/pico-sdk/src/rp2_common/pico_double/double_v1_rom_shim.S.obj
                0x10004674                double2float_shim
 .text.x2double_shims
                0x100046d0       0x90 CMakeFiles/HW9.dir/C_/Users/17155/ME433/Pico/pico-sdk/src/rp2_common/pico_double/double_v1_rom_shim.S.obj
                0x100046d0                uint2double_shim
                0x100046d2                ufix2double_shim
                0x100046d8                int2double_shim
                0x100046da                fix2double_shim
                0x100046e0                uint642double_shim
                0x100046e2                ufix642double_shim
                0x100046e8                int642double_shim
                0x100046ea                fix642double_shim
 .text.dunpacks
                0x10004760       0x3c CMakeFiles/HW9.dir/C_/Users/17155/ME433/Pico/pico-sdk/src/rp2_common/pico_double/double_v1_rom_shim.S.obj
                0x10004760                dunpacks
 .text.__aeabi_lmul
                0x1000479c       0x32 CMakeFiles/HW9.dir/C_/Users/17155/ME433/Pico/pico-sdk/src/rp2_common/pico_int64_ops/pico_int64_ops_aeabi.S.obj
                0x1000479c                __wrap___aeabi_lmul
 *fill*         0x100047ce        0x2 
 .text.__aeabi_float_init
                0x100047d0       0xfc CMakeFiles/HW9.dir/C_/Users/17155/ME433/Pico/pico-sdk/src/rp2_common/pico_float/float_init_rom.c.obj
                0x100047d0                __aeabi_float_init
 .text.float_table_shim_on_use_helper
                0x100048cc       0x34 CMakeFiles/HW9.dir/C_/Users/17155/ME433/Pico/pico-sdk/src/rp2_common/pico_float/float_v1_rom_shim.S.obj
                0x100048cc                float_table_shim_on_use_helper
 .text.__wrap_malloc
                0x10004900       0x24 CMakeFiles/HW9.dir/C_/Users/17155/ME433/Pico/pico-sdk/src/rp2_common/pico_malloc/pico_malloc.c.obj
                0x10004900                __wrap_malloc
 .text.__wrap_realloc
                0x10004924       0x24 CMakeFiles/HW9.dir/C_/Users/17155/ME433/Pico/pico-sdk/src/rp2_common/pico_malloc/pico_malloc.c.obj
                0x10004924                __wrap_realloc
 .text.__wrap_free
                0x10004948        0x8 CMakeFiles/HW9.dir/C_/Users/17155/ME433/Pico/pico-sdk/src/rp2_common/pico_malloc/pico_malloc.c.obj
                0x10004948                __wrap_free
 .text          0x10004950       0x10 CMakeFiles/HW9.dir/C_/Users/17155/ME433/Pico/pico-sdk/src/rp2_common/pico_mem_ops/mem_ops_aeabi.S.obj
                0x10004950                __aeabi_mem_init
 .text.memset   0x10004960        0xc CMakeFiles/HW9.dir/C_/Users/17155/ME433/Pico/pico-sdk/src/rp2_common/pico_mem_ops/mem_ops_aeabi.S.obj
                0x10004960                __wrap_memset
 .text.memcpy   0x1000496c        0xc CMakeFiles/HW9.dir/C_/Users/17155/ME433/Pico/pico-sdk/src/rp2_common/pico_mem_ops/mem_ops_aeabi.S.obj
                0x1000496c                __wrap_memcpy
                0x1000496c                __wrap___aeabi_memcpy
 .text.stdio_out_chars_no_crlf
                0x10004978        0xe CMakeFiles/HW9.dir/C_/Users/17155/ME433/Pico/pico-sdk/src/rp2_common/pico_stdio/stdio.c.obj
 *fill*         0x10004986        0x2 
 .text.stdio_out_chars_crlf
                0x10004988       0x80 CMakeFiles/HW9.dir/C_/Users/17155/ME433/Pico/pico-sdk/src/rp2_common/pico_stdio/stdio.c.obj
 .text.stdio_stack_buffer_flush
                0x10004a08       0x44 CMakeFiles/HW9.dir/C_/Users/17155/ME433/Pico/pico-sdk/src/rp2_common/pico_stdio/stdio.c.obj
 .text.stdio_buffered_printer
                0x10004a4c       0x20 CMakeFiles/HW9.dir/C_/Users/17155/ME433/Pico/pico-sdk/src/rp2_common/pico_stdio/stdio.c.obj
 .text.stdio_get_until
                0x10004a6c       0x80 CMakeFiles/HW9.dir/C_/Users/17155/ME433/Pico/pico-sdk/src/rp2_common/pico_stdio/stdio.c.obj
 .text.stdout_serialize_begin
                0x10004aec       0x5c CMakeFiles/HW9.dir/C_/Users/17155/ME433/Pico/pico-sdk/src/rp2_common/pico_stdio/stdio.c.obj
                0x10004aec                stdout_serialize_begin
 .text.stdout_serialize_end
                0x10004b48       0x10 CMakeFiles/HW9.dir/C_/Users/17155/ME433/Pico/pico-sdk/src/rp2_common/pico_stdio/stdio.c.obj
                0x10004b48                stdout_serialize_end
 .text.stdio_put_string
                0x10004b58       0x98 CMakeFiles/HW9.dir/C_/Users/17155/ME433/Pico/pico-sdk/src/rp2_common/pico_stdio/stdio.c.obj
 .text._read    0x10004bf0       0x24 CMakeFiles/HW9.dir/C_/Users/17155/ME433/Pico/pico-sdk/src/rp2_common/pico_stdio/stdio.c.obj
                0x10004bf0                _read
 .text._write   0x10004c14       0x22 CMakeFiles/HW9.dir/C_/Users/17155/ME433/Pico/pico-sdk/src/rp2_common/pico_stdio/stdio.c.obj
                0x10004c14                _write
 .text._close   0x10004c36        0x6 CMakeFiles/HW9.dir/C_/Users/17155/ME433/Pico/pico-sdk/src/rp2_common/pico_stdio/stdio.c.obj
                0x10004c36                _close
 .text._lseek   0x10004c3c        0x6 CMakeFiles/HW9.dir/C_/Users/17155/ME433/Pico/pico-sdk/src/rp2_common/pico_stdio/stdio.c.obj
                0x10004c3c                _lseek
 .text._fstat   0x10004c42        0x6 CMakeFiles/HW9.dir/C_/Users/17155/ME433/Pico/pico-sdk/src/rp2_common/pico_stdio/stdio.c.obj
                0x10004c42                _fstat
 .text._isatty  0x10004c48        0xc CMakeFiles/HW9.dir/C_/Users/17155/ME433/Pico/pico-sdk/src/rp2_common/pico_stdio/stdio.c.obj
                0x10004c48                _isatty
 .text.stdio_set_driver_enabled
                0x10004c54       0x2c CMakeFiles/HW9.dir/C_/Users/17155/ME433/Pico/pico-sdk/src/rp2_common/pico_stdio/stdio.c.obj
                0x10004c54                stdio_set_driver_enabled
 .text.stdio_flush
                0x10004c80       0x20 CMakeFiles/HW9.dir/C_/Users/17155/ME433/Pico/pico-sdk/src/rp2_common/pico_stdio/stdio.c.obj
                0x10004c80                stdio_flush
 .text.__wrap_puts
                0x10004ca0       0x1e CMakeFiles/HW9.dir/C_/Users/17155/ME433/Pico/pico-sdk/src/rp2_common/pico_stdio/stdio.c.obj
                0x10004ca0                __wrap_puts
 *fill*         0x10004cbe        0x2 
 .text.__wrap_vprintf
                0x10004cc0       0x40 CMakeFiles/HW9.dir/C_/Users/17155/ME433/Pico/pico-sdk/src/rp2_common/pico_stdio/stdio.c.obj
                0x10004cc0                __wrap_vprintf
 .text.__wrap_printf
                0x10004d00       0x18 CMakeFiles/HW9.dir/C_/Users/17155/ME433/Pico/pico-sdk/src/rp2_common/pico_stdio/stdio.c.obj
                0x10004d00                __wrap_printf
 .text.stdio_init_all
                0x10004d18        0x8 CMakeFiles/HW9.dir/C_/Users/17155/ME433/Pico/pico-sdk/src/rp2_common/pico_stdio/stdio.c.obj
                0x10004d18                stdio_init_all
 .text.resetd_init
                0x10004d20        0x2 CMakeFiles/HW9.dir/C_/Users/17155/ME433/Pico/pico-sdk/src/rp2_common/pico_stdio_usb/reset_interface.c.obj
 *fill*         0x10004d22        0x2 
 .text.resetd_reset
                0x10004d24        0xc CMakeFiles/HW9.dir/C_/Users/17155/ME433/Pico/pico-sdk/src/rp2_common/pico_stdio_usb/reset_interface.c.obj
 .text.resetd_open
                0x10004d30       0x34 CMakeFiles/HW9.dir/C_/Users/17155/ME433/Pico/pico-sdk/src/rp2_common/pico_stdio_usb/reset_interface.c.obj
 .text.resetd_xfer_cb
                0x10004d64        0x4 CMakeFiles/HW9.dir/C_/Users/17155/ME433/Pico/pico-sdk/src/rp2_common/pico_stdio_usb/reset_interface.c.obj
 .text.reset_usb_boot
                0x10004d68       0x18 CMakeFiles/HW9.dir/C_/Users/17155/ME433/Pico/pico-sdk/src/rp2_common/pico_stdio_usb/reset_interface.c.obj
 .text.resetd_control_xfer_cb
                0x10004d80       0x5c CMakeFiles/HW9.dir/C_/Users/17155/ME433/Pico/pico-sdk/src/rp2_common/pico_stdio_usb/reset_interface.c.obj
 .text.usbd_app_driver_get_cb
                0x10004ddc        0xc CMakeFiles/HW9.dir/C_/Users/17155/ME433/Pico/pico-sdk/src/rp2_common/pico_stdio_usb/reset_interface.c.obj
                0x10004ddc                usbd_app_driver_get_cb
 .text.tud_cdc_line_coding_cb
                0x10004de8       0x28 CMakeFiles/HW9.dir/C_/Users/17155/ME433/Pico/pico-sdk/src/rp2_common/pico_stdio_usb/reset_interface.c.obj
                0x10004de8                tud_cdc_line_coding_cb
 .text.stdio_usb_set_chars_available_callback
                0x10004e10       0x14 CMakeFiles/HW9.dir/C_/Users/17155/ME433/Pico/pico-sdk/src/rp2_common/pico_stdio_usb/stdio_usb.c.obj
                0x10004e10                stdio_usb_set_chars_available_callback
 .text.usb_irq  0x10004e24       0x10 CMakeFiles/HW9.dir/C_/Users/17155/ME433/Pico/pico-sdk/src/rp2_common/pico_stdio_usb/stdio_usb.c.obj
 .text.timer_task
                0x10004e34       0x5c CMakeFiles/HW9.dir/C_/Users/17155/ME433/Pico/pico-sdk/src/rp2_common/pico_stdio_usb/stdio_usb.c.obj
 .text.low_priority_worker_irq
                0x10004e90       0xdc CMakeFiles/HW9.dir/C_/Users/17155/ME433/Pico/pico-sdk/src/rp2_common/pico_stdio_usb/stdio_usb.c.obj
 .text.tud_cdc_rx_cb
                0x10004f6c       0x20 CMakeFiles/HW9.dir/C_/Users/17155/ME433/Pico/pico-sdk/src/rp2_common/pico_stdio_usb/stdio_usb.c.obj
                0x10004f6c                tud_cdc_rx_cb
 .text.stdio_usb_init
                0x10004f8c      0x11c CMakeFiles/HW9.dir/C_/Users/17155/ME433/Pico/pico-sdk/src/rp2_common/pico_stdio_usb/stdio_usb.c.obj
                0x10004f8c                stdio_usb_init
 .text.stdio_usb_connected
                0x100050a8        0xa CMakeFiles/HW9.dir/C_/Users/17155/ME433/Pico/pico-sdk/src/rp2_common/pico_stdio_usb/stdio_usb.c.obj
                0x100050a8                stdio_usb_connected
 *fill*         0x100050b2        0x2 
 .text.stdio_usb_in_chars
                0x100050b4       0xc4 CMakeFiles/HW9.dir/C_/Users/17155/ME433/Pico/pico-sdk/src/rp2_common/pico_stdio_usb/stdio_usb.c.obj
                0x100050b4                stdio_usb_in_chars
 .text.stdio_usb_out_chars
                0x10005178      0x114 CMakeFiles/HW9.dir/C_/Users/17155/ME433/Pico/pico-sdk/src/rp2_common/pico_stdio_usb/stdio_usb.c.obj
 .text.tud_descriptor_device_cb
                0x1000528c        0x8 CMakeFiles/HW9.dir/C_/Users/17155/ME433/Pico/pico-sdk/src/rp2_common/pico_stdio_usb/stdio_usb_descriptors.c.obj
                0x1000528c                tud_descriptor_device_cb
 .text.tud_descriptor_configuration_cb
                0x10005294        0x8 CMakeFiles/HW9.dir/C_/Users/17155/ME433/Pico/pico-sdk/src/rp2_common/pico_stdio_usb/stdio_usb_descriptors.c.obj
                0x10005294                tud_descriptor_configuration_cb
 .text.tud_descriptor_string_cb
                0x1000529c       0x6c CMakeFiles/HW9.dir/C_/Users/17155/ME433/Pico/pico-sdk/src/rp2_common/pico_stdio_usb/stdio_usb_descriptors.c.obj
                0x1000529c                tud_descriptor_string_cb
 .text._retrieve_unique_id_on_boot
                0x10005308       0x10 CMakeFiles/HW9.dir/C_/Users/17155/ME433/Pico/pico-sdk/src/rp2_common/pico_unique_id/unique_id.c.obj
 .text.pico_get_unique_board_id_string
                0x10005318       0x60 CMakeFiles/HW9.dir/C_/Users/17155/ME433/Pico/pico-sdk/src/rp2_common/pico_unique_id/unique_id.c.obj
                0x10005318                pico_get_unique_board_id_string
 .text.flash_get_unique_id
                0x10005378       0x46 CMakeFiles/HW9.dir/C_/Users/17155/ME433/Pico/pico-sdk/src/rp2_common/hardware_flash/flash.c.obj
                0x10005378                flash_get_unique_id
 *fill*         0x100053be        0x2 
 .text.hw_endpoint_get_by_addr
                0x100053c0       0x18 CMakeFiles/HW9.dir/C_/Users/17155/ME433/Pico/pico-sdk/lib/tinyusb/src/portable/raspberrypi/rp2040/dcd_rp2040.c.obj
 .text._hw_endpoint_alloc
                0x100053d8       0x70 CMakeFiles/HW9.dir/C_/Users/17155/ME433/Pico/pico-sdk/lib/tinyusb/src/portable/raspberrypi/rp2040/dcd_rp2040.c.obj
 .text.hw_endpoint_init
                0x10005448       0x88 CMakeFiles/HW9.dir/C_/Users/17155/ME433/Pico/pico-sdk/lib/tinyusb/src/portable/raspberrypi/rp2040/dcd_rp2040.c.obj
 .text.hw_endpoint_xfer
                0x100054d0       0x14 CMakeFiles/HW9.dir/C_/Users/17155/ME433/Pico/pico-sdk/lib/tinyusb/src/portable/raspberrypi/rp2040/dcd_rp2040.c.obj
 .text.dcd_int_enable
                0x100054e4       0x2c CMakeFiles/HW9.dir/C_/Users/17155/ME433/Pico/pico-sdk/lib/tinyusb/src/portable/raspberrypi/rp2040/dcd_rp2040.c.obj
                0x100054e4                dcd_int_enable
 .text.dcd_set_address
                0x10005510       0x2c CMakeFiles/HW9.dir/C_/Users/17155/ME433/Pico/pico-sdk/lib/tinyusb/src/portable/raspberrypi/rp2040/dcd_rp2040.c.obj
                0x10005510                dcd_set_address
 .text.dcd_connect
                0x1000553c       0x10 CMakeFiles/HW9.dir/C_/Users/17155/ME433/Pico/pico-sdk/lib/tinyusb/src/portable/raspberrypi/rp2040/dcd_rp2040.c.obj
                0x1000553c                dcd_connect
 .text.dcd_init
                0x1000554c       0x80 CMakeFiles/HW9.dir/C_/Users/17155/ME433/Pico/pico-sdk/lib/tinyusb/src/portable/raspberrypi/rp2040/dcd_rp2040.c.obj
                0x1000554c                dcd_init
 .text.dcd_edpt0_status_complete
                0x100055cc       0x1c CMakeFiles/HW9.dir/C_/Users/17155/ME433/Pico/pico-sdk/lib/tinyusb/src/portable/raspberrypi/rp2040/dcd_rp2040.c.obj
                0x100055cc                dcd_edpt0_status_complete
 .text.dcd_edpt_open
                0x100055e8       0x40 CMakeFiles/HW9.dir/C_/Users/17155/ME433/Pico/pico-sdk/lib/tinyusb/src/portable/raspberrypi/rp2040/dcd_rp2040.c.obj
                0x100055e8                dcd_edpt_open
 .text.dcd_edpt_close_all
                0x10005628        0x8 CMakeFiles/HW9.dir/C_/Users/17155/ME433/Pico/pico-sdk/lib/tinyusb/src/portable/raspberrypi/rp2040/dcd_rp2040.c.obj
                0x10005628                dcd_edpt_close_all
 .text.dcd_edpt_xfer
                0x10005630       0x34 CMakeFiles/HW9.dir/C_/Users/17155/ME433/Pico/pico-sdk/lib/tinyusb/src/portable/raspberrypi/rp2040/dcd_rp2040.c.obj
                0x10005630                dcd_edpt_xfer
 .text.dcd_edpt_stall
                0x10005664       0x2c CMakeFiles/HW9.dir/C_/Users/17155/ME433/Pico/pico-sdk/lib/tinyusb/src/portable/raspberrypi/rp2040/dcd_rp2040.c.obj
                0x10005664                dcd_edpt_stall
 .text.dcd_edpt_clear_stall
                0x10005690       0x20 CMakeFiles/HW9.dir/C_/Users/17155/ME433/Pico/pico-sdk/lib/tinyusb/src/portable/raspberrypi/rp2040/dcd_rp2040.c.obj
                0x10005690                dcd_edpt_clear_stall
 .text.rp2040_usb_init
                0x100056b0       0x4c CMakeFiles/HW9.dir/C_/Users/17155/ME433/Pico/pico-sdk/lib/tinyusb/src/portable/raspberrypi/rp2040/rp2040_usb.c.obj
                0x100056b0                rp2040_usb_init
 .text.hw_endpoint_xfer_start
                0x100056fc       0x50 CMakeFiles/HW9.dir/C_/Users/17155/ME433/Pico/pico-sdk/lib/tinyusb/src/portable/raspberrypi/rp2040/rp2040_usb.c.obj
                0x100056fc                hw_endpoint_xfer_start
 .text.configuration_reset
                0x1000574c       0x84 CMakeFiles/HW9.dir/C_/Users/17155/ME433/Pico/pico-sdk/lib/tinyusb/src/device/usbd.c.obj
 .text.usbd_reset
                0x100057d0        0xc CMakeFiles/HW9.dir/C_/Users/17155/ME433/Pico/pico-sdk/lib/tinyusb/src/device/usbd.c.obj
 .text.invoke_class_control
                0x100057dc       0x1a CMakeFiles/HW9.dir/C_/Users/17155/ME433/Pico/pico-sdk/lib/tinyusb/src/device/usbd.c.obj
 *fill*         0x100057f6        0x2 
 .text.process_set_config
                0x100057f8      0x178 CMakeFiles/HW9.dir/C_/Users/17155/ME433/Pico/pico-sdk/lib/tinyusb/src/device/usbd.c.obj
 .text.process_get_descriptor
                0x10005970       0xdc CMakeFiles/HW9.dir/C_/Users/17155/ME433/Pico/pico-sdk/lib/tinyusb/src/device/usbd.c.obj
 .text.tud_mounted
                0x10005a4c       0x10 CMakeFiles/HW9.dir/C_/Users/17155/ME433/Pico/pico-sdk/lib/tinyusb/src/device/usbd.c.obj
                0x10005a4c                tud_mounted
 .text.tud_suspended
                0x10005a5c       0x10 CMakeFiles/HW9.dir/C_/Users/17155/ME433/Pico/pico-sdk/lib/tinyusb/src/device/usbd.c.obj
                0x10005a5c                tud_suspended
 .text.tud_inited
                0x10005a6c       0x14 CMakeFiles/HW9.dir/C_/Users/17155/ME433/Pico/pico-sdk/lib/tinyusb/src/device/usbd.c.obj
                0x10005a6c                tud_inited
 .text.tud_init
                0x10005a80       0xcc CMakeFiles/HW9.dir/C_/Users/17155/ME433/Pico/pico-sdk/lib/tinyusb/src/device/usbd.c.obj
                0x10005a80                tud_init
 .text.usbd_defer_func
                0x10005b4c       0x2a CMakeFiles/HW9.dir/C_/Users/17155/ME433/Pico/pico-sdk/lib/tinyusb/src/device/usbd.c.obj
                0x10005b4c                usbd_defer_func
 *fill*         0x10005b76        0x2 
 .text.usbd_edpt_open
                0x10005b78       0x34 CMakeFiles/HW9.dir/C_/Users/17155/ME433/Pico/pico-sdk/lib/tinyusb/src/device/usbd.c.obj
                0x10005b78                usbd_edpt_open
 .text.usbd_open_edpt_pair
                0x10005bac       0x62 CMakeFiles/HW9.dir/C_/Users/17155/ME433/Pico/pico-sdk/lib/tinyusb/src/device/usbd.c.obj
                0x10005bac                usbd_open_edpt_pair
 *fill*         0x10005c0e        0x2 
 .text.usbd_edpt_claim
                0x10005c10       0x28 CMakeFiles/HW9.dir/C_/Users/17155/ME433/Pico/pico-sdk/lib/tinyusb/src/device/usbd.c.obj
                0x10005c10                usbd_edpt_claim
 .text.usbd_edpt_release
                0x10005c38       0x28 CMakeFiles/HW9.dir/C_/Users/17155/ME433/Pico/pico-sdk/lib/tinyusb/src/device/usbd.c.obj
                0x10005c38                usbd_edpt_release
 .text.usbd_edpt_xfer
                0x10005c60       0x78 CMakeFiles/HW9.dir/C_/Users/17155/ME433/Pico/pico-sdk/lib/tinyusb/src/device/usbd.c.obj
                0x10005c60                usbd_edpt_xfer
 .text.usbd_edpt_stall
                0x10005cd8       0x48 CMakeFiles/HW9.dir/C_/Users/17155/ME433/Pico/pico-sdk/lib/tinyusb/src/device/usbd.c.obj
                0x10005cd8                usbd_edpt_stall
 .text.usbd_edpt_clear_stall
                0x10005d20       0x48 CMakeFiles/HW9.dir/C_/Users/17155/ME433/Pico/pico-sdk/lib/tinyusb/src/device/usbd.c.obj
                0x10005d20                usbd_edpt_clear_stall
 .text.usbd_edpt_stalled
                0x10005d68       0x1c CMakeFiles/HW9.dir/C_/Users/17155/ME433/Pico/pico-sdk/lib/tinyusb/src/device/usbd.c.obj
                0x10005d68                usbd_edpt_stalled
 .text.process_control_request
                0x10005d84      0x37c CMakeFiles/HW9.dir/C_/Users/17155/ME433/Pico/pico-sdk/lib/tinyusb/src/device/usbd.c.obj
 .text.tud_task_ext
                0x10006100      0x1b8 CMakeFiles/HW9.dir/C_/Users/17155/ME433/Pico/pico-sdk/lib/tinyusb/src/device/usbd.c.obj
                0x10006100                tud_task_ext
 .text._data_stage_xact
                0x100062b8       0x58 CMakeFiles/HW9.dir/C_/Users/17155/ME433/Pico/pico-sdk/lib/tinyusb/src/device/usbd_control.c.obj
 .text.tud_control_status
                0x10006310       0x38 CMakeFiles/HW9.dir/C_/Users/17155/ME433/Pico/pico-sdk/lib/tinyusb/src/device/usbd_control.c.obj
                0x10006310                tud_control_status
 .text.tud_control_xfer
                0x10006348       0x74 CMakeFiles/HW9.dir/C_/Users/17155/ME433/Pico/pico-sdk/lib/tinyusb/src/device/usbd_control.c.obj
                0x10006348                tud_control_xfer
 .text.usbd_control_reset
                0x100063bc       0x14 CMakeFiles/HW9.dir/C_/Users/17155/ME433/Pico/pico-sdk/lib/tinyusb/src/device/usbd_control.c.obj
                0x100063bc                usbd_control_reset
 .text.usbd_control_set_complete_callback
                0x100063d0        0xc CMakeFiles/HW9.dir/C_/Users/17155/ME433/Pico/pico-sdk/lib/tinyusb/src/device/usbd_control.c.obj
                0x100063d0                usbd_control_set_complete_callback
 .text.usbd_control_set_request
                0x100063dc       0x1c CMakeFiles/HW9.dir/C_/Users/17155/ME433/Pico/pico-sdk/lib/tinyusb/src/device/usbd_control.c.obj
                0x100063dc                usbd_control_set_request
 .text.usbd_control_xfer_cb
                0x100063f8       0xcc CMakeFiles/HW9.dir/C_/Users/17155/ME433/Pico/pico-sdk/lib/tinyusb/src/device/usbd_control.c.obj
                0x100063f8                usbd_control_xfer_cb
 .text._prep_out_transaction
                0x100064c4       0x4a CMakeFiles/HW9.dir/C_/Users/17155/ME433/Pico/pico-sdk/lib/tinyusb/src/class/cdc/cdc_device.c.obj
 *fill*         0x1000650e        0x2 
 .text.tud_cdc_n_connected
                0x10006510       0x44 CMakeFiles/HW9.dir/C_/Users/17155/ME433/Pico/pico-sdk/lib/tinyusb/src/class/cdc/cdc_device.c.obj
                0x10006510                tud_cdc_n_connected
 .text.tud_cdc_n_available
                0x10006554       0x18 CMakeFiles/HW9.dir/C_/Users/17155/ME433/Pico/pico-sdk/lib/tinyusb/src/class/cdc/cdc_device.c.obj
                0x10006554                tud_cdc_n_available
 .text.tud_cdc_n_read
                0x1000656c       0x28 CMakeFiles/HW9.dir/C_/Users/17155/ME433/Pico/pico-sdk/lib/tinyusb/src/class/cdc/cdc_device.c.obj
                0x1000656c                tud_cdc_n_read
 .text.tud_cdc_n_write_flush
                0x10006594       0xb8 CMakeFiles/HW9.dir/C_/Users/17155/ME433/Pico/pico-sdk/lib/tinyusb/src/class/cdc/cdc_device.c.obj
                0x10006594                tud_cdc_n_write_flush
 .text.tud_cdc_n_write
                0x1000664c       0x38 CMakeFiles/HW9.dir/C_/Users/17155/ME433/Pico/pico-sdk/lib/tinyusb/src/class/cdc/cdc_device.c.obj
                0x1000664c                tud_cdc_n_write
 .text.tud_cdc_n_write_available
                0x10006684       0x1c CMakeFiles/HW9.dir/C_/Users/17155/ME433/Pico/pico-sdk/lib/tinyusb/src/class/cdc/cdc_device.c.obj
                0x10006684                tud_cdc_n_write_available
 .text.cdcd_init
                0x100066a0       0xbc CMakeFiles/HW9.dir/C_/Users/17155/ME433/Pico/pico-sdk/lib/tinyusb/src/class/cdc/cdc_device.c.obj
                0x100066a0                cdcd_init
 .text.cdcd_reset
                0x1000675c       0x44 CMakeFiles/HW9.dir/C_/Users/17155/ME433/Pico/pico-sdk/lib/tinyusb/src/class/cdc/cdc_device.c.obj
                0x1000675c                cdcd_reset
 .text.cdcd_open
                0x100067a0       0xcc CMakeFiles/HW9.dir/C_/Users/17155/ME433/Pico/pico-sdk/lib/tinyusb/src/class/cdc/cdc_device.c.obj
                0x100067a0                cdcd_open
 .text.cdcd_control_xfer_cb
                0x1000686c      0x134 CMakeFiles/HW9.dir/C_/Users/17155/ME433/Pico/pico-sdk/lib/tinyusb/src/class/cdc/cdc_device.c.obj
                0x1000686c                cdcd_control_xfer_cb
 .text.cdcd_xfer_cb
                0x100069a0      0x130 CMakeFiles/HW9.dir/C_/Users/17155/ME433/Pico/pico-sdk/lib/tinyusb/src/class/cdc/cdc_device.c.obj
                0x100069a0                cdcd_xfer_cb
 .text.tusb_init
                0x10006ad0        0xa CMakeFiles/HW9.dir/C_/Users/17155/ME433/Pico/pico-sdk/lib/tinyusb/src/tusb.c.obj
                0x10006ad0                tusb_init
 .text.tusb_inited
                0x10006ada        0xe CMakeFiles/HW9.dir/C_/Users/17155/ME433/Pico/pico-sdk/lib/tinyusb/src/tusb.c.obj
                0x10006ada                tusb_inited
 .text.tu_edpt_claim
                0x10006ae8       0x50 CMakeFiles/HW9.dir/C_/Users/17155/ME433/Pico/pico-sdk/lib/tinyusb/src/tusb.c.obj
                0x10006ae8                tu_edpt_claim
 .text.tu_edpt_release
                0x10006b38       0x3c CMakeFiles/HW9.dir/C_/Users/17155/ME433/Pico/pico-sdk/lib/tinyusb/src/tusb.c.obj
                0x10006b38                tu_edpt_release
 .text.tu_edpt_validate
                0x10006b74       0x78 CMakeFiles/HW9.dir/C_/Users/17155/ME433/Pico/pico-sdk/lib/tinyusb/src/tusb.c.obj
                0x10006b74                tu_edpt_validate
 .text.tu_edpt_bind_driver
                0x10006bec       0x26 CMakeFiles/HW9.dir/C_/Users/17155/ME433/Pico/pico-sdk/lib/tinyusb/src/tusb.c.obj
                0x10006bec                tu_edpt_bind_driver
 .text.advance_index
                0x10006c12       0x1a CMakeFiles/HW9.dir/C_/Users/17155/ME433/Pico/pico-sdk/lib/tinyusb/src/common/tusb_fifo.c.obj
 .text._tu_fifo_peek
                0x10006c2c       0x56 CMakeFiles/HW9.dir/C_/Users/17155/ME433/Pico/pico-sdk/lib/tinyusb/src/common/tusb_fifo.c.obj
 .text._ff_pull_const_addr
                0x10006c82       0x4c CMakeFiles/HW9.dir/C_/Users/17155/ME433/Pico/pico-sdk/lib/tinyusb/src/common/tusb_fifo.c.obj
 .text._ff_pull_n
                0x10006cce      0x110 CMakeFiles/HW9.dir/C_/Users/17155/ME433/Pico/pico-sdk/lib/tinyusb/src/common/tusb_fifo.c.obj
 .text._tu_fifo_peek_n
                0x10006dde       0x6a CMakeFiles/HW9.dir/C_/Users/17155/ME433/Pico/pico-sdk/lib/tinyusb/src/common/tusb_fifo.c.obj
 .text._tu_fifo_read_n
                0x10006e48       0x4e CMakeFiles/HW9.dir/C_/Users/17155/ME433/Pico/pico-sdk/lib/tinyusb/src/common/tusb_fifo.c.obj
 .text._ff_push_const_addr
                0x10006e96       0x40 CMakeFiles/HW9.dir/C_/Users/17155/ME433/Pico/pico-sdk/lib/tinyusb/src/common/tusb_fifo.c.obj
 .text._ff_push_n
                0x10006ed6      0x10c CMakeFiles/HW9.dir/C_/Users/17155/ME433/Pico/pico-sdk/lib/tinyusb/src/common/tusb_fifo.c.obj
 .text._tu_fifo_write_n
                0x10006fe2       0xf0 CMakeFiles/HW9.dir/C_/Users/17155/ME433/Pico/pico-sdk/lib/tinyusb/src/common/tusb_fifo.c.obj
 .text.tu_fifo_config
                0x100070d2       0x7c CMakeFiles/HW9.dir/C_/Users/17155/ME433/Pico/pico-sdk/lib/tinyusb/src/common/tusb_fifo.c.obj
                0x100070d2                tu_fifo_config
 .text.tu_fifo_count
                0x1000714e       0x2a CMakeFiles/HW9.dir/C_/Users/17155/ME433/Pico/pico-sdk/lib/tinyusb/src/common/tusb_fifo.c.obj
                0x1000714e                tu_fifo_count
 .text.tu_fifo_empty
                0x10007178       0x10 CMakeFiles/HW9.dir/C_/Users/17155/ME433/Pico/pico-sdk/lib/tinyusb/src/common/tusb_fifo.c.obj
                0x10007178                tu_fifo_empty
 .text.tu_fifo_full
                0x10007188       0x28 CMakeFiles/HW9.dir/C_/Users/17155/ME433/Pico/pico-sdk/lib/tinyusb/src/common/tusb_fifo.c.obj
                0x10007188                tu_fifo_full
 .text.tu_fifo_remaining
                0x100071b0       0x2c CMakeFiles/HW9.dir/C_/Users/17155/ME433/Pico/pico-sdk/lib/tinyusb/src/common/tusb_fifo.c.obj
                0x100071b0                tu_fifo_remaining
 .text.tu_fifo_read
                0x100071dc       0x42 CMakeFiles/HW9.dir/C_/Users/17155/ME433/Pico/pico-sdk/lib/tinyusb/src/common/tusb_fifo.c.obj
                0x100071dc                tu_fifo_read
 .text.tu_fifo_read_n
                0x1000721e        0xa CMakeFiles/HW9.dir/C_/Users/17155/ME433/Pico/pico-sdk/lib/tinyusb/src/common/tusb_fifo.c.obj
                0x1000721e                tu_fifo_read_n
 .text.tu_fifo_write
                0x10007228       0x64 CMakeFiles/HW9.dir/C_/Users/17155/ME433/Pico/pico-sdk/lib/tinyusb/src/common/tusb_fifo.c.obj
                0x10007228                tu_fifo_write
 .text.tu_fifo_write_n
                0x1000728c        0xa CMakeFiles/HW9.dir/C_/Users/17155/ME433/Pico/pico-sdk/lib/tinyusb/src/common/tusb_fifo.c.obj
                0x1000728c                tu_fifo_write_n
 .text.tu_fifo_clear
                0x10007296       0x3e CMakeFiles/HW9.dir/C_/Users/17155/ME433/Pico/pico-sdk/lib/tinyusb/src/common/tusb_fifo.c.obj
                0x10007296                tu_fifo_clear
 .text.tu_fifo_set_overwritable
                0x100072d4       0x46 CMakeFiles/HW9.dir/C_/Users/17155/ME433/Pico/pico-sdk/lib/tinyusb/src/common/tusb_fifo.c.obj
                0x100072d4                tu_fifo_set_overwritable
 *fill*         0x1000731a        0x2 
 .text._calloc_r
                0x1000731c       0x9c c:/program files (x86)/gnu arm embedded toolchain/10 2021.10/bin/../lib/gcc/arm-none-eabi/10.3.1/../../../../arm-none-eabi/lib/thumb/v6-m/nofp\libg.a(lib_a-callocr.o)
                0x1000731c                _calloc_r
 .text.__errno  0x100073b8        0xc c:/program files (x86)/gnu arm embedded toolchain/10 2021.10/bin/../lib/gcc/arm-none-eabi/10.3.1/../../../../arm-none-eabi/lib/thumb/v6-m/nofp\libg.a(lib_a-errno.o)
                0x100073b8                __errno
 .text.malloc   0x100073c4       0x14 c:/program files (x86)/gnu arm embedded toolchain/10 2021.10/bin/../lib/gcc/arm-none-eabi/10.3.1/../../../../arm-none-eabi/lib/thumb/v6-m/nofp\libg.a(lib_a-malloc.o)
                0x100073c4                malloc
 .text.free     0x100073d8       0x14 c:/program files (x86)/gnu arm embedded toolchain/10 2021.10/bin/../lib/gcc/arm-none-eabi/10.3.1/../../../../arm-none-eabi/lib/thumb/v6-m/nofp\libg.a(lib_a-malloc.o)
                0x100073d8                free
 .text._malloc_r
                0x100073ec      0x584 c:/program files (x86)/gnu arm embedded toolchain/10 2021.10/bin/../lib/gcc/arm-none-eabi/10.3.1/../../../../arm-none-eabi/lib/thumb/v6-m/nofp\libg.a(lib_a-mallocr.o)
                0x100073ec                _malloc_r
 .text.__malloc_lock
                0x10007970       0x10 c:/program files (x86)/gnu arm embedded toolchain/10 2021.10/bin/../lib/gcc/arm-none-eabi/10.3.1/../../../../arm-none-eabi/lib/thumb/v6-m/nofp\libg.a(lib_a-mlock.o)
                0x10007970                __malloc_lock
 .text.__malloc_unlock
                0x10007980       0x10 c:/program files (x86)/gnu arm embedded toolchain/10 2021.10/bin/../lib/gcc/arm-none-eabi/10.3.1/../../../../arm-none-eabi/lib/thumb/v6-m/nofp\libg.a(lib_a-mlock.o)
                0x10007980                __malloc_unlock
 .text.realloc  0x10007990       0x18 c:/program files (x86)/gnu arm embedded toolchain/10 2021.10/bin/../lib/gcc/arm-none-eabi/10.3.1/../../../../arm-none-eabi/lib/thumb/v6-m/nofp\libg.a(lib_a-realloc.o)
                0x10007990                realloc
 .text._realloc_r
                0x100079a8      0x354 c:/program files (x86)/gnu arm embedded toolchain/10 2021.10/bin/../lib/gcc/arm-none-eabi/10.3.1/../../../../arm-none-eabi/lib/thumb/v6-m/nofp\libg.a(lib_a-reallocr.o)
                0x100079a8                _realloc_r
 .text._sbrk_r  0x10007cfc       0x24 c:/program files (x86)/gnu arm embedded toolchain/10 2021.10/bin/../lib/gcc/arm-none-eabi/10.3.1/../../../../arm-none-eabi/lib/thumb/v6-m/nofp\libg.a(lib_a-sbrkr.o)
                0x10007cfc                _sbrk_r
 .text.scanf    0x10007d20       0x24 c:/program files (x86)/gnu arm embedded toolchain/10 2021.10/bin/../lib/gcc/arm-none-eabi/10.3.1/../../../../arm-none-eabi/lib/thumb/v6-m/nofp\libg.a(lib_a-scanf.o)
                0x10007d20                scanf
 .text.strlen   0x10007d44       0x5c c:/program files (x86)/gnu arm embedded toolchain/10 2021.10/bin/../lib/gcc/arm-none-eabi/10.3.1/../../../../arm-none-eabi/lib/thumb/v6-m/nofp\libg.a(lib_a-strlen-stub.o)
                0x10007d44                strlen
 .text.__svfscanf_r
                0x10007da0     0x17d8 c:/program files (x86)/gnu arm embedded toolchain/10 2021.10/bin/../lib/gcc/arm-none-eabi/10.3.1/../../../../arm-none-eabi/lib/thumb/v6-m/nofp\libg.a(lib_a-vfscanf.o)
                0x10007da0                __svfscanf_r
 .text._vfscanf_r
                0x10009578       0x28 c:/program files (x86)/gnu arm embedded toolchain/10 2021.10/bin/../lib/gcc/arm-none-eabi/10.3.1/../../../../arm-none-eabi/lib/thumb/v6-m/nofp\libg.a(lib_a-vfscanf.o)
                0x10009578                _vfscanf_r
 .text._cleanup_r
                0x100095a0       0x10 c:/program files (x86)/gnu arm embedded toolchain/10 2021.10/bin/../lib/gcc/arm-none-eabi/10.3.1/../../../../arm-none-eabi/lib/thumb/v6-m/nofp\libg.a(lib_a-findfp.o)
                0x100095a0                _cleanup_r
 .text.__sinit  0x100095b0      0x120 c:/program files (x86)/gnu arm embedded toolchain/10 2021.10/bin/../lib/gcc/arm-none-eabi/10.3.1/../../../../arm-none-eabi/lib/thumb/v6-m/nofp\libg.a(lib_a-findfp.o)
                0x100095b0                __sinit
 .text.__sfp_lock_acquire
                0x100096d0       0x10 c:/program files (x86)/gnu arm embedded toolchain/10 2021.10/bin/../lib/gcc/arm-none-eabi/10.3.1/../../../../arm-none-eabi/lib/thumb/v6-m/nofp\libg.a(lib_a-findfp.o)
                0x100096d0                __sfp_lock_acquire
 .text.__sfp_lock_release
                0x100096e0       0x10 c:/program files (x86)/gnu arm embedded toolchain/10 2021.10/bin/../lib/gcc/arm-none-eabi/10.3.1/../../../../arm-none-eabi/lib/thumb/v6-m/nofp\libg.a(lib_a-findfp.o)
                0x100096e0                __sfp_lock_release
 .text._fread_r
                0x100096f0      0x1bc c:/program files (x86)/gnu arm embedded toolchain/10 2021.10/bin/../lib/gcc/arm-none-eabi/10.3.1/../../../../arm-none-eabi/lib/thumb/v6-m/nofp\libg.a(lib_a-fread.o)
                0x100096f0                _fread_r
 .text._malloc_trim_r
                0x100098ac       0x9c c:/program files (x86)/gnu arm embedded toolchain/10 2021.10/bin/../lib/gcc/arm-none-eabi/10.3.1/../../../../arm-none-eabi/lib/thumb/v6-m/nofp\libg.a(lib_a-freer.o)
                0x100098ac                _malloc_trim_r
 .text._free_r  0x10009948      0x1c4 c:/program files (x86)/gnu arm embedded toolchain/10 2021.10/bin/../lib/gcc/arm-none-eabi/10.3.1/../../../../arm-none-eabi/lib/thumb/v6-m/nofp\libg.a(lib_a-freer.o)
                0x10009948                _free_r
 .text._fwalk   0x10009b0c       0x40 c:/program files (x86)/gnu arm embedded toolchain/10 2021.10/bin/../lib/gcc/arm-none-eabi/10.3.1/../../../../arm-none-eabi/lib/thumb/v6-m/nofp\libg.a(lib_a-fwalk.o)
                0x10009b0c                _fwalk
 .text._fwalk_reent
                0x10009b4c       0x48 c:/program files (x86)/gnu arm embedded toolchain/10 2021.10/bin/../lib/gcc/arm-none-eabi/10.3.1/../../../../arm-none-eabi/lib/thumb/v6-m/nofp\libg.a(lib_a-fwalk.o)
                0x10009b4c                _fwalk_reent
 .text.iswspace
                0x10009b94        0xc c:/program files (x86)/gnu arm embedded toolchain/10 2021.10/bin/../lib/gcc/arm-none-eabi/10.3.1/../../../../arm-none-eabi/lib/thumb/v6-m/nofp\libg.a(lib_a-iswspace.o)
                0x10009b94                iswspace
 .text.iswspace_l
                0x10009ba0       0x18 c:/program files (x86)/gnu arm embedded toolchain/10 2021.10/bin/../lib/gcc/arm-none-eabi/10.3.1/../../../../arm-none-eabi/lib/thumb/v6-m/nofp\libg.a(lib_a-iswspace_l.o)
                0x10009ba0                iswspace_l
 .text.__locale_mb_cur_max
                0x10009bb8       0x10 c:/program files (x86)/gnu arm embedded toolchain/10 2021.10/bin/../lib/gcc/arm-none-eabi/10.3.1/../../../../arm-none-eabi/lib/thumb/v6-m/nofp\libg.a(lib_a-locale.o)
                0x10009bb8                __locale_mb_cur_max
 .text._localeconv_r
                0x10009bc8        0x8 c:/program files (x86)/gnu arm embedded toolchain/10 2021.10/bin/../lib/gcc/arm-none-eabi/10.3.1/../../../../arm-none-eabi/lib/thumb/v6-m/nofp\libg.a(lib_a-localeconv.o)
                0x10009bc8                _localeconv_r
 .text.__retarget_lock_init_recursive
                0x10009bd0        0x4 c:/program files (x86)/gnu arm embedded toolchain/10 2021.10/bin/../lib/gcc/arm-none-eabi/10.3.1/../../../../arm-none-eabi/lib/thumb/v6-m/nofp\libg.a(lib_a-lock.o)
                0x10009bd0                __retarget_lock_init_recursive
 .text.__retarget_lock_close_recursive
                0x10009bd4        0x4 c:/program files (x86)/gnu arm embedded toolchain/10 2021.10/bin/../lib/gcc/arm-none-eabi/10.3.1/../../../../arm-none-eabi/lib/thumb/v6-m/nofp\libg.a(lib_a-lock.o)
                0x10009bd4                __retarget_lock_close_recursive
 .text.__retarget_lock_acquire_recursive
                0x10009bd8        0x4 c:/program files (x86)/gnu arm embedded toolchain/10 2021.10/bin/../lib/gcc/arm-none-eabi/10.3.1/../../../../arm-none-eabi/lib/thumb/v6-m/nofp\libg.a(lib_a-lock.o)
                0x10009bd8                __retarget_lock_acquire_recursive
 .text.__retarget_lock_release_recursive
                0x10009bdc        0x4 c:/program files (x86)/gnu arm embedded toolchain/10 2021.10/bin/../lib/gcc/arm-none-eabi/10.3.1/../../../../arm-none-eabi/lib/thumb/v6-m/nofp\libg.a(lib_a-lock.o)
                0x10009bdc                __retarget_lock_release_recursive
 .text._mbrtowc_r
                0x10009be0       0x4c c:/program files (x86)/gnu arm embedded toolchain/10 2021.10/bin/../lib/gcc/arm-none-eabi/10.3.1/../../../../arm-none-eabi/lib/thumb/v6-m/nofp\libg.a(lib_a-mbrtowc.o)
                0x10009be0                _mbrtowc_r
 .text.__ascii_mbtowc
                0x10009c2c       0x2c c:/program files (x86)/gnu arm embedded toolchain/10 2021.10/bin/../lib/gcc/arm-none-eabi/10.3.1/../../../../arm-none-eabi/lib/thumb/v6-m/nofp\libg.a(lib_a-mbtowc_r.o)
                0x10009c2c                __ascii_mbtowc
 .text.memmove  0x10009c58       0xac c:/program files (x86)/gnu arm embedded toolchain/10 2021.10/bin/../lib/gcc/arm-none-eabi/10.3.1/../../../../arm-none-eabi/lib/thumb/v6-m/nofp\libg.a(lib_a-memmove.o)
                0x10009c58                memmove
 .text.lflush   0x10009d04       0x1c c:/program files (x86)/gnu arm embedded toolchain/10 2021.10/bin/../lib/gcc/arm-none-eabi/10.3.1/../../../../arm-none-eabi/lib/thumb/v6-m/nofp\libg.a(lib_a-refill.o)
 .text.__srefill_r
                0x10009d20      0x124 c:/program files (x86)/gnu arm embedded toolchain/10 2021.10/bin/../lib/gcc/arm-none-eabi/10.3.1/../../../../arm-none-eabi/lib/thumb/v6-m/nofp\libg.a(lib_a-refill.o)
                0x10009d20                __srefill_r
 .text.__sccl   0x10009e44       0x80 c:/program files (x86)/gnu arm embedded toolchain/10 2021.10/bin/../lib/gcc/arm-none-eabi/10.3.1/../../../../arm-none-eabi/lib/thumb/v6-m/nofp\libg.a(lib_a-sccl.o)
                0x10009e44                __sccl
 .text.nanf     0x10009ec4        0x8 c:/program files (x86)/gnu arm embedded toolchain/10 2021.10/bin/../lib/gcc/arm-none-eabi/10.3.1/../../../../arm-none-eabi/lib/thumb/v6-m/nofp\libg.a(lib_a-sf_nan.o)
                0x10009ec4                nanf
 .text.__sread  0x10009ecc       0x28 c:/program files (x86)/gnu arm embedded toolchain/10 2021.10/bin/../lib/gcc/arm-none-eabi/10.3.1/../../../../arm-none-eabi/lib/thumb/v6-m/nofp\libg.a(lib_a-stdio.o)
                0x10009ecc                __sread
 .text.__swrite
                0x10009ef4       0x40 c:/program files (x86)/gnu arm embedded toolchain/10 2021.10/bin/../lib/gcc/arm-none-eabi/10.3.1/../../../../arm-none-eabi/lib/thumb/v6-m/nofp\libg.a(lib_a-stdio.o)
                0x10009ef4                __swrite
 .text.__sseek  0x10009f34       0x2c c:/program files (x86)/gnu arm embedded toolchain/10 2021.10/bin/../lib/gcc/arm-none-eabi/10.3.1/../../../../arm-none-eabi/lib/thumb/v6-m/nofp\libg.a(lib_a-stdio.o)
                0x10009f34                __sseek
 .text.__sclose
                0x10009f60        0xc c:/program files (x86)/gnu arm embedded toolchain/10 2021.10/bin/../lib/gcc/arm-none-eabi/10.3.1/../../../../arm-none-eabi/lib/thumb/v6-m/nofp\libg.a(lib_a-stdio.o)
                0x10009f60                __sclose
 .text._strtod_l
                0x10009f6c      0xf78 c:/program files (x86)/gnu arm embedded toolchain/10 2021.10/bin/../lib/gcc/arm-none-eabi/10.3.1/../../../../arm-none-eabi/lib/thumb/v6-m/nofp\libg.a(lib_a-strtod.o)
                0x10009f6c                _strtod_l
 .text._strtod_r
                0x1000aee4       0x10 c:/program files (x86)/gnu arm embedded toolchain/10 2021.10/bin/../lib/gcc/arm-none-eabi/10.3.1/../../../../arm-none-eabi/lib/thumb/v6-m/nofp\libg.a(lib_a-strtod.o)
                0x1000aee4                _strtod_r
 .text._strtol_l.part.0
                0x1000aef4      0x144 c:/program files (x86)/gnu arm embedded toolchain/10 2021.10/bin/../lib/gcc/arm-none-eabi/10.3.1/../../../../arm-none-eabi/lib/thumb/v6-m/nofp\libg.a(lib_a-strtol.o)
 .text._strtol_r
                0x1000b038       0x1c c:/program files (x86)/gnu arm embedded toolchain/10 2021.10/bin/../lib/gcc/arm-none-eabi/10.3.1/../../../../arm-none-eabi/lib/thumb/v6-m/nofp\libg.a(lib_a-strtol.o)
                0x1000b038                _strtol_r
 .text._strtoll_l.constprop.0
                0x1000b054      0x198 c:/program files (x86)/gnu arm embedded toolchain/10 2021.10/bin/../lib/gcc/arm-none-eabi/10.3.1/../../../../arm-none-eabi/lib/thumb/v6-m/nofp\libg.a(lib_a-strtoll.o)
 .text._strtoll_r
                0x1000b1ec        0x8 c:/program files (x86)/gnu arm embedded toolchain/10 2021.10/bin/../lib/gcc/arm-none-eabi/10.3.1/../../../../arm-none-eabi/lib/thumb/v6-m/nofp\libg.a(lib_a-strtoll.o)
                0x1000b1ec                _strtoll_r
 .text._strtoul_l.constprop.0
                0x1000b1f4      0x148 c:/program files (x86)/gnu arm embedded toolchain/10 2021.10/bin/../lib/gcc/arm-none-eabi/10.3.1/../../../../arm-none-eabi/lib/thumb/v6-m/nofp\libg.a(lib_a-strtoul.o)
 .text._strtoul_r
                0x1000b33c        0x8 c:/program files (x86)/gnu arm embedded toolchain/10 2021.10/bin/../lib/gcc/arm-none-eabi/10.3.1/../../../../arm-none-eabi/lib/thumb/v6-m/nofp\libg.a(lib_a-strtoul.o)
                0x1000b33c                _strtoul_r
 .text._strtoull_l.constprop.0
                0x1000b344      0x1bc c:/program files (x86)/gnu arm embedded toolchain/10 2021.10/bin/../lib/gcc/arm-none-eabi/10.3.1/../../../../arm-none-eabi/lib/thumb/v6-m/nofp\libg.a(lib_a-strtoull.o)
 .text._strtoull_r
                0x1000b500        0x8 c:/program files (x86)/gnu arm embedded toolchain/10 2021.10/bin/../lib/gcc/arm-none-eabi/10.3.1/../../../../arm-none-eabi/lib/thumb/v6-m/nofp\libg.a(lib_a-strtoull.o)
                0x1000b500                _strtoull_r
 .text.__submore
                0x1000b508       0x84 c:/program files (x86)/gnu arm embedded toolchain/10 2021.10/bin/../lib/gcc/arm-none-eabi/10.3.1/../../../../arm-none-eabi/lib/thumb/v6-m/nofp\libg.a(lib_a-ungetc.o)
                0x1000b508                __submore
 .text._ungetc_r
                0x1000b58c      0x138 c:/program files (x86)/gnu arm embedded toolchain/10 2021.10/bin/../lib/gcc/arm-none-eabi/10.3.1/../../../../arm-none-eabi/lib/thumb/v6-m/nofp\libg.a(lib_a-ungetc.o)
                0x1000b58c                _ungetc_r
 .text.__ascii_wctomb
                0x1000b6c4       0x1c c:/program files (x86)/gnu arm embedded toolchain/10 2021.10/bin/../lib/gcc/arm-none-eabi/10.3.1/../../../../arm-none-eabi/lib/thumb/v6-m/nofp\libg.a(lib_a-wctomb_r.o)
                0x1000b6c4                __ascii_wctomb
 .text._write_r
                0x1000b6e0       0x28 c:/program files (x86)/gnu arm embedded toolchain/10 2021.10/bin/../lib/gcc/arm-none-eabi/10.3.1/../../../../arm-none-eabi/lib/thumb/v6-m/nofp\libg.a(lib_a-writer.o)
                0x1000b6e0                _write_r
 .text._close_r
                0x1000b708       0x24 c:/program files (x86)/gnu arm embedded toolchain/10 2021.10/bin/../lib/gcc/arm-none-eabi/10.3.1/../../../../arm-none-eabi/lib/thumb/v6-m/nofp\libg.a(lib_a-closer.o)
                0x1000b708                _close_r
 .text._fclose_r
                0x1000b72c       0xdc c:/program files (x86)/gnu arm embedded toolchain/10 2021.10/bin/../lib/gcc/arm-none-eabi/10.3.1/../../../../arm-none-eabi/lib/thumb/v6-m/nofp\libg.a(lib_a-fclose.o)
                0x1000b72c                _fclose_r
 .text.__sflush_r
                0x1000b808      0x140 c:/program files (x86)/gnu arm embedded toolchain/10 2021.10/bin/../lib/gcc/arm-none-eabi/10.3.1/../../../../arm-none-eabi/lib/thumb/v6-m/nofp\libg.a(lib_a-fflush.o)
                0x1000b808                __sflush_r
 .text._fflush_r
                0x1000b948       0x6c c:/program files (x86)/gnu arm embedded toolchain/10 2021.10/bin/../lib/gcc/arm-none-eabi/10.3.1/../../../../arm-none-eabi/lib/thumb/v6-m/nofp\libg.a(lib_a-fflush.o)
                0x1000b948                _fflush_r
 .text.fflush   0x1000b9b4       0x78 c:/program files (x86)/gnu arm embedded toolchain/10 2021.10/bin/../lib/gcc/arm-none-eabi/10.3.1/../../../../arm-none-eabi/lib/thumb/v6-m/nofp\libg.a(lib_a-fflush.o)
                0x1000b9b4                fflush
 .text.rshift   0x1000ba2c       0xa4 c:/program files (x86)/gnu arm embedded toolchain/10 2021.10/bin/../lib/gcc/arm-none-eabi/10.3.1/../../../../arm-none-eabi/lib/thumb/v6-m/nofp\libg.a(lib_a-gdtoa-gethex.o)
 .text.__gethex
                0x1000bad0      0x5cc c:/program files (x86)/gnu arm embedded toolchain/10 2021.10/bin/../lib/gcc/arm-none-eabi/10.3.1/../../../../arm-none-eabi/lib/thumb/v6-m/nofp\libg.a(lib_a-gdtoa-gethex.o)
                0x1000bad0                __gethex
 .text.__match  0x1000c09c       0x2c c:/program files (x86)/gnu arm embedded toolchain/10 2021.10/bin/../lib/gcc/arm-none-eabi/10.3.1/../../../../arm-none-eabi/lib/thumb/v6-m/nofp\libg.a(lib_a-gdtoa-hexnan.o)
                0x1000c09c                __match
 .text.__hexnan
                0x1000c0c8      0x1d0 c:/program files (x86)/gnu arm embedded toolchain/10 2021.10/bin/../lib/gcc/arm-none-eabi/10.3.1/../../../../arm-none-eabi/lib/thumb/v6-m/nofp\libg.a(lib_a-gdtoa-hexnan.o)
                0x1000c0c8                __hexnan
 .text._lseek_r
                0x1000c298       0x28 c:/program files (x86)/gnu arm embedded toolchain/10 2021.10/bin/../lib/gcc/arm-none-eabi/10.3.1/../../../../arm-none-eabi/lib/thumb/v6-m/nofp\libg.a(lib_a-lseekr.o)
                0x1000c298                _lseek_r
 .text.__smakebuf_r
                0x1000c2c0       0xe4 c:/program files (x86)/gnu arm embedded toolchain/10 2021.10/bin/../lib/gcc/arm-none-eabi/10.3.1/../../../../arm-none-eabi/lib/thumb/v6-m/nofp\libg.a(lib_a-makebuf.o)
                0x1000c2c0                __smakebuf_r
 .text._Balloc  0x1000c3a4       0x50 c:/program files (x86)/gnu arm embedded toolchain/10 2021.10/bin/../lib/gcc/arm-none-eabi/10.3.1/../../../../arm-none-eabi/lib/thumb/v6-m/nofp\libg.a(lib_a-mprec.o)
                0x1000c3a4                _Balloc
 .text._Bfree   0x1000c3f4       0x14 c:/program files (x86)/gnu arm embedded toolchain/10 2021.10/bin/../lib/gcc/arm-none-eabi/10.3.1/../../../../arm-none-eabi/lib/thumb/v6-m/nofp\libg.a(lib_a-mprec.o)
                0x1000c3f4                _Bfree
 .text.__multadd
                0x1000c408       0xa8 c:/program files (x86)/gnu arm embedded toolchain/10 2021.10/bin/../lib/gcc/arm-none-eabi/10.3.1/../../../../arm-none-eabi/lib/thumb/v6-m/nofp\libg.a(lib_a-mprec.o)
                0x1000c408                __multadd
 .text.__s2b    0x1000c4b0       0xb0 c:/program files (x86)/gnu arm embedded toolchain/10 2021.10/bin/../lib/gcc/arm-none-eabi/10.3.1/../../../../arm-none-eabi/lib/thumb/v6-m/nofp\libg.a(lib_a-mprec.o)
                0x1000c4b0                __s2b
 .text.__hi0bits
                0x1000c560       0x38 c:/program files (x86)/gnu arm embedded toolchain/10 2021.10/bin/../lib/gcc/arm-none-eabi/10.3.1/../../../../arm-none-eabi/lib/thumb/v6-m/nofp\libg.a(lib_a-mprec.o)
                0x1000c560                __hi0bits
 .text.__lo0bits
                0x1000c598       0x5c c:/program files (x86)/gnu arm embedded toolchain/10 2021.10/bin/../lib/gcc/arm-none-eabi/10.3.1/../../../../arm-none-eabi/lib/thumb/v6-m/nofp\libg.a(lib_a-mprec.o)
                0x1000c598                __lo0bits
 .text.__i2b    0x1000c5f4       0x60 c:/program files (x86)/gnu arm embedded toolchain/10 2021.10/bin/../lib/gcc/arm-none-eabi/10.3.1/../../../../arm-none-eabi/lib/thumb/v6-m/nofp\libg.a(lib_a-mprec.o)
                0x1000c5f4                __i2b
 .text.__multiply
                0x1000c654      0x1a4 c:/program files (x86)/gnu arm embedded toolchain/10 2021.10/bin/../lib/gcc/arm-none-eabi/10.3.1/../../../../arm-none-eabi/lib/thumb/v6-m/nofp\libg.a(lib_a-mprec.o)
                0x1000c654                __multiply
 .text.__pow5mult
                0x1000c7f8       0xd8 c:/program files (x86)/gnu arm embedded toolchain/10 2021.10/bin/../lib/gcc/arm-none-eabi/10.3.1/../../../../arm-none-eabi/lib/thumb/v6-m/nofp\libg.a(lib_a-mprec.o)
                0x1000c7f8                __pow5mult
 .text.__lshift
                0x1000c8d0       0xfc c:/program files (x86)/gnu arm embedded toolchain/10 2021.10/bin/../lib/gcc/arm-none-eabi/10.3.1/../../../../arm-none-eabi/lib/thumb/v6-m/nofp\libg.a(lib_a-mprec.o)
                0x1000c8d0                __lshift
 .text.__mcmp   0x1000c9cc       0x34 c:/program files (x86)/gnu arm embedded toolchain/10 2021.10/bin/../lib/gcc/arm-none-eabi/10.3.1/../../../../arm-none-eabi/lib/thumb/v6-m/nofp\libg.a(lib_a-mprec.o)
                0x1000c9cc                __mcmp
 .text.__mdiff  0x1000ca00      0x18c c:/program files (x86)/gnu arm embedded toolchain/10 2021.10/bin/../lib/gcc/arm-none-eabi/10.3.1/../../../../arm-none-eabi/lib/thumb/v6-m/nofp\libg.a(lib_a-mprec.o)
                0x1000ca00                __mdiff
 .text.__ulp    0x1000cb8c       0x48 c:/program files (x86)/gnu arm embedded toolchain/10 2021.10/bin/../lib/gcc/arm-none-eabi/10.3.1/../../../../arm-none-eabi/lib/thumb/v6-m/nofp\libg.a(lib_a-mprec.o)
                0x1000cb8c                __ulp
 .text.__b2d    0x1000cbd4       0xc8 c:/program files (x86)/gnu arm embedded toolchain/10 2021.10/bin/../lib/gcc/arm-none-eabi/10.3.1/../../../../arm-none-eabi/lib/thumb/v6-m/nofp\libg.a(lib_a-mprec.o)
                0x1000cbd4                __b2d
 .text.__d2b    0x1000cc9c       0xd8 c:/program files (x86)/gnu arm embedded toolchain/10 2021.10/bin/../lib/gcc/arm-none-eabi/10.3.1/../../../../arm-none-eabi/lib/thumb/v6-m/nofp\libg.a(lib_a-mprec.o)
                0x1000cc9c                __d2b
 .text.__ratio  0x1000cd74       0x68 c:/program files (x86)/gnu arm embedded toolchain/10 2021.10/bin/../lib/gcc/arm-none-eabi/10.3.1/../../../../arm-none-eabi/lib/thumb/v6-m/nofp\libg.a(lib_a-mprec.o)
                0x1000cd74                __ratio
 .text.__copybits
                0x1000cddc       0x40 c:/program files (x86)/gnu arm embedded toolchain/10 2021.10/bin/../lib/gcc/arm-none-eabi/10.3.1/../../../../arm-none-eabi/lib/thumb/v6-m/nofp\libg.a(lib_a-mprec.o)
                0x1000cddc                __copybits
 .text.__any_on
                0x1000ce1c       0x50 c:/program files (x86)/gnu arm embedded toolchain/10 2021.10/bin/../lib/gcc/arm-none-eabi/10.3.1/../../../../arm-none-eabi/lib/thumb/v6-m/nofp\libg.a(lib_a-mprec.o)
                0x1000ce1c                __any_on
 .text._read_r  0x1000ce6c       0x28 c:/program files (x86)/gnu arm embedded toolchain/10 2021.10/bin/../lib/gcc/arm-none-eabi/10.3.1/../../../../arm-none-eabi/lib/thumb/v6-m/nofp\libg.a(lib_a-readr.o)
                0x1000ce6c                _read_r
 .text.nan      0x1000ce94        0xc c:/program files (x86)/gnu arm embedded toolchain/10 2021.10/bin/../lib/gcc/arm-none-eabi/10.3.1/../../../../arm-none-eabi/lib/thumb/v6-m/nofp\libg.a(lib_a-s_nan.o)
                0x1000ce94                nan
 .text.strncmp  0x1000cea0       0x74 c:/program files (x86)/gnu arm embedded toolchain/10 2021.10/bin/../lib/gcc/arm-none-eabi/10.3.1/../../../../arm-none-eabi/lib/thumb/v6-m/nofp\libg.a(lib_a-strncmp.o)
                0x1000cea0                strncmp
 .text._fstat_r
                0x1000cf14       0x28 c:/program files (x86)/gnu arm embedded toolchain/10 2021.10/bin/../lib/gcc/arm-none-eabi/10.3.1/../../../../arm-none-eabi/lib/thumb/v6-m/nofp\libg.a(lib_a-fstatr.o)
                0x1000cf14                _fstat_r
 .text._isatty_r
                0x1000cf3c       0x24 c:/program files (x86)/gnu arm embedded toolchain/10 2021.10/bin/../lib/gcc/arm-none-eabi/10.3.1/../../../../arm-none-eabi/lib/thumb/v6-m/nofp\libg.a(lib_a-isattyr.o)
                0x1000cf3c                _isatty_r
 *(.fini)
 .fini          0x1000cf60        0x4 c:/program files (x86)/gnu arm embedded toolchain/10 2021.10/bin/../lib/gcc/arm-none-eabi/10.3.1/thumb/v6-m/nofp/crti.o
                0x1000cf60                _fini
 *fill*         0x1000cf64        0x4 
 .fini.__stub   0x1000cf68       0xe0 linker stubs
 *crtbegin.o(.ctors)
 *crtbegin?.o(.ctors)
 *(EXCLUDE_FILE(*crtend.o *crtend?.o) .ctors)
 *(SORT_BY_NAME(.ctors.*))
 *(.ctors)
 *crtbegin.o(.dtors)
 *crtbegin?.o(.dtors)
 *(EXCLUDE_FILE(*crtend.o *crtend?.o) .dtors)
 *(SORT_BY_NAME(.dtors.*))
 *(.dtors)
 *(.eh_frame*)
 .eh_frame      0x1000d048        0x0 c:/program files (x86)/gnu arm embedded toolchain/10 2021.10/bin/../lib/gcc/arm-none-eabi/10.3.1/thumb/v6-m/nofp/crtbegin.o
                0x1000d048                . = ALIGN (0x4)

.glue_7         0x1000d048        0x0
 .glue_7        0x1000d048        0x0 linker stubs

.glue_7t        0x1000d048        0x0
 .glue_7t       0x1000d048        0x0 linker stubs

.vfp11_veneer   0x1000d048        0x0
 .vfp11_veneer  0x1000d048        0x0 linker stubs

.v4_bx          0x1000d048        0x0
 .v4_bx         0x1000d048        0x0 linker stubs

.iplt           0x1000d048        0x0
 .iplt          0x1000d048        0x0 c:/program files (x86)/gnu arm embedded toolchain/10 2021.10/bin/../lib/gcc/arm-none-eabi/10.3.1/thumb/v6-m/nofp/crtbegin.o

.rodata         0x1000d048     0x1f7c
 *(EXCLUDE_FILE(*libm.a: *libc.a:*lib_a-mem*.o *libgcc.a:) .rodata*)
 .rodata.on_uart_rx.str1.4
                0x1000d048        0x5 CMakeFiles/HW9.dir/HW9.c.obj
 *fill*         0x1000d04d        0x3 
 .rodata.main.str1.4
                0x1000d050        0xe CMakeFiles/HW9.dir/HW9.c.obj
 *fill*         0x1000d05e        0x2 
 .rodata.spin_lock_claim_unused.str1.4
                0x1000d060       0x1b CMakeFiles/HW9.dir/C_/Users/17155/ME433/Pico/pico-sdk/src/rp2_common/hardware_sync/sync.c.obj
 *fill*         0x1000d07b        0x1 
 .rodata.make_branch.str1.4
                0x1000d07c       0x75 CMakeFiles/HW9.dir/C_/Users/17155/ME433/Pico/pico-sdk/src/rp2_common/hardware_irq/irq.c.obj
 *fill*         0x1000d0f1        0x3 
 .rodata.insert_branch_and_link.str1.4
                0x1000d0f4       0x10 CMakeFiles/HW9.dir/C_/Users/17155/ME433/Pico/pico-sdk/src/rp2_common/hardware_irq/irq.c.obj
 .rodata.irq_set_exclusive_handler.str1.4
                0x1000d104       0x36 CMakeFiles/HW9.dir/C_/Users/17155/ME433/Pico/pico-sdk/src/rp2_common/hardware_irq/irq.c.obj
 *fill*         0x1000d13a        0x2 
 .rodata.irq_add_shared_handler.str1.4
                0x1000d13c       0xd9 CMakeFiles/HW9.dir/C_/Users/17155/ME433/Pico/pico-sdk/src/rp2_common/hardware_irq/irq.c.obj
 *fill*         0x1000d215        0x3 
 .rodata.irq_remove_handler.str1.4
                0x1000d218       0x3a CMakeFiles/HW9.dir/C_/Users/17155/ME433/Pico/pico-sdk/src/rp2_common/hardware_irq/irq.c.obj
 *fill*         0x1000d252        0x2 
 .rodata.irq_add_tail_to_free_list.str1.4
                0x1000d254       0x3a CMakeFiles/HW9.dir/C_/Users/17155/ME433/Pico/pico-sdk/src/rp2_common/hardware_irq/irq.c.obj
 *fill*         0x1000d28e        0x2 
 .rodata.user_irq_claim_unused.str1.4
                0x1000d290       0x1b CMakeFiles/HW9.dir/C_/Users/17155/ME433/Pico/pico-sdk/src/rp2_common/hardware_irq/irq.c.obj
 *fill*         0x1000d2ab        0x1 
 .rodata.__func__.0
                0x1000d2ac       0x1a CMakeFiles/HW9.dir/C_/Users/17155/ME433/Pico/pico-sdk/src/rp2_common/hardware_irq/irq.c.obj
 *fill*         0x1000d2c6        0x2 
 .rodata.__func__.1
                0x1000d2c8       0x17 CMakeFiles/HW9.dir/C_/Users/17155/ME433/Pico/pico-sdk/src/rp2_common/hardware_irq/irq.c.obj
 *fill*         0x1000d2df        0x1 
 .rodata.__func__.2
                0x1000d2e0       0x13 CMakeFiles/HW9.dir/C_/Users/17155/ME433/Pico/pico-sdk/src/rp2_common/hardware_irq/irq.c.obj
 *fill*         0x1000d2f3        0x1 
 .rodata.__func__.3
                0x1000d2f4        0xc CMakeFiles/HW9.dir/C_/Users/17155/ME433/Pico/pico-sdk/src/rp2_common/hardware_irq/irq.c.obj
 .rodata.__func__.4
                0x1000d300        0xf CMakeFiles/HW9.dir/C_/Users/17155/ME433/Pico/pico-sdk/src/rp2_common/hardware_irq/irq.c.obj
 *fill*         0x1000d30f        0x1 
 .rodata.__func__.5
                0x1000d310       0x17 CMakeFiles/HW9.dir/C_/Users/17155/ME433/Pico/pico-sdk/src/rp2_common/hardware_irq/irq.c.obj
 *fill*         0x1000d327        0x1 
 .rodata.__func__.6
                0x1000d328       0x1a CMakeFiles/HW9.dir/C_/Users/17155/ME433/Pico/pico-sdk/src/rp2_common/hardware_irq/irq.c.obj
 *fill*         0x1000d342        0x2 
 .rodata.str1.4
                0x1000d344       0xfd CMakeFiles/HW9.dir/C_/Users/17155/ME433/Pico/pico-sdk/src/common/pico_sync/mutex.c.obj
 *fill*         0x1000d441        0x3 
 .rodata.__func__.1
                0x1000d444        0xb CMakeFiles/HW9.dir/C_/Users/17155/ME433/Pico/pico-sdk/src/common/pico_sync/mutex.c.obj
 *fill*         0x1000d44f        0x1 
 .rodata.__func__.3
                0x1000d450       0x18 CMakeFiles/HW9.dir/C_/Users/17155/ME433/Pico/pico-sdk/src/common/pico_sync/mutex.c.obj
 .rodata.__func__.4
                0x1000d468       0x15 CMakeFiles/HW9.dir/C_/Users/17155/ME433/Pico/pico-sdk/src/common/pico_sync/mutex.c.obj
 *fill*         0x1000d47d        0x3 
 .rodata.repeating_timer_callback.str1.4
                0x1000d480       0x53 CMakeFiles/HW9.dir/C_/Users/17155/ME433/Pico/pico-sdk/src/common/pico_time/time.c.obj
 *fill*         0x1000d4d3        0x1 
 .rodata.timer_pool_entry_comparator.str1.4
                0x1000d4d4       0x22 CMakeFiles/HW9.dir/C_/Users/17155/ME433/Pico/pico-sdk/src/common/pico_time/time.c.obj
 *fill*         0x1000d4f6        0x2 
 .rodata.ph_add_child_node.str1.4
                0x1000d4f8       0x9e CMakeFiles/HW9.dir/C_/Users/17155/ME433/Pico/pico-sdk/src/common/pico_time/time.c.obj
 *fill*         0x1000d596        0x2 
 .rodata.add_alarm_under_lock.str1.4
                0x1000d598       0x28 CMakeFiles/HW9.dir/C_/Users/17155/ME433/Pico/pico-sdk/src/common/pico_time/time.c.obj
                                 0x2b (size before relaxing)
 .rodata.alarm_pool_alarm_callback.str1.4
                0x1000d5c0       0x98 CMakeFiles/HW9.dir/C_/Users/17155/ME433/Pico/pico-sdk/src/common/pico_time/time.c.obj
                                0x104 (size before relaxing)
 .rodata.alarm_pool_get_default.str1.4
                0x1000d658       0x21 CMakeFiles/HW9.dir/C_/Users/17155/ME433/Pico/pico-sdk/src/common/pico_time/time.c.obj
 *fill*         0x1000d679        0x3 
 .rodata.alarm_pool_cancel_alarm.str1.4
                0x1000d67c       0x27 CMakeFiles/HW9.dir/C_/Users/17155/ME433/Pico/pico-sdk/src/common/pico_time/time.c.obj
 *fill*         0x1000d6a3        0x1 
 .rodata.sleep_until.str1.4
                0x1000d6a4       0x4d CMakeFiles/HW9.dir/C_/Users/17155/ME433/Pico/pico-sdk/src/common/pico_time/time.c.obj
 *fill*         0x1000d6f1        0x3 
 .rodata.__func__.1
                0x1000d6f4       0x18 CMakeFiles/HW9.dir/C_/Users/17155/ME433/Pico/pico-sdk/src/common/pico_time/time.c.obj
 .rodata.__func__.10
                0x1000d70c       0x15 CMakeFiles/HW9.dir/C_/Users/17155/ME433/Pico/pico-sdk/src/common/pico_time/time.c.obj
 *fill*         0x1000d721        0x3 
 .rodata.__func__.11
                0x1000d724       0x1a CMakeFiles/HW9.dir/C_/Users/17155/ME433/Pico/pico-sdk/src/common/pico_time/time.c.obj
 *fill*         0x1000d73e        0x2 
 .rodata.__func__.12
                0x1000d740        0xa CMakeFiles/HW9.dir/C_/Users/17155/ME433/Pico/pico-sdk/src/common/pico_time/time.c.obj
 *fill*         0x1000d74a        0x2 
 .rodata.__func__.3
                0x1000d74c       0x17 CMakeFiles/HW9.dir/C_/Users/17155/ME433/Pico/pico-sdk/src/common/pico_time/time.c.obj
 *fill*         0x1000d763        0x1 
 .rodata.__func__.4
                0x1000d764       0x12 CMakeFiles/HW9.dir/C_/Users/17155/ME433/Pico/pico-sdk/src/common/pico_time/time.c.obj
 *fill*         0x1000d776        0x2 
 .rodata.__func__.5
                0x1000d778        0xd CMakeFiles/HW9.dir/C_/Users/17155/ME433/Pico/pico-sdk/src/common/pico_time/time.c.obj
 *fill*         0x1000d785        0x3 
 .rodata.__func__.6
                0x1000d788       0x12 CMakeFiles/HW9.dir/C_/Users/17155/ME433/Pico/pico-sdk/src/common/pico_time/time.c.obj
 *fill*         0x1000d79a        0x2 
 .rodata.__func__.7
                0x1000d79c        0xf CMakeFiles/HW9.dir/C_/Users/17155/ME433/Pico/pico-sdk/src/common/pico_time/time.c.obj
 *fill*         0x1000d7ab        0x1 
 .rodata.__func__.8
                0x1000d7ac        0xc CMakeFiles/HW9.dir/C_/Users/17155/ME433/Pico/pico-sdk/src/common/pico_time/time.c.obj
 .rodata.__func__.9