Archive member included to satisfy reference by file (symbol)

c:/program files (x86)/gnu arm embedded toolchain/10 2021.10/bin/../lib/gcc/arm-none-eabi/10.3.1/thumb/v6-m/nofp\libgcc.a(_dvmd_tls.o)
                              CMakeFiles/print.dir/C_/Users/17155/ME433/Pico/pico-sdk/src/rp2_common/pico_divider/divider.S.obj (__aeabi_idiv0)
c:/program files (x86)/gnu arm embedded toolchain/10 2021.10/bin/../lib/gcc/arm-none-eabi/10.3.1/../../../../arm-none-eabi/lib/thumb/v6-m/nofp\libg.a(lib_a-calloc.o)
                              CMakeFiles/print.dir/C_/Users/17155/ME433/Pico/pico-sdk/src/rp2_common/pico_malloc/pico_malloc.c.obj (calloc)
c:/program files (x86)/gnu arm embedded toolchain/10 2021.10/bin/../lib/gcc/arm-none-eabi/10.3.1/../../../../arm-none-eabi/lib/thumb/v6-m/nofp\libg.a(lib_a-callocr.o)
                              c:/program files (x86)/gnu arm embedded toolchain/10 2021.10/bin/../lib/gcc/arm-none-eabi/10.3.1/../../../../arm-none-eabi/lib/thumb/v6-m/nofp\libg.a(lib_a-calloc.o) (_calloc_r)
c:/program files (x86)/gnu arm embedded toolchain/10 2021.10/bin/../lib/gcc/arm-none-eabi/10.3.1/../../../../arm-none-eabi/lib/thumb/v6-m/nofp\libg.a(lib_a-errno.o)
                              c:/program files (x86)/gnu arm embedded toolchain/10 2021.10/bin/../lib/gcc/arm-none-eabi/10.3.1/../../../../arm-none-eabi/lib/thumb/v6-m/nofp\libg.a(lib_a-callocr.o) (__errno)
c:/program files (x86)/gnu arm embedded toolchain/10 2021.10/bin/../lib/gcc/arm-none-eabi/10.3.1/../../../../arm-none-eabi/lib/thumb/v6-m/nofp\libg.a(lib_a-impure.o)
                              c:/program files (x86)/gnu arm embedded toolchain/10 2021.10/bin/../lib/gcc/arm-none-eabi/10.3.1/../../../../arm-none-eabi/lib/thumb/v6-m/nofp\libg.a(lib_a-calloc.o) (_impure_ptr)
c:/program files (x86)/gnu arm embedded toolchain/10 2021.10/bin/../lib/gcc/arm-none-eabi/10.3.1/../../../../arm-none-eabi/lib/thumb/v6-m/nofp\libg.a(lib_a-init.o)
                              c:/program files (x86)/gnu arm embedded toolchain/10 2021.10/bin/../lib/gcc/arm-none-eabi/10.3.1/../../../../arm-none-eabi/lib/thumb/v6-m/nofp/crt0.o (__libc_init_array)
c:/program files (x86)/gnu arm embedded toolchain/10 2021.10/bin/../lib/gcc/arm-none-eabi/10.3.1/../../../../arm-none-eabi/lib/thumb/v6-m/nofp\libg.a(lib_a-malloc.o)
                              CMakeFiles/print.dir/C_/Users/17155/ME433/Pico/pico-sdk/src/rp2_common/pico_malloc/pico_malloc.c.obj (malloc)
c:/program files (x86)/gnu arm embedded toolchain/10 2021.10/bin/../lib/gcc/arm-none-eabi/10.3.1/../../../../arm-none-eabi/lib/thumb/v6-m/nofp\libg.a(lib_a-mallocr.o)
                              c:/program files (x86)/gnu arm embedded toolchain/10 2021.10/bin/../lib/gcc/arm-none-eabi/10.3.1/../../../../arm-none-eabi/lib/thumb/v6-m/nofp\libg.a(lib_a-callocr.o) (_malloc_r)
c:/program files (x86)/gnu arm embedded toolchain/10 2021.10/bin/../lib/gcc/arm-none-eabi/10.3.1/../../../../arm-none-eabi/lib/thumb/v6-m/nofp\libg.a(lib_a-mlock.o)
                              c:/program files (x86)/gnu arm embedded toolchain/10 2021.10/bin/../lib/gcc/arm-none-eabi/10.3.1/../../../../arm-none-eabi/lib/thumb/v6-m/nofp\libg.a(lib_a-mallocr.o) (__malloc_lock)
c:/program files (x86)/gnu arm embedded toolchain/10 2021.10/bin/../lib/gcc/arm-none-eabi/10.3.1/../../../../arm-none-eabi/lib/thumb/v6-m/nofp\libg.a(lib_a-realloc.o)
                              CMakeFiles/print.dir/C_/Users/17155/ME433/Pico/pico-sdk/src/rp2_common/pico_malloc/pico_malloc.c.obj (realloc)
c:/program files (x86)/gnu arm embedded toolchain/10 2021.10/bin/../lib/gcc/arm-none-eabi/10.3.1/../../../../arm-none-eabi/lib/thumb/v6-m/nofp\libg.a(lib_a-reallocr.o)
                              c:/program files (x86)/gnu arm embedded toolchain/10 2021.10/bin/../lib/gcc/arm-none-eabi/10.3.1/../../../../arm-none-eabi/lib/thumb/v6-m/nofp\libg.a(lib_a-realloc.o) (_realloc_r)
c:/program files (x86)/gnu arm embedded toolchain/10 2021.10/bin/../lib/gcc/arm-none-eabi/10.3.1/../../../../arm-none-eabi/lib/thumb/v6-m/nofp\libg.a(lib_a-sbrkr.o)
                              c:/program files (x86)/gnu arm embedded toolchain/10 2021.10/bin/../lib/gcc/arm-none-eabi/10.3.1/../../../../arm-none-eabi/lib/thumb/v6-m/nofp\libg.a(lib_a-mallocr.o) (_sbrk_r)
c:/program files (x86)/gnu arm embedded toolchain/10 2021.10/bin/../lib/gcc/arm-none-eabi/10.3.1/../../../../arm-none-eabi/lib/thumb/v6-m/nofp\libg.a(lib_a-scanf.o)
                              CMakeFiles/print.dir/print.c.obj (scanf)
c:/program files (x86)/gnu arm embedded toolchain/10 2021.10/bin/../lib/gcc/arm-none-eabi/10.3.1/../../../../arm-none-eabi/lib/thumb/v6-m/nofp\libg.a(lib_a-strlen-stub.o)
                              CMakeFiles/print.dir/C_/Users/17155/ME433/Pico/pico-sdk/src/rp2_common/pico_stdio/stdio.c.obj (strlen)
c:/program files (x86)/gnu arm embedded toolchain/10 2021.10/bin/../lib/gcc/arm-none-eabi/10.3.1/../../../../arm-none-eabi/lib/thumb/v6-m/nofp\libg.a(lib_a-vfscanf.o)
[...]
Memory Configuration

Name             Origin             Length             Attributes
FLASH            0x10000000         0x00200000         xr
RAM              0x20000000         0x00040000         xrw
SCRATCH_X        0x20040000         0x00001000         xrw
SCRATCH_Y        0x20041000         0x00001000         xrw
*default*        0x00000000         0xffffffff

Linker script and memory map

LOAD c:/program files (x86)/gnu arm embedded toolchain/10 2021.10/bin/../lib/gcc/arm-none-eabi/10.3.1/thumb/v6-m/nofp/crti.o
LOAD c:/program files (x86)/gnu arm embedded toolchain/10 2021.10/bin/../lib/gcc/arm-none-eabi/10.3.1/thumb/v6-m/nofp/crtbegin.o
LOAD c:/program files (x86)/gnu arm embedded toolchain/10 2021.10/bin/../lib/gcc/arm-none-eabi/10.3.1/../../../../arm-none-eabi/lib/thumb/v6-m/nofp/crt0.o

.flash_begin    0x10000000        0x0
                0x10000000                __flash_binary_start = .

.boot2          0x10000000      0x100
                0x10000000                __boot2_start__ = .
 *(.boot2)
 .boot2         0x10000000      0x100 C:\Users\17155\AppData\Local\Temp\ccmubnGe.o
                0x10000100                __boot2_end__ = .
                0x00000001                ASSERT (((__boot2_end__ - __boot2_start__) == 0x100), ERROR: Pico second stage bootloader must be 256 bytes in size)

.text           0x10000100     0xce30
                0x10000100                __logical_binary_start = .
 *(.vectors)
 .vectors       0x10000100       0xd4 CMakeFiles/print.dir/C_/Users/17155/ME433/Pico/pico-sdk/src/rp2_common/pico_standard_link/crt0.S.obj
                0x10000100                __VECTOR_TABLE
                0x10000100                __vectors
                0x100001c0                isr_invalid
                0x100001c0                __default_isrs_start
                0x100001c2                isr_nmi
                0x100001c4                isr_hardfault
                0x100001c6                isr_svcall
                0x100001c8                isr_pendsv
                0x100001ca                isr_systick
                0x100001cc                isr_irq23
                0x100001cc                isr_irq18
                0x100001cc                isr_irq11
                0x100001cc                isr_irq28
                0x100001cc                isr_irq19
                0x100001cc                isr_irq0
                0x100001cc                isr_irq6
                0x100001cc                isr_irq5
                0x100001cc                isr_irq12
                0x100001cc                isr_irq22
                0x100001cc                isr_irq31
                0x100001cc                isr_irq17
                0x100001cc                isr_irq27
                0x100001cc                isr_irq30
                0x100001cc                isr_irq2
                0x100001cc                isr_irq10
                0x100001cc                isr_irq8
                0x100001cc                isr_irq24
                0x100001cc                isr_irq1
                0x100001cc                isr_irq7
                0x100001cc                isr_irq21
                0x100001cc                isr_irq20
                0x100001cc                isr_irq15
                0x100001cc                isr_irq25
                0x100001cc                isr_irq13
                0x100001cc                __unhandled_user_irq
                0x100001cc                isr_irq4
                0x100001cc                isr_irq16
                0x100001cc                isr_irq29
                0x100001cc                isr_irq26
                0x100001cc                __default_isrs_end
                0x100001cc                isr_irq3
                0x100001cc                isr_irq14
                0x100001cc                isr_irq9
                0x100001d2                unhandled_user_irq_num_in_r0
 *(.binary_info_header)
 .binary_info_header
                0x100001d4       0x14 CMakeFiles/print.dir/C_/Users/17155/ME433/Pico/pico-sdk/src/rp2_common/pico_standard_link/crt0.S.obj
                0x100001e8                __binary_info_header_end = .
 *(.reset)
 .reset         0x100001e8       0xa0 CMakeFiles/print.dir/C_/Users/17155/ME433/Pico/pico-sdk/src/rp2_common/pico_standard_link/crt0.S.obj
                0x100001e8                _entry_point
 .reset         0x10000288       0x30 CMakeFiles/print.dir/C_/Users/17155/ME433/Pico/pico-sdk/src/rp2_common/pico_standard_link/binary_info.c.obj
 *(.init)
 .init          0x100002b8        0x4 c:/program files (x86)/gnu arm embedded toolchain/10 2021.10/bin/../lib/gcc/arm-none-eabi/10.3.1/thumb/v6-m/nofp/crti.o
                0x100002b8                _init
 *(EXCLUDE_FILE(*libm.a: *libc.a:*lib_a-mem*.o *libgcc.a:) .text*)
 .text          0x100002bc       0x48 c:/program files (x86)/gnu arm embedded toolchain/10 2021.10/bin/../lib/gcc/arm-none-eabi/10.3.1/thumb/v6-m/nofp/crtbegin.o
 .text.main     0x10000304       0xe0 CMakeFiles/print.dir/print.c.obj
                0x10000304                main
 .text.gpio_set_function
                0x100003e4       0x30 CMakeFiles/print.dir/C_/Users/17155/ME433/Pico/pico-sdk/src/rp2_common/hardware_gpio/gpio.c.obj
                0x100003e4                gpio_set_function
 .text.gpio_set_pulls
                0x10000414       0x34 CMakeFiles/print.dir/C_/Users/17155/ME433/Pico/pico-sdk/src/rp2_common/hardware_gpio/gpio.c.obj
                0x10000414                gpio_set_pulls
 .text.gpio_set_input_enabled
                0x10000448       0x30 CMakeFiles/print.dir/C_/Users/17155/ME433/Pico/pico-sdk/src/rp2_common/hardware_gpio/gpio.c.obj
                0x10000448                gpio_set_input_enabled
 .text.gpio_init
                0x10000478       0x16 CMakeFiles/print.dir/C_/Users/17155/ME433/Pico/pico-sdk/src/rp2_common/hardware_gpio/gpio.c.obj
                0x10000478                gpio_init
 *fill*         0x1000048e        0x2 
 .text.running_on_fpga
                0x10000490       0x14 CMakeFiles/print.dir/C_/Users/17155/ME433/Pico/pico-sdk/src/rp2_common/pico_platform/platform.c.obj
                0x10000490                running_on_fpga
 .text.hw_claim_lock
                0x100004a4       0x18 CMakeFiles/print.dir/C_/Users/17155/ME433/Pico/pico-sdk/src/rp2_common/hardware_claim/claim.c.obj
                0x100004a4                hw_claim_lock
 .text.hw_claim_unlock
                0x100004bc       0x14 CMakeFiles/print.dir/C_/Users/17155/ME433/Pico/pico-sdk/src/rp2_common/hardware_claim/claim.c.obj
                0x100004bc                hw_claim_unlock
 .text.hw_claim_or_assert
                0x100004d0       0x32 CMakeFiles/print.dir/C_/Users/17155/ME433/Pico/pico-sdk/src/rp2_common/hardware_claim/claim.c.obj
                0x100004d0                hw_claim_or_assert
 .text.hw_claim_unused_from_range
                0x10000502       0x50 CMakeFiles/print.dir/C_/Users/17155/ME433/Pico/pico-sdk/src/rp2_common/hardware_claim/claim.c.obj
                0x10000502                hw_claim_unused_from_range
 *fill*         0x10000552        0x2 
 .text.spin_locks_reset
                0x10000554       0x20 CMakeFiles/print.dir/C_/Users/17155/ME433/Pico/pico-sdk/src/rp2_common/hardware_sync/sync.c.obj
                0x10000554                spin_locks_reset
 .text.next_striped_spin_lock_num
                0x10000574       0x1c CMakeFiles/print.dir/C_/Users/17155/ME433/Pico/pico-sdk/src/rp2_common/hardware_sync/sync.c.obj
                0x10000574                next_striped_spin_lock_num
 .text.spin_lock_claim_unused
                0x10000590       0x20 CMakeFiles/print.dir/C_/Users/17155/ME433/Pico/pico-sdk/src/rp2_common/hardware_sync/sync.c.obj
                0x10000590                spin_lock_claim_unused
 .text.set_raw_irq_handler_and_unlock
                0x100005b0       0x28 CMakeFiles/print.dir/C_/Users/17155/ME433/Pico/pico-sdk/src/rp2_common/hardware_irq/irq.c.obj
 .text.make_branch
                0x100005d8       0x48 CMakeFiles/print.dir/C_/Users/17155/ME433/Pico/pico-sdk/src/rp2_common/hardware_irq/irq.c.obj
 .text.insert_branch_and_link
                0x10000620       0x40 CMakeFiles/print.dir/C_/Users/17155/ME433/Pico/pico-sdk/src/rp2_common/hardware_irq/irq.c.obj
 .text.irq_is_enabled
                0x10000660       0x18 CMakeFiles/print.dir/C_/Users/17155/ME433/Pico/pico-sdk/src/rp2_common/hardware_irq/irq.c.obj
                0x10000660                irq_is_enabled
 .text.irq_set_mask_enabled
                0x10000678       0x20 CMakeFiles/print.dir/C_/Users/17155/ME433/Pico/pico-sdk/src/rp2_common/hardware_irq/irq.c.obj
                0x10000678                irq_set_mask_enabled
 .text.irq_set_enabled
                0x10000698        0xe CMakeFiles/print.dir/C_/Users/17155/ME433/Pico/pico-sdk/src/rp2_common/hardware_irq/irq.c.obj
                0x10000698                irq_set_enabled
 *fill*         0x100006a6        0x2 
 .text.irq_set_pending
                0x100006a8       0x10 CMakeFiles/print.dir/C_/Users/17155/ME433/Pico/pico-sdk/src/rp2_common/hardware_irq/irq.c.obj
                0x100006a8                irq_set_pending
 .text.irq_get_vtable_handler
                0x100006b8       0x10 CMakeFiles/print.dir/C_/Users/17155/ME433/Pico/pico-sdk/src/rp2_common/hardware_irq/irq.c.obj
                0x100006b8                irq_get_vtable_handler
 .text.irq_has_shared_handler
                0x100006c8       0x24 CMakeFiles/print.dir/C_/Users/17155/ME433/Pico/pico-sdk/src/rp2_common/hardware_irq/irq.c.obj
                0x100006c8                irq_has_shared_handler
 .text.irq_set_exclusive_handler
                0x100006ec       0x54 CMakeFiles/print.dir/C_/Users/17155/ME433/Pico/pico-sdk/src/rp2_common/hardware_irq/irq.c.obj
                0x100006ec                irq_set_exclusive_handler
 .text.irq_add_shared_handler
                0x10000740      0x234 CMakeFiles/print.dir/C_/Users/17155/ME433/Pico/pico-sdk/src/rp2_common/hardware_irq/irq.c.obj
                0x10000740                irq_add_shared_handler
 .text.irq_remove_handler
                0x10000974      0x1ac CMakeFiles/print.dir/C_/Users/17155/ME433/Pico/pico-sdk/src/rp2_common/hardware_irq/irq.c.obj
                0x10000974                irq_remove_handler
 .text.irq_add_tail_to_free_list
                0x10000b20       0xf0 CMakeFiles/print.dir/C_/Users/17155/ME433/Pico/pico-sdk/src/rp2_common/hardware_irq/irq.c.obj
                0x10000b20                irq_add_tail_to_free_list
 .text.irq_init_priorities
                0x10000c10       0x1c CMakeFiles/print.dir/C_/Users/17155/ME433/Pico/pico-sdk/src/rp2_common/hardware_irq/irq.c.obj
                0x10000c10                irq_init_priorities
 .text.user_irq_claim_unused
                0x10000c2c       0x28 CMakeFiles/print.dir/C_/Users/17155/ME433/Pico/pico-sdk/src/rp2_common/hardware_irq/irq.c.obj
                0x10000c2c                user_irq_claim_unused
 .text.lock_init
                0x10000c54       0x10 CMakeFiles/print.dir/C_/Users/17155/ME433/Pico/pico-sdk/src/common/pico_sync/lock_core.c.obj
                0x10000c54                lock_init
 .text.mutex_init
                0x10000c64       0x1a CMakeFiles/print.dir/C_/Users/17155/ME433/Pico/pico-sdk/src/common/pico_sync/mutex.c.obj
                0x10000c64                mutex_init
 .text.recursive_mutex_init
                0x10000c7e       0x1e CMakeFiles/print.dir/C_/Users/17155/ME433/Pico/pico-sdk/src/common/pico_sync/mutex.c.obj
                0x10000c7e                recursive_mutex_init
 .text.critical_section_init_with_lock_num
                0x10000c9c       0x14 CMakeFiles/print.dir/C_/Users/17155/ME433/Pico/pico-sdk/src/common/pico_sync/critical_section.c.obj
                0x10000c9c                critical_section_init_with_lock_num
 .text.critical_section_init
                0x10000cb0       0x14 CMakeFiles/print.dir/C_/Users/17155/ME433/Pico/pico-sdk/src/common/pico_sync/critical_section.c.obj
                0x10000cb0                critical_section_init
 .text.alarm_pool_post_alloc_init
                0x10000cc4       0x40 CMakeFiles/print.dir/C_/Users/17155/ME433/Pico/pico-sdk/src/common/pico_time/time.c.obj
 .text.sleep_until_callback
                0x10000d04       0x30 CMakeFiles/print.dir/C_/Users/17155/ME433/Pico/pico-sdk/src/common/pico_time/time.c.obj
 .text.timer_pool_entry_comparator
                0x10000d34       0x7c CMakeFiles/print.dir/C_/Users/17155/ME433/Pico/pico-sdk/src/common/pico_time/time.c.obj
                0x10000d34                timer_pool_entry_comparator
 .text.ph_add_child_node
                0x10000db0       0xa4 CMakeFiles/print.dir/C_/Users/17155/ME433/Pico/pico-sdk/src/common/pico_time/time.c.obj
 .text.ph_merge_nodes
                0x10000e54       0x3e CMakeFiles/print.dir/C_/Users/17155/ME433/Pico/pico-sdk/src/common/pico_time/time.c.obj
 *fill*         0x10000e92        0x2 
 .text.add_alarm_under_lock
                0x10000e94      0x174 CMakeFiles/print.dir/C_/Users/17155/ME433/Pico/pico-sdk/src/common/pico_time/time.c.obj
 .text.alarm_pool_alarm_callback
                0x10001008      0x33c CMakeFiles/print.dir/C_/Users/17155/ME433/Pico/pico-sdk/src/common/pico_time/time.c.obj
 .text.alarm_pool_init_default
                0x10001344       0x40 CMakeFiles/print.dir/C_/Users/17155/ME433/Pico/pico-sdk/src/common/pico_time/time.c.obj
                0x10001344                alarm_pool_init_default
 .text.alarm_pool_get_default
                0x10001384       0x2c CMakeFiles/print.dir/C_/Users/17155/ME433/Pico/pico-sdk/src/common/pico_time/time.c.obj
                0x10001384                alarm_pool_get_default
 .text.alarm_pool_add_alarm_at
                0x100013b0      0x168 CMakeFiles/print.dir/C_/Users/17155/ME433/Pico/pico-sdk/src/common/pico_time/time.c.obj
                0x100013b0                alarm_pool_add_alarm_at
 .text.alarm_pool_cancel_alarm
                0x10001518       0xf8 CMakeFiles/print.dir/C_/Users/17155/ME433/Pico/pico-sdk/src/common/pico_time/time.c.obj
                0x10001518                alarm_pool_cancel_alarm
 .text.alarm_pool_core_num
                0x10001610        0x4 CMakeFiles/print.dir/C_/Users/17155/ME433/Pico/pico-sdk/src/common/pico_time/time.c.obj
                0x10001610                alarm_pool_core_num
 .text.sleep_until
                0x10001614       0xfc CMakeFiles/print.dir/C_/Users/17155/ME433/Pico/pico-sdk/src/common/pico_time/time.c.obj
                0x10001614                sleep_until
 .text.sleep_us
                0x10001710       0x58 CMakeFiles/print.dir/C_/Users/17155/ME433/Pico/pico-sdk/src/common/pico_time/time.c.obj
                0x10001710                sleep_us
 .text.sleep_ms
                0x10001768       0x14 CMakeFiles/print.dir/C_/Users/17155/ME433/Pico/pico-sdk/src/common/pico_time/time.c.obj
                0x10001768                sleep_ms
 .text.best_effort_wfe_or_timeout
                0x1000177c       0xac CMakeFiles/print.dir/C_/Users/17155/ME433/Pico/pico-sdk/src/common/pico_time/time.c.obj
                0x1000177c                best_effort_wfe_or_timeout
 .text.hardware_alarm_irq_handler
                0x10001828       0x90 CMakeFiles/print.dir/C_/Users/17155/ME433/Pico/pico-sdk/src/rp2_common/hardware_timer/timer.c.obj
 .text.hardware_alarm_claim
                0x100018b8       0x18 CMakeFiles/print.dir/C_/Users/17155/ME433/Pico/pico-sdk/src/rp2_common/hardware_timer/timer.c.obj
                0x100018b8                hardware_alarm_claim
 .text.time_us_64
                0x100018d0       0x18 CMakeFiles/print.dir/C_/Users/17155/ME433/Pico/pico-sdk/src/rp2_common/hardware_timer/timer.c.obj
                0x100018d0                time_us_64
 .text.busy_wait_until
                0x100018e8       0x28 CMakeFiles/print.dir/C_/Users/17155/ME433/Pico/pico-sdk/src/rp2_common/hardware_timer/timer.c.obj
                0x100018e8                busy_wait_until
 .text.busy_wait_us
                0x10001910       0x48 CMakeFiles/print.dir/C_/Users/17155/ME433/Pico/pico-sdk/src/rp2_common/hardware_timer/timer.c.obj
                0x10001910                busy_wait_us
 .text.hardware_alarm_set_callback
                0x10001958       0x90 CMakeFiles/print.dir/C_/Users/17155/ME433/Pico/pico-sdk/src/rp2_common/hardware_timer/timer.c.obj
                0x10001958                hardware_alarm_set_callback
 .text.hardware_alarm_set_target
                0x100019e8       0xe8 CMakeFiles/print.dir/C_/Users/17155/ME433/Pico/pico-sdk/src/rp2_common/hardware_timer/timer.c.obj
                0x100019e8                hardware_alarm_set_target
 .text.hardware_alarm_cancel
                0x10001ad0       0x40 CMakeFiles/print.dir/C_/Users/17155/ME433/Pico/pico-sdk/src/rp2_common/hardware_timer/timer.c.obj
                0x10001ad0                hardware_alarm_cancel
 .text.ph_add_child_node
                0x10001b10       0xa4 CMakeFiles/print.dir/C_/Users/17155/ME433/Pico/pico-sdk/src/common/pico_util/pheap.c.obj
 .text.ph_merge_nodes
                0x10001bb4       0x3e CMakeFiles/print.dir/C_/Users/17155/ME433/Pico/pico-sdk/src/common/pico_util/pheap.c.obj
 *fill*         0x10001bf2        0x2 
 .text.ph_clear
                0x10001bf4       0x70 CMakeFiles/print.dir/C_/Users/17155/ME433/Pico/pico-sdk/src/common/pico_util/pheap.c.obj
                0x10001bf4                ph_clear
 .text.ph_post_alloc_init
                0x10001c64        0xe CMakeFiles/print.dir/C_/Users/17155/ME433/Pico/pico-sdk/src/common/pico_util/pheap.c.obj
                0x10001c64                ph_post_alloc_init
 *fill*         0x10001c72        0x2 
 .text.ph_merge_two_pass
                0x10001c74       0xa8 CMakeFiles/print.dir/C_/Users/17155/ME433/Pico/pico-sdk/src/common/pico_util/pheap.c.obj
                0x10001c74                ph_merge_two_pass
 .text.ph_remove_any_head
                0x10001d1c      0x128 CMakeFiles/print.dir/C_/Users/17155/ME433/Pico/pico-sdk/src/common/pico_util/pheap.c.obj
 .text.ph_remove_head
                0x10001e44       0x14 CMakeFiles/print.dir/C_/Users/17155/ME433/Pico/pico-sdk/src/common/pico_util/pheap.c.obj
                0x10001e44                ph_remove_head
 .text.ph_remove_and_free_node
                0x10001e58       0xf8 CMakeFiles/print.dir/C_/Users/17155/ME433/Pico/pico-sdk/src/common/pico_util/pheap.c.obj
                0x10001e58                ph_remove_and_free_node
 .text.clock_configure
                0x10001f50      0x108 CMakeFiles/print.dir/C_/Users/17155/ME433/Pico/pico-sdk/src/rp2_common/hardware_clocks/clocks.c.obj
                0x10001f50                clock_configure
 .text.clocks_init
                0x10002058      0x100 CMakeFiles/print.dir/C_/Users/17155/ME433/Pico/pico-sdk/src/rp2_common/hardware_clocks/clocks.c.obj
                0x10002058                clocks_init
 .text.pll_init
                0x10002158      0x120 CMakeFiles/print.dir/C_/Users/17155/ME433/Pico/pico-sdk/src/rp2_common/hardware_pll/pll.c.obj
                0x10002158                pll_init
 .text.watchdog_start_tick
                0x10002278       0x10 CMakeFiles/print.dir/C_/Users/17155/ME433/Pico/pico-sdk/src/rp2_common/hardware_watchdog/watchdog.c.obj
                0x10002278                watchdog_start_tick
 .text.watchdog_update
                0x10002288       0x14 CMakeFiles/print.dir/C_/Users/17155/ME433/Pico/pico-sdk/src/rp2_common/hardware_watchdog/watchdog.c.obj
                0x10002288                watchdog_update
 .text._watchdog_enable
                0x1000229c       0x78 CMakeFiles/print.dir/C_/Users/17155/ME433/Pico/pico-sdk/src/rp2_common/hardware_watchdog/watchdog.c.obj
                0x1000229c                _watchdog_enable
 .text.watchdog_reboot
                0x10002314       0x48 CMakeFiles/print.dir/C_/Users/17155/ME433/Pico/pico-sdk/src/rp2_common/hardware_watchdog/watchdog.c.obj
                0x10002314                watchdog_reboot
 .text.xosc_init
                0x1000235c       0x28 CMakeFiles/print.dir/C_/Users/17155/ME433/Pico/pico-sdk/src/rp2_common/hardware_xosc/xosc.c.obj
                0x1000235c                xosc_init
 .text._exit    0x10002384        0x4 CMakeFiles/print.dir/C_/Users/17155/ME433/Pico/pico-sdk/src/rp2_common/pico_runtime/runtime.c.obj
                0x10002384                _exit
 .text._sbrk    0x10002388       0x38 CMakeFiles/print.dir/C_/Users/17155/ME433/Pico/pico-sdk/src/rp2_common/pico_runtime/runtime.c.obj
                0x10002388                _sbrk
 .text.exit     0x100023c0        0x6 CMakeFiles/print.dir/C_/Users/17155/ME433/Pico/pico-sdk/src/rp2_common/pico_runtime/runtime.c.obj
                0x100023c0                exit
 *fill*         0x100023c6        0x2 
 .text.__assert_func
                0x100023c8       0x3c CMakeFiles/print.dir/C_/Users/17155/ME433/Pico/pico-sdk/src/rp2_common/pico_runtime/runtime.c.obj
                0x100023c8                __assert_func
 .text.runtime_init
                0x10002404       0xf8 CMakeFiles/print.dir/C_/Users/17155/ME433/Pico/pico-sdk/src/rp2_common/pico_runtime/runtime.c.obj
                0x10002404                runtime_init
 .text.panic    0x100024fc       0x30 CMakeFiles/print.dir/C_/Users/17155/ME433/Pico/pico-sdk/src/rp2_common/pico_runtime/runtime.c.obj
                0x100024fc                panic
 .text._out_buffer
                0x1000252c        0x8 CMakeFiles/print.dir/C_/Users/17155/ME433/Pico/pico-sdk/src/rp2_common/pico_printf/printf.c.obj
 .text._out_null
                0x10002534        0x2 CMakeFiles/print.dir/C_/Users/17155/ME433/Pico/pico-sdk/src/rp2_common/pico_printf/printf.c.obj
 .text._out_fct
                0x10002536        0xe CMakeFiles/print.dir/C_/Users/17155/ME433/Pico/pico-sdk/src/rp2_common/pico_printf/printf.c.obj
 .text._atoi    0x10002544       0x24 CMakeFiles/print.dir/C_/Users/17155/ME433/Pico/pico-sdk/src/rp2_common/pico_printf/printf.c.obj
 .text._out_rev
                0x10002568       0xae CMakeFiles/print.dir/C_/Users/17155/ME433/Pico/pico-sdk/src/rp2_common/pico_printf/printf.c.obj
 .text._ntoa_format
                0x10002616      0x112 CMakeFiles/print.dir/C_/Users/17155/ME433/Pico/pico-sdk/src/rp2_common/pico_printf/printf.c.obj
 .text._ntoa_long
                0x10002728       0xbc CMakeFiles/print.dir/C_/Users/17155/ME433/Pico/pico-sdk/src/rp2_common/pico_printf/printf.c.obj
 .text._ntoa_long_long
                0x100027e4       0xe2 CMakeFiles/print.dir/C_/Users/17155/ME433/Pico/pico-sdk/src/rp2_common/pico_printf/printf.c.obj
 *fill*         0x100028c6        0x2 
 .text._etoa    0x100028c8      0x414 CMakeFiles/print.dir/C_/Users/17155/ME433/Pico/pico-sdk/src/rp2_common/pico_printf/printf.c.obj
 .text._ftoa    0x10002cdc      0x354 CMakeFiles/print.dir/C_/Users/17155/ME433/Pico/pico-sdk/src/rp2_common/pico_printf/printf.c.obj
 .text._vsnprintf
                0x10003030      0x624 CMakeFiles/print.dir/C_/Users/17155/ME433/Pico/pico-sdk/src/rp2_common/pico_printf/printf.c.obj
 .text.__wrap_sprintf
                0x10003654       0x28 CMakeFiles/print.dir/C_/Users/17155/ME433/Pico/pico-sdk/src/rp2_common/pico_printf/printf.c.obj
                0x10003654                __wrap_sprintf
 .text.vfctprintf
                0x1000367c       0x20 CMakeFiles/print.dir/C_/Users/17155/ME433/Pico/pico-sdk/src/rp2_common/pico_printf/printf.c.obj
                0x1000367c                vfctprintf
 .text          0x1000369c       0x10 CMakeFiles/print.dir/C_/Users/17155/ME433/Pico/pico-sdk/src/rp2_common/pico_bit_ops/bit_ops_aeabi.S.obj
 .text.rom_func_lookup
                0x100036ac       0x10 CMakeFiles/print.dir/C_/Users/17155/ME433/Pico/pico-sdk/src/rp2_common/pico_bootrom/bootrom.c.obj
                0x100036ac                rom_func_lookup
 .text.rom_data_lookup
                0x100036bc       0x10 CMakeFiles/print.dir/C_/Users/17155/ME433/Pico/pico-sdk/src/rp2_common/pico_bootrom/bootrom.c.obj
                0x100036bc                rom_data_lookup
 .text.rom_funcs_lookup
                0x100036cc       0x36 CMakeFiles/print.dir/C_/Users/17155/ME433/Pico/pico-sdk/src/rp2_common/pico_bootrom/bootrom.c.obj
                0x100036cc                rom_funcs_lookup
 *fill*         0x10003702        0x2 
 .text.__wrap___aeabi_idiv
                0x10003704       0x50 CMakeFiles/print.dir/C_/Users/17155/ME433/Pico/pico-sdk/src/rp2_common/pico_divider/divider.S.obj
                0x10003704                __wrap___aeabi_idivmod
                0x10003704                divmod_s32s32
                0x10003704                div_s32s32
                0x10003704                __wrap___aeabi_idiv
                0x1000370c                divmod_s32s32_unsafe
                0x10003738                divmod_s32s32_savestate
 .text.__wrap___aeabi_uidiv
                0x10003754       0x4c CMakeFiles/print.dir/C_/Users/17155/ME433/Pico/pico-sdk/src/rp2_common/pico_divider/divider.S.obj
                0x10003754                __wrap___aeabi_uidiv
                0x10003754                __wrap___aeabi_uidivmod
                0x10003754                div_u32u32
                0x10003754                divmod_u32u32
                0x1000375c                divmod_u32u32_unsafe
                0x10003784                divmod_u32u32_savestate
 .text.__wrap___aeabi_ldiv
                0x100037a0      0x424 CMakeFiles/print.dir/C_/Users/17155/ME433/Pico/pico-sdk/src/rp2_common/pico_divider/divider.S.obj
                0x100037a0                div_s64s64
                0x100037a0                divmod_s64s64
                0x100037a0                __wrap___aeabi_ldivmod
                0x100037d0                divmod_u64u64
                0x100037d0                div_u64u64
                0x100037d0                __wrap___aeabi_uldivmod
                0x100037e0                divmod_u64u64_savestate
                0x10003800                divmod_s64s64_unsafe
                0x10003888                divmod_u64u64_unsafe
 .text.__wrap___aeabi_darithmetic
                0x10003bc4       0x80 CMakeFiles/print.dir/C_/Users/17155/ME433/Pico/pico-sdk/src/rp2_common/pico_double/double_aeabi.S.obj
                0x10003bc4                __wrap___aeabi_drsub
                0x10003bca                __wrap___aeabi_dsub
                0x10003bdc                __wrap___aeabi_dadd
                0x10003bee                __wrap___aeabi_ddiv
                0x10003c2a                __wrap___aeabi_dmul
 .text.__wrap___aeabi_cdcmple
                0x10003c44       0x6c CMakeFiles/print.dir/C_/Users/17155/ME433/Pico/pico-sdk/src/rp2_common/pico_double/double_aeabi.S.obj
                0x10003c44                __wrap___aeabi_cdrcmple
                0x10003c54                __wrap___aeabi_cdcmpeq
                0x10003c54                __wrap___aeabi_cdcmple
 .text.__wrap___aeabi_dcmpeq
                0x10003cb0       0x10 CMakeFiles/print.dir/C_/Users/17155/ME433/Pico/pico-sdk/src/rp2_common/pico_double/double_aeabi.S.obj
                0x10003cb0                __wrap___aeabi_dcmpeq
 .text.__wrap___aeabi_dcmplt
                0x10003cc0        0xc CMakeFiles/print.dir/C_/Users/17155/ME433/Pico/pico-sdk/src/rp2_common/pico_double/double_aeabi.S.obj
                0x10003cc0                __wrap___aeabi_dcmplt
 .text.__wrap___aeabi_dcmple
                0x10003ccc       0x10 CMakeFiles/print.dir/C_/Users/17155/ME433/Pico/pico-sdk/src/rp2_common/pico_double/double_aeabi.S.obj
                0x10003ccc                __wrap___aeabi_dcmple
 .text.__wrap___aeabi_dcmpge
                0x10003cdc       0x10 CMakeFiles/print.dir/C_/Users/17155/ME433/Pico/pico-sdk/src/rp2_common/pico_double/double_aeabi.S.obj
                0x10003cdc                __wrap___aeabi_dcmpge
 .text.__wrap___aeabi_dcmpgt
                0x10003cec        0xa CMakeFiles/print.dir/C_/Users/17155/ME433/Pico/pico-sdk/src/rp2_common/pico_double/double_aeabi.S.obj
                0x10003cec                __wrap___aeabi_dcmpgt
 .text.__wrap___aeabi_dcmpun
                0x10003cf6       0x1c CMakeFiles/print.dir/C_/Users/17155/ME433/Pico/pico-sdk/src/rp2_common/pico_double/double_aeabi.S.obj
                0x10003cf6                __wrap___aeabi_dcmpun
 *fill*         0x10003d12        0x2 
 .text.__wrap___aeabi_i2d
                0x10003d14       0x38 CMakeFiles/print.dir/C_/Users/17155/ME433/Pico/pico-sdk/src/rp2_common/pico_double/double_aeabi.S.obj
                0x10003d14                __wrap___aeabi_ui2d
                0x10003d1c                __wrap___aeabi_i2d
 .text.__wrap___aeabi_d2iz
                0x10003d4c       0x48 CMakeFiles/print.dir/C_/Users/17155/ME433/Pico/pico-sdk/src/rp2_common/pico_double/double_aeabi.S.obj
                0x10003d4c                double2int_z
                0x10003d4c                __wrap___aeabi_d2iz
 .text.__wrap___aeabi_d2uiz
                0x10003d94       0x18 CMakeFiles/print.dir/C_/Users/17155/ME433/Pico/pico-sdk/src/rp2_common/pico_double/double_aeabi.S.obj
                0x10003d94                __wrap___aeabi_d2uiz
                0x10003d94                double2uint
 .text.__wrap___aeabi_l2d
                0x10003dac       0x18 CMakeFiles/print.dir/C_/Users/17155/ME433/Pico/pico-sdk/src/rp2_common/pico_double/double_aeabi.S.obj
                0x10003dac                __wrap___aeabi_l2d
 .text.__wrap___aeabi_d2lz
                0x10003dc4       0x26 CMakeFiles/print.dir/C_/Users/17155/ME433/Pico/pico-sdk/src/rp2_common/pico_double/double_aeabi.S.obj
                0x10003dc4                double2int64_z
                0x10003dc4                __wrap___aeabi_d2lz
 *fill*         0x10003dea        0x2 
 .text.double2int64
                0x10003dec       0x18 CMakeFiles/print.dir/C_/Users/17155/ME433/Pico/pico-sdk/src/rp2_common/pico_double/double_aeabi.S.obj
                0x10003dec                double2int64
 .text.double2ufix64
                0x10003e04       0x18 CMakeFiles/print.dir/C_/Users/17155/ME433/Pico/pico-sdk/src/rp2_common/pico_double/double_aeabi.S.obj
                0x10003e04                double2ufix64
 .text.__wrap___aeabi_d2f
                0x10003e1c       0x18 CMakeFiles/print.dir/C_/Users/17155/ME433/Pico/pico-sdk/src/rp2_common/pico_double/double_aeabi.S.obj
                0x10003e1c                __wrap___aeabi_d2f
 .text.__aeabi_double_init
                0x10003e34       0xc8 CMakeFiles/print.dir/C_/Users/17155/ME433/Pico/pico-sdk/src/rp2_common/pico_double/double_init_rom.c.obj
                0x10003e34                __aeabi_double_init
 .text.double_table_shim_on_use_helper
                0x10003efc       0x34 CMakeFiles/print.dir/C_/Users/17155/ME433/Pico/pico-sdk/src/rp2_common/pico_double/double_v1_rom_shim.S.obj
                0x10003efc                double_table_shim_on_use_helper
 .text.__wrap___aeabi_dsub
                0x10003f30       0x10 CMakeFiles/print.dir/C_/Users/17155/ME433/Pico/pico-sdk/src/rp2_common/pico_double/double_v1_rom_shim.S.obj
                0x10003f30                drsub_shim
                0x10003f36                dsub_shim
 .text.dadd_shim
                0x10003f40      0x15c CMakeFiles/print.dir/C_/Users/17155/ME433/Pico/pico-sdk/src/rp2_common/pico_double/double_v1_rom_shim.S.obj
                0x10003f40                dadd_shim
 .text.dmul_shim
                0x1000409c      0x15c CMakeFiles/print.dir/C_/Users/17155/ME433/Pico/pico-sdk/src/rp2_common/pico_double/double_v1_rom_shim.S.obj
                0x1000409c                dmul_shim
 .text.ddiv_shim
                0x100041f8      0x1b0 CMakeFiles/print.dir/C_/Users/17155/ME433/Pico/pico-sdk/src/rp2_common/pico_double/double_v1_rom_shim.S.obj
                0x100041f8                ddiv_shim
 .text.double2uint_shim
                0x100043a8        0xe CMakeFiles/print.dir/C_/Users/17155/ME433/Pico/pico-sdk/src/rp2_common/pico_double/double_v1_rom_shim.S.obj
                0x100043a8                double2uint_shim
                0x100043aa                double2ufix_shim
 .text.double2int64_shim
                0x100043b6       0x1a CMakeFiles/print.dir/C_/Users/17155/ME433/Pico/pico-sdk/src/rp2_common/pico_double/double_v1_rom_shim.S.obj
                0x100043b6                double2int64_shim
                0x100043b8                double2fix64_shim
 .text.double2uint64_shim
                0x100043d0       0x70 CMakeFiles/print.dir/C_/Users/17155/ME433/Pico/pico-sdk/src/rp2_common/pico_double/double_v1_rom_shim.S.obj
                0x100043d0                double2uint64_shim
                0x100043d2                double2ufix64_shim
                0x100043f2                d2fix_a
 .text.double2float_shim
                0x10004440       0x5c CMakeFiles/print.dir/C_/Users/17155/ME433/Pico/pico-sdk/src/rp2_common/pico_double/double_v1_rom_shim.S.obj
                0x10004440                double2float_shim
 .text.x2double_shims
                0x1000449c       0x90 CMakeFiles/print.dir/C_/Users/17155/ME433/Pico/pico-sdk/src/rp2_common/pico_double/double_v1_rom_shim.S.obj
                0x1000449c                uint2double_shim
                0x1000449e                ufix2double_shim
                0x100044a4                int2double_shim
                0x100044a6                fix2double_shim
                0x100044ac                uint642double_shim
                0x100044ae                ufix642double_shim
                0x100044b4                int642double_shim
                0x100044b6                fix642double_shim
 .text.dunpacks
                0x1000452c       0x3c CMakeFiles/print.dir/C_/Users/17155/ME433/Pico/pico-sdk/src/rp2_common/pico_double/double_v1_rom_shim.S.obj
                0x1000452c                dunpacks
 .text.__aeabi_lmul
                0x10004568       0x32 CMakeFiles/print.dir/C_/Users/17155/ME433/Pico/pico-sdk/src/rp2_common/pico_int64_ops/pico_int64_ops_aeabi.S.obj
                0x10004568                __wrap___aeabi_lmul
 *fill*         0x1000459a        0x2 
 .text.__wrap___aeabi_farithmetic
                0x1000459c       0x58 CMakeFiles/print.dir/C_/Users/17155/ME433/Pico/pico-sdk/src/rp2_common/pico_float/float_aeabi.S.obj
                0x1000459c                __wrap___aeabi_frsub
                0x100045a2                __wrap___aeabi_fsub
                0x100045ac                __wrap___aeabi_fadd
                0x100045b6                __wrap___aeabi_fdiv
                0x100045e2                __wrap___aeabi_fmul
 .text.__wrap___aeabi_ui2f
                0x100045f4        0xa CMakeFiles/print.dir/C_/Users/17155/ME433/Pico/pico-sdk/src/rp2_common/pico_float/float_aeabi.S.obj
                0x100045f4                __wrap___aeabi_ui2f
 *fill*         0x100045fe        0x2 
 .text.__wrap___aeabi_i2f
                0x10004600       0x44 CMakeFiles/print.dir/C_/Users/17155/ME433/Pico/pico-sdk/src/rp2_common/pico_float/float_aeabi.S.obj
                0x10004600                __wrap___aeabi_i2f
 .text.__wrap___aeabi_f2d
                0x10004644       0x14 CMakeFiles/print.dir/C_/Users/17155/ME433/Pico/pico-sdk/src/rp2_common/pico_float/float_aeabi.S.obj
                0x10004644                __wrap___aeabi_f2d
 .text.__aeabi_float_init
                0x10004658       0xfc CMakeFiles/print.dir/C_/Users/17155/ME433/Pico/pico-sdk/src/rp2_common/pico_float/float_init_rom.c.obj
                0x10004658                __aeabi_float_init
 .text.float_table_shim_on_use_helper
                0x10004754       0x34 CMakeFiles/print.dir/C_/Users/17155/ME433/Pico/pico-sdk/src/rp2_common/pico_float/float_v1_rom_shim.S.obj
                0x10004754                float_table_shim_on_use_helper
 .text.float2double_shim
                0x10004788       0x30 CMakeFiles/print.dir/C_/Users/17155/ME433/Pico/pico-sdk/src/rp2_common/pico_float/float_v1_rom_shim.S.obj
                0x10004788                float2double_shim
 .text.__wrap_malloc
                0x100047b8       0x24 CMakeFiles/print.dir/C_/Users/17155/ME433/Pico/pico-sdk/src/rp2_common/pico_malloc/pico_malloc.c.obj
                0x100047b8                __wrap_malloc
 .text.__wrap_realloc
                0x100047dc       0x24 CMakeFiles/print.dir/C_/Users/17155/ME433/Pico/pico-sdk/src/rp2_common/pico_malloc/pico_malloc.c.obj
                0x100047dc                __wrap_realloc
 .text.__wrap_free
                0x10004800        0x8 CMakeFiles/print.dir/C_/Users/17155/ME433/Pico/pico-sdk/src/rp2_common/pico_malloc/pico_malloc.c.obj
                0x10004800                __wrap_free
 .text          0x10004808       0x10 CMakeFiles/print.dir/C_/Users/17155/ME433/Pico/pico-sdk/src/rp2_common/pico_mem_ops/mem_ops_aeabi.S.obj
                0x10004808                __aeabi_mem_init
 .text.memset   0x10004818        0xc CMakeFiles/print.dir/C_/Users/17155/ME433/Pico/pico-sdk/src/rp2_common/pico_mem_ops/mem_ops_aeabi.S.obj
                0x10004818                __wrap_memset
 .text.memcpy   0x10004824        0xc CMakeFiles/print.dir/C_/Users/17155/ME433/Pico/pico-sdk/src/rp2_common/pico_mem_ops/mem_ops_aeabi.S.obj
                0x10004824                __wrap_memcpy
                0x10004824                __wrap___aeabi_memcpy
 .text.stdio_out_chars_no_crlf
                0x10004830        0xe CMakeFiles/print.dir/C_/Users/17155/ME433/Pico/pico-sdk/src/rp2_common/pico_stdio/stdio.c.obj
 *fill*         0x1000483e        0x2 
 .text.stdio_out_chars_crlf
                0x10004840       0x80 CMakeFiles/print.dir/C_/Users/17155/ME433/Pico/pico-sdk/src/rp2_common/pico_stdio/stdio.c.obj
 .text.stdio_stack_buffer_flush
                0x100048c0       0x44 CMakeFiles/print.dir/C_/Users/17155/ME433/Pico/pico-sdk/src/rp2_common/pico_stdio/stdio.c.obj
 .text.stdio_buffered_printer
                0x10004904       0x20 CMakeFiles/print.dir/C_/Users/17155/ME433/Pico/pico-sdk/src/rp2_common/pico_stdio/stdio.c.obj
 .text.stdio_get_until
                0x10004924       0x80 CMakeFiles/print.dir/C_/Users/17155/ME433/Pico/pico-sdk/src/rp2_common/pico_stdio/stdio.c.obj
 .text.stdout_serialize_begin
                0x100049a4       0x5c CMakeFiles/print.dir/C_/Users/17155/ME433/Pico/pico-sdk/src/rp2_common/pico_stdio/stdio.c.obj
                0x100049a4                stdout_serialize_begin
 .text.stdout_serialize_end
                0x10004a00       0x10 CMakeFiles/print.dir/C_/Users/17155/ME433/Pico/pico-sdk/src/rp2_common/pico_stdio/stdio.c.obj
                0x10004a00                stdout_serialize_end
 .text.stdio_put_string
                0x10004a10       0x98 CMakeFiles/print.dir/C_/Users/17155/ME433/Pico/pico-sdk/src/rp2_common/pico_stdio/stdio.c.obj
 .text._read    0x10004aa8       0x24 CMakeFiles/print.dir/C_/Users/17155/ME433/Pico/pico-sdk/src/rp2_common/pico_stdio/stdio.c.obj
                0x10004aa8                _read
 .text._write   0x10004acc       0x22 CMakeFiles/print.dir/C_/Users/17155/ME433/Pico/pico-sdk/src/rp2_common/pico_stdio/stdio.c.obj
                0x10004acc                _write
 .text._close   0x10004aee        0x6 CMakeFiles/print.dir/C_/Users/17155/ME433/Pico/pico-sdk/src/rp2_common/pico_stdio/stdio.c.obj
                0x10004aee                _close
 .text._lseek   0x10004af4        0x6 CMakeFiles/print.dir/C_/Users/17155/ME433/Pico/pico-sdk/src/rp2_common/pico_stdio/stdio.c.obj
                0x10004af4                _lseek
 .text._fstat   0x10004afa        0x6 CMakeFiles/print.dir/C_/Users/17155/ME433/Pico/pico-sdk/src/rp2_common/pico_stdio/stdio.c.obj
                0x10004afa                _fstat
 .text._isatty  0x10004b00        0xc CMakeFiles/print.dir/C_/Users/17155/ME433/Pico/pico-sdk/src/rp2_common/pico_stdio/stdio.c.obj
                0x10004b00                _isatty
 .text.stdio_set_driver_enabled
                0x10004b0c       0x2c CMakeFiles/print.dir/C_/Users/17155/ME433/Pico/pico-sdk/src/rp2_common/pico_stdio/stdio.c.obj
                0x10004b0c                stdio_set_driver_enabled
 .text.stdio_flush
                0x10004b38       0x20 CMakeFiles/print.dir/C_/Users/17155/ME433/Pico/pico-sdk/src/rp2_common/pico_stdio/stdio.c.obj
                0x10004b38                stdio_flush
 .text.__wrap_puts
                0x10004b58       0x1e CMakeFiles/print.dir/C_/Users/17155/ME433/Pico/pico-sdk/src/rp2_common/pico_stdio/stdio.c.obj
                0x10004b58                __wrap_puts
 *fill*         0x10004b76        0x2 
 .text.__wrap_vprintf
                0x10004b78       0x40 CMakeFiles/print.dir/C_/Users/17155/ME433/Pico/pico-sdk/src/rp2_common/pico_stdio/stdio.c.obj
                0x10004b78                __wrap_vprintf
 .text.__wrap_printf
                0x10004bb8       0x18 CMakeFiles/print.dir/C_/Users/17155/ME433/Pico/pico-sdk/src/rp2_common/pico_stdio/stdio.c.obj
                0x10004bb8                __wrap_printf
 .text.stdio_init_all
                0x10004bd0        0x8 CMakeFiles/print.dir/C_/Users/17155/ME433/Pico/pico-sdk/src/rp2_common/pico_stdio/stdio.c.obj
                0x10004bd0                stdio_init_all
 .text.resetd_init
                0x10004bd8        0x2 CMakeFiles/print.dir/C_/Users/17155/ME433/Pico/pico-sdk/src/rp2_common/pico_stdio_usb/reset_interface.c.obj
 *fill*         0x10004bda        0x2 
 .text.resetd_reset
                0x10004bdc        0xc CMakeFiles/print.dir/C_/Users/17155/ME433/Pico/pico-sdk/src/rp2_common/pico_stdio_usb/reset_interface.c.obj
 .text.resetd_open
                0x10004be8       0x34 CMakeFiles/print.dir/C_/Users/17155/ME433/Pico/pico-sdk/src/rp2_common/pico_stdio_usb/reset_interface.c.obj
 .text.resetd_xfer_cb
                0x10004c1c        0x4 CMakeFiles/print.dir/C_/Users/17155/ME433/Pico/pico-sdk/src/rp2_common/pico_stdio_usb/reset_interface.c.obj
 .text.reset_usb_boot
                0x10004c20       0x18 CMakeFiles/print.dir/C_/Users/17155/ME433/Pico/pico-sdk/src/rp2_common/pico_stdio_usb/reset_interface.c.obj
 .text.resetd_control_xfer_cb
                0x10004c38       0x5c CMakeFiles/print.dir/C_/Users/17155/ME433/Pico/pico-sdk/src/rp2_common/pico_stdio_usb/reset_interface.c.obj
 .text.usbd_app_driver_get_cb
                0x10004c94        0xc CMakeFiles/print.dir/C_/Users/17155/ME433/Pico/pico-sdk/src/rp2_common/pico_stdio_usb/reset_interface.c.obj
                0x10004c94                usbd_app_driver_get_cb
 .text.tud_cdc_line_coding_cb
                0x10004ca0       0x28 CMakeFiles/print.dir/C_/Users/17155/ME433/Pico/pico-sdk/src/rp2_common/pico_stdio_usb/reset_interface.c.obj
                0x10004ca0                tud_cdc_line_coding_cb
 .text.stdio_usb_set_chars_available_callback
                0x10004cc8       0x14 CMakeFiles/print.dir/C_/Users/17155/ME433/Pico/pico-sdk/src/rp2_common/pico_stdio_usb/stdio_usb.c.obj
                0x10004cc8                stdio_usb_set_chars_available_callback
 .text.usb_irq  0x10004cdc       0x10 CMakeFiles/print.dir/C_/Users/17155/ME433/Pico/pico-sdk/src/rp2_common/pico_stdio_usb/stdio_usb.c.obj
 .text.timer_task
                0x10004cec       0x5c CMakeFiles/print.dir/C_/Users/17155/ME433/Pico/pico-sdk/src/rp2_common/pico_stdio_usb/stdio_usb.c.obj
 .text.low_priority_worker_irq
                0x10004d48       0xdc CMakeFiles/print.dir/C_/Users/17155/ME433/Pico/pico-sdk/src/rp2_common/pico_stdio_usb/stdio_usb.c.obj
 .text.tud_cdc_rx_cb
                0x10004e24       0x20 CMakeFiles/print.dir/C_/Users/17155/ME433/Pico/pico-sdk/src/rp2_common/pico_stdio_usb/stdio_usb.c.obj
                0x10004e24                tud_cdc_rx_cb
 .text.stdio_usb_init
                0x10004e44      0x11c CMakeFiles/print.dir/C_/Users/17155/ME433/Pico/pico-sdk/src/rp2_common/pico_stdio_usb/stdio_usb.c.obj
                0x10004e44                stdio_usb_init
 .text.stdio_usb_connected
                0x10004f60        0xa CMakeFiles/print.dir/C_/Users/17155/ME433/Pico/pico-sdk/src/rp2_common/pico_stdio_usb/stdio_usb.c.obj
                0x10004f60                stdio_usb_connected
 *fill*         0x10004f6a        0x2 
 .text.stdio_usb_in_chars
                0x10004f6c       0xc4 CMakeFiles/print.dir/C_/Users/17155/ME433/Pico/pico-sdk/src/rp2_common/pico_stdio_usb/stdio_usb.c.obj
                0x10004f6c                stdio_usb_in_chars
 .text.stdio_usb_out_chars
                0x10005030      0x114 CMakeFiles/print.dir/C_/Users/17155/ME433/Pico/pico-sdk/src/rp2_common/pico_stdio_usb/stdio_usb.c.obj
 .text.tud_descriptor_device_cb
                0x10005144        0x8 CMakeFiles/print.dir/C_/Users/17155/ME433/Pico/pico-sdk/src/rp2_common/pico_stdio_usb/stdio_usb_descriptors.c.obj
                0x10005144                tud_descriptor_device_cb
 .text.tud_descriptor_configuration_cb
                0x1000514c        0x8 CMakeFiles/print.dir/C_/Users/17155/ME433/Pico/pico-sdk/src/rp2_common/pico_stdio_usb/stdio_usb_descriptors.c.obj
                0x1000514c                tud_descriptor_configuration_cb
 .text.tud_descriptor_string_cb
                0x10005154       0x6c CMakeFiles/print.dir/C_/Users/17155/ME433/Pico/pico-sdk/src/rp2_common/pico_stdio_usb/stdio_usb_descriptors.c.obj
                0x10005154                tud_descriptor_string_cb
 .text._retrieve_unique_id_on_boot
                0x100051c0       0x10 CMakeFiles/print.dir/C_/Users/17155/ME433/Pico/pico-sdk/src/rp2_common/pico_unique_id/unique_id.c.obj
 .text.pico_get_unique_board_id_string
                0x100051d0       0x60 CMakeFiles/print.dir/C_/Users/17155/ME433/Pico/pico-sdk/src/rp2_common/pico_unique_id/unique_id.c.obj
                0x100051d0                pico_get_unique_board_id_string
 .text.flash_get_unique_id
                0x10005230       0x46 CMakeFiles/print.dir/C_/Users/17155/ME433/Pico/pico-sdk/src/rp2_common/hardware_flash/flash.c.obj
                0x10005230                flash_get_unique_id
 *fill*         0x10005276        0x2 
 .text.hw_endpoint_get_by_addr
                0x10005278       0x18 CMakeFiles/print.dir/C_/Users/17155/ME433/Pico/pico-sdk/lib/tinyusb/src/portable/raspberrypi/rp2040/dcd_rp2040.c.obj
 .text._hw_endpoint_alloc
                0x10005290       0x70 CMakeFiles/print.dir/C_/Users/17155/ME433/Pico/pico-sdk/lib/tinyusb/src/portable/raspberrypi/rp2040/dcd_rp2040.c.obj
 .text.hw_endpoint_init
                0x10005300       0x88 CMakeFiles/print.dir/C_/Users/17155/ME433/Pico/pico-sdk/lib/tinyusb/src/portable/raspberrypi/rp2040/dcd_rp2040.c.obj
 .text.hw_endpoint_xfer
                0x10005388       0x14 CMakeFiles/print.dir/C_/Users/17155/ME433/Pico/pico-sdk/lib/tinyusb/src/portable/raspberrypi/rp2040/dcd_rp2040.c.obj
 .text.dcd_int_enable
                0x1000539c       0x2c CMakeFiles/print.dir/C_/Users/17155/ME433/Pico/pico-sdk/lib/tinyusb/src/portable/raspberrypi/rp2040/dcd_rp2040.c.obj
                0x1000539c                dcd_int_enable
 .text.dcd_set_address
                0x100053c8       0x2c CMakeFiles/print.dir/C_/Users/17155/ME433/Pico/pico-sdk/lib/tinyusb/src/portable/raspberrypi/rp2040/dcd_rp2040.c.obj
                0x100053c8                dcd_set_address
 .text.dcd_connect
                0x100053f4       0x10 CMakeFiles/print.dir/C_/Users/17155/ME433/Pico/pico-sdk/lib/tinyusb/src/portable/raspberrypi/rp2040/dcd_rp2040.c.obj
                0x100053f4                dcd_connect
 .text.dcd_init
                0x10005404       0x80 CMakeFiles/print.dir/C_/Users/17155/ME433/Pico/pico-sdk/lib/tinyusb/src/portable/raspberrypi/rp2040/dcd_rp2040.c.obj
                0x10005404                dcd_init
 .text.dcd_edpt0_status_complete
                0x10005484       0x1c CMakeFiles/print.dir/C_/Users/17155/ME433/Pico/pico-sdk/lib/tinyusb/src/portable/raspberrypi/rp2040/dcd_rp2040.c.obj
                0x10005484                dcd_edpt0_status_complete
 .text.dcd_edpt_open
                0x100054a0       0x40 CMakeFiles/print.dir/C_/Users/17155/ME433/Pico/pico-sdk/lib/tinyusb/src/portable/raspberrypi/rp2040/dcd_rp2040.c.obj
                0x100054a0                dcd_edpt_open
 .text.dcd_edpt_close_all
                0x100054e0        0x8 CMakeFiles/print.dir/C_/Users/17155/ME433/Pico/pico-sdk/lib/tinyusb/src/portable/raspberrypi/rp2040/dcd_rp2040.c.obj
                0x100054e0                dcd_edpt_close_all
 .text.dcd_edpt_xfer
                0x100054e8       0x34 CMakeFiles/print.dir/C_/Users/17155/ME433/Pico/pico-sdk/lib/tinyusb/src/portable/raspberrypi/rp2040/dcd_rp2040.c.obj
                0x100054e8                dcd_edpt_xfer
 .text.dcd_edpt_stall
                0x1000551c       0x2c CMakeFiles/print.dir/C_/Users/17155/ME433/Pico/pico-sdk/lib/tinyusb/src/portable/raspberrypi/rp2040/dcd_rp2040.c.obj
                0x1000551c                dcd_edpt_stall
 .text.dcd_edpt_clear_stall
                0x10005548       0x20 CMakeFiles/print.dir/C_/Users/17155/ME433/Pico/pico-sdk/lib/tinyusb/src/portable/raspberrypi/rp2040/dcd_rp2040.c.obj
                0x10005548                dcd_edpt_clear_stall
 .text.rp2040_usb_init
                0x10005568       0x4c CMakeFiles/print.dir/C_/Users/17155/ME433/Pico/pico-sdk/lib/tinyusb/src/portable/raspberrypi/rp2040/rp2040_usb.c.obj
                0x10005568                rp2040_usb_init
 .text.hw_endpoint_xfer_start
                0x100055b4       0x50 CMakeFiles/print.dir/C_/Users/17155/ME433/Pico/pico-sdk/lib/tinyusb/src/portable/raspberrypi/rp2040/rp2040_usb.c.obj
                0x100055b4                hw_endpoint_xfer_start
 .text.configuration_reset
                0x10005604       0x84 CMakeFiles/print.dir/C_/Users/17155/ME433/Pico/pico-sdk/lib/tinyusb/src/device/usbd.c.obj
 .text.usbd_reset
                0x10005688        0xc CMakeFiles/print.dir/C_/Users/17155/ME433/Pico/pico-sdk/lib/tinyusb/src/device/usbd.c.obj
 .text.invoke_class_control
                0x10005694       0x1a CMakeFiles/print.dir/C_/Users/17155/ME433/Pico/pico-sdk/lib/tinyusb/src/device/usbd.c.obj
 *fill*         0x100056ae        0x2 
 .text.process_set_config
                0x100056b0      0x178 CMakeFiles/print.dir/C_/Users/17155/ME433/Pico/pico-sdk/lib/tinyusb/src/device/usbd.c.obj
 .text.process_get_descriptor
                0x10005828       0xdc CMakeFiles/print.dir/C_/Users/17155/ME433/Pico/pico-sdk/lib/tinyusb/src/device/usbd.c.obj
 .text.tud_mounted
                0x10005904       0x10 CMakeFiles/print.dir/C_/Users/17155/ME433/Pico/pico-sdk/lib/tinyusb/src/device/usbd.c.obj
                0x10005904                tud_mounted
 .text.tud_suspended
                0x10005914       0x10 CMakeFiles/print.dir/C_/Users/17155/ME433/Pico/pico-sdk/lib/tinyusb/src/device/usbd.c.obj
                0x10005914                tud_suspended
 .text.tud_inited
                0x10005924       0x14 CMakeFiles/print.dir/C_/Users/17155/ME433/Pico/pico-sdk/lib/tinyusb/src/device/usbd.c.obj
                0x10005924                tud_inited
 .text.tud_init
                0x10005938       0xcc CMakeFiles/print.dir/C_/Users/17155/ME433/Pico/pico-sdk/lib/tinyusb/src/device/usbd.c.obj
                0x10005938                tud_init
 .text.usbd_defer_func
                0x10005a04       0x2a CMakeFiles/print.dir/C_/Users/17155/ME433/Pico/pico-sdk/lib/tinyusb/src/device/usbd.c.obj
                0x10005a04                usbd_defer_func
 *fill*         0x10005a2e        0x2 
 .text.usbd_edpt_open
                0x10005a30       0x34 CMakeFiles/print.dir/C_/Users/17155/ME433/Pico/pico-sdk/lib/tinyusb/src/device/usbd.c.obj
                0x10005a30                usbd_edpt_open
 .text.usbd_open_edpt_pair
                0x10005a64       0x62 CMakeFiles/print.dir/C_/Users/17155/ME433/Pico/pico-sdk/lib/tinyusb/src/device/usbd.c.obj
                0x10005a64                usbd_open_edpt_pair
 *fill*         0x10005ac6        0x2 
 .text.usbd_edpt_claim
                0x10005ac8       0x28 CMakeFiles/print.dir/C_/Users/17155/ME433/Pico/pico-sdk/lib/tinyusb/src/device/usbd.c.obj
                0x10005ac8                usbd_edpt_claim
 .text.usbd_edpt_release
                0x10005af0       0x28 CMakeFiles/print.dir/C_/Users/17155/ME433/Pico/pico-sdk/lib/tinyusb/src/device/usbd.c.obj
                0x10005af0                usbd_edpt_release
 .text.usbd_edpt_xfer
                0x10005b18       0x78 CMakeFiles/print.dir/C_/Users/17155/ME433/Pico/pico-sdk/lib/tinyusb/src/device/usbd.c.obj
                0x10005b18                usbd_edpt_xfer
 .text.usbd_edpt_stall
                0x10005b90       0x48 CMakeFiles/print.dir/C_/Users/17155/ME433/Pico/pico-sdk/lib/tinyusb/src/device/usbd.c.obj
                0x10005b90                usbd_edpt_stall
 .text.usbd_edpt_clear_stall
                0x10005bd8       0x48 CMakeFiles/print.dir/C_/Users/17155/ME433/Pico/pico-sdk/lib/tinyusb/src/device/usbd.c.obj
                0x10005bd8                usbd_edpt_clear_stall
 .text.usbd_edpt_stalled
                0x10005c20       0x1c CMakeFiles/print.dir/C_/Users/17155/ME433/Pico/pico-sdk/lib/tinyusb/src/device/usbd.c.obj
                0x10005c20                usbd_edpt_stalled
 .text.process_control_request
                0x10005c3c      0x37c CMakeFiles/print.dir/C_/Users/17155/ME433/Pico/pico-sdk/lib/tinyusb/src/device/usbd.c.obj
 .text.tud_task_ext
                0x10005fb8      0x1b8 CMakeFiles/print.dir/C_/Users/17155/ME433/Pico/pico-sdk/lib/tinyusb/src/device/usbd.c.obj
                0x10005fb8                tud_task_ext
 .text._data_stage_xact
                0x10006170       0x58 CMakeFiles/print.dir/C_/Users/17155/ME433/Pico/pico-sdk/lib/tinyusb/src/device/usbd_control.c.obj
 .text.tud_control_status
                0x100061c8       0x38 CMakeFiles/print.dir/C_/Users/17155/ME433/Pico/pico-sdk/lib/tinyusb/src/device/usbd_control.c.obj
                0x100061c8                tud_control_status
 .text.tud_control_xfer
                0x10006200       0x74 CMakeFiles/print.dir/C_/Users/17155/ME433/Pico/pico-sdk/lib/tinyusb/src/device/usbd_control.c.obj
                0x10006200                tud_control_xfer
 .text.usbd_control_reset
                0x10006274       0x14 CMakeFiles/print.dir/C_/Users/17155/ME433/Pico/pico-sdk/lib/tinyusb/src/device/usbd_control.c.obj
                0x10006274                usbd_control_reset
 .text.usbd_control_set_complete_callback
                0x10006288        0xc CMakeFiles/print.dir/C_/Users/17155/ME433/Pico/pico-sdk/lib/tinyusb/src/device/usbd_control.c.obj
                0x10006288                usbd_control_set_complete_callback
 .text.usbd_control_set_request
                0x10006294       0x1c CMakeFiles/print.dir/C_/Users/17155/ME433/Pico/pico-sdk/lib/tinyusb/src/device/usbd_control.c.obj
                0x10006294                usbd_control_set_request
 .text.usbd_control_xfer_cb
                0x100062b0       0xcc CMakeFiles/print.dir/C_/Users/17155/ME433/Pico/pico-sdk/lib/tinyusb/src/device/usbd_control.c.obj
                0x100062b0                usbd_control_xfer_cb
 .text._prep_out_transaction
                0x1000637c       0x4a CMakeFiles/print.dir/C_/Users/17155/ME433/Pico/pico-sdk/lib/tinyusb/src/class/cdc/cdc_device.c.obj
 *fill*         0x100063c6        0x2 
 .text.tud_cdc_n_connected
                0x100063c8       0x44 CMakeFiles/print.dir/C_/Users/17155/ME433/Pico/pico-sdk/lib/tinyusb/src/class/cdc/cdc_device.c.obj
                0x100063c8                tud_cdc_n_connected
 .text.tud_cdc_n_available
                0x1000640c       0x18 CMakeFiles/print.dir/C_/Users/17155/ME433/Pico/pico-sdk/lib/tinyusb/src/class/cdc/cdc_device.c.obj
                0x1000640c                tud_cdc_n_available
 .text.tud_cdc_n_read
                0x10006424       0x28 CMakeFiles/print.dir/C_/Users/17155/ME433/Pico/pico-sdk/lib/tinyusb/src/class/cdc/cdc_device.c.obj
                0x10006424                tud_cdc_n_read
 .text.tud_cdc_n_write_flush
                0x1000644c       0xb8 CMakeFiles/print.dir/C_/Users/17155/ME433/Pico/pico-sdk/lib/tinyusb/src/class/cdc/cdc_device.c.obj
                0x1000644c                tud_cdc_n_write_flush
 .text.tud_cdc_n_write
                0x10006504       0x38 CMakeFiles/print.dir/C_/Users/17155/ME433/Pico/pico-sdk/lib/tinyusb/src/class/cdc/cdc_device.c.obj
                0x10006504                tud_cdc_n_write
 .text.tud_cdc_n_write_available
                0x1000653c       0x1c CMakeFiles/print.dir/C_/Users/17155/ME433/Pico/pico-sdk/lib/tinyusb/src/class/cdc/cdc_device.c.obj
                0x1000653c                tud_cdc_n_write_available
 .text.cdcd_init
                0x10006558       0xbc CMakeFiles/print.dir/C_/Users/17155/ME433/Pico/pico-sdk/lib/tinyusb/src/class/cdc/cdc_device.c.obj
                0x10006558                cdcd_init
 .text.cdcd_reset
                0x10006614       0x44 CMakeFiles/print.dir/C_/Users/17155/ME433/Pico/pico-sdk/lib/tinyusb/src/class/cdc/cdc_device.c.obj
                0x10006614                cdcd_reset
 .text.cdcd_open
                0x10006658       0xcc CMakeFiles/print.dir/C_/Users/17155/ME433/Pico/pico-sdk/lib/tinyusb/src/class/cdc/cdc_device.c.obj
                0x10006658                cdcd_open
 .text.cdcd_control_xfer_cb
                0x10006724      0x134 CMakeFiles/print.dir/C_/Users/17155/ME433/Pico/pico-sdk/lib/tinyusb/src/class/cdc/cdc_device.c.obj
                0x10006724                cdcd_control_xfer_cb
 .text.cdcd_xfer_cb
                0x10006858      0x130 CMakeFiles/print.dir/C_/Users/17155/ME433/Pico/pico-sdk/lib/tinyusb/src/class/cdc/cdc_device.c.obj
                0x10006858                cdcd_xfer_cb
 .text.tusb_init
                0x10006988        0xa CMakeFiles/print.dir/C_/Users/17155/ME433/Pico/pico-sdk/lib/tinyusb/src/tusb.c.obj
                0x10006988                tusb_init
 .text.tusb_inited
                0x10006992        0xe CMakeFiles/print.dir/C_/Users/17155/ME433/Pico/pico-sdk/lib/tinyusb/src/tusb.c.obj
                0x10006992                tusb_inited
 .text.tu_edpt_claim
                0x100069a0       0x50 CMakeFiles/print.dir/C_/Users/17155/ME433/Pico/pico-sdk/lib/tinyusb/src/tusb.c.obj
                0x100069a0                tu_edpt_claim
 .text.tu_edpt_release
                0x100069f0       0x3c CMakeFiles/print.dir/C_/Users/17155/ME433/Pico/pico-sdk/lib/tinyusb/src/tusb.c.obj
                0x100069f0                tu_edpt_release
 .text.tu_edpt_validate
                0x10006a2c       0x78 CMakeFiles/print.dir/C_/Users/17155/ME433/Pico/pico-sdk/lib/tinyusb/src/tusb.c.obj
                0x10006a2c                tu_edpt_validate
 .text.tu_edpt_bind_driver
                0x10006aa4       0x26 CMakeFiles/print.dir/C_/Users/17155/ME433/Pico/pico-sdk/lib/tinyusb/src/tusb.c.obj
                0x10006aa4                tu_edpt_bind_driver
 .text.advance_index
                0x10006aca       0x1a CMakeFiles/print.dir/C_/Users/17155/ME433/Pico/pico-sdk/lib/tinyusb/src/common/tusb_fifo.c.obj
 .text._tu_fifo_peek
                0x10006ae4       0x56 CMakeFiles/print.dir/C_/Users/17155/ME433/Pico/pico-sdk/lib/tinyusb/src/common/tusb_fifo.c.obj
 .text._ff_pull_const_addr
                0x10006b3a       0x4c CMakeFiles/print.dir/C_/Users/17155/ME433/Pico/pico-sdk/lib/tinyusb/src/common/tusb_fifo.c.obj
 .text._ff_pull_n
                0x10006b86      0x110 CMakeFiles/print.dir/C_/Users/17155/ME433/Pico/pico-sdk/lib/tinyusb/src/common/tusb_fifo.c.obj
 .text._tu_fifo_peek_n
                0x10006c96       0x6a CMakeFiles/print.dir/C_/Users/17155/ME433/Pico/pico-sdk/lib/tinyusb/src/common/tusb_fifo.c.obj
 .text._tu_fifo_read_n
                0x10006d00       0x4e CMakeFiles/print.dir/C_/Users/17155/ME433/Pico/pico-sdk/lib/tinyusb/src/common/tusb_fifo.c.obj
 .text._ff_push_const_addr
                0x10006d4e       0x40 CMakeFiles/print.dir/C_/Users/17155/ME433/Pico/pico-sdk/lib/tinyusb/src/common/tusb_fifo.c.obj
 .text._ff_push_n
                0x10006d8e      0x10c CMakeFiles/print.dir/C_/Users/17155/ME433/Pico/pico-sdk/lib/tinyusb/src/common/tusb_fifo.c.obj
 .text._tu_fifo_write_n
                0x10006e9a       0xf0 CMakeFiles/print.dir/C_/Users/17155/ME433/Pico/pico-sdk/lib/tinyusb/src/common/tusb_fifo.c.obj
 .text.tu_fifo_config
                0x10006f8a       0x7c CMakeFiles/print.dir/C_/Users/17155/ME433/Pico/pico-sdk/lib/tinyusb/src/common/tusb_fifo.c.obj
                0x10006f8a                tu_fifo_config
 .text.tu_fifo_count
                0x10007006       0x2a CMakeFiles/print.dir/C_/Users/17155/ME433/Pico/pico-sdk/lib/tinyusb/src/common/tusb_fifo.c.obj
                0x10007006                tu_fifo_count
 .text.tu_fifo_empty
                0x10007030       0x10 CMakeFiles/print.dir/C_/Users/17155/ME433/Pico/pico-sdk/lib/tinyusb/src/common/tusb_fifo.c.obj
                0x10007030                tu_fifo_empty
 .text.tu_fifo_full
                0x10007040       0x28 CMakeFiles/print.dir/C_/Users/17155/ME433/Pico/pico-sdk/lib/tinyusb/src/common/tusb_fifo.c.obj
                0x10007040                tu_fifo_full
 .text.tu_fifo_remaining
                0x10007068       0x2c CMakeFiles/print.dir/C_/Users/17155/ME433/Pico/pico-sdk/lib/tinyusb/src/common/tusb_fifo.c.obj
                0x10007068                tu_fifo_remaining
 .text.tu_fifo_read
                0x10007094       0x42 CMakeFiles/print.dir/C_/Users/17155/ME433/Pico/pico-sdk/lib/tinyusb/src/common/tusb_fifo.c.obj
                0x10007094                tu_fifo_read
 .text.tu_fifo_read_n
                0x100070d6        0xa CMakeFiles/print.dir/C_/Users/17155/ME433/Pico/pico-sdk/lib/tinyusb/src/common/tusb_fifo.c.obj
                0x100070d6                tu_fifo_read_n
 .text.tu_fifo_write
                0x100070e0       0x64 CMakeFiles/print.dir/C_/Users/17155/ME433/Pico/pico-sdk/lib/tinyusb/src/common/tusb_fifo.c.obj
                0x100070e0                tu_fifo_write
 .text.tu_fifo_write_n
                0x10007144        0xa CMakeFiles/print.dir/C_/Users/17155/ME433/Pico/pico-sdk/lib/tinyusb/src/common/tusb_fifo.c.obj
                0x10007144                tu_fifo_write_n
 .text.tu_fifo_clear
                0x1000714e       0x3e CMakeFiles/print.dir/C_/Users/17155/ME433/Pico/pico-sdk/lib/tinyusb/src/common/tusb_fifo.c.obj
                0x1000714e                tu_fifo_clear
 .text.tu_fifo_set_overwritable
                0x1000718c       0x46 CMakeFiles/print.dir/C_/Users/17155/ME433/Pico/pico-sdk/lib/tinyusb/src/common/tusb_fifo.c.obj
                0x1000718c                tu_fifo_set_overwritable
 *fill*         0x100071d2        0x2 
 .text.adc_init
                0x100071d4       0x34 CMakeFiles/print.dir/C_/Users/17155/ME433/Pico/pico-sdk/src/rp2_common/hardware_adc/adc.c.obj
                0x100071d4                adc_init
 .text._calloc_r
                0x10007208       0x9c c:/program files (x86)/gnu arm embedded toolchain/10 2021.10/bin/../lib/gcc/arm-none-eabi/10.3.1/../../../../arm-none-eabi/lib/thumb/v6-m/nofp\libg.a(lib_a-callocr.o)
                0x10007208                _calloc_r
 .text.__errno  0x100072a4        0xc c:/program files (x86)/gnu arm embedded toolchain/10 2021.10/bin/../lib/gcc/arm-none-eabi/10.3.1/../../../../arm-none-eabi/lib/thumb/v6-m/nofp\libg.a(lib_a-errno.o)
                0x100072a4                __errno
 .text.malloc   0x100072b0       0x14 c:/program files (x86)/gnu arm embedded toolchain/10 2021.10/bin/../lib/gcc/arm-none-eabi/10.3.1/../../../../arm-none-eabi/lib/thumb/v6-m/nofp\libg.a(lib_a-malloc.o)
                0x100072b0                malloc
 .text.free     0x100072c4       0x14 c:/program files (x86)/gnu arm embedded toolchain/10 2021.10/bin/../lib/gcc/arm-none-eabi/10.3.1/../../../../arm-none-eabi/lib/thumb/v6-m/nofp\libg.a(lib_a-malloc.o)
                0x100072c4                free
 .text._malloc_r
                0x100072d8      0x584 c:/program files (x86)/gnu arm embedded toolchain/10 2021.10/bin/../lib/gcc/arm-none-eabi/10.3.1/../../../../arm-none-eabi/lib/thumb/v6-m/nofp\libg.a(lib_a-mallocr.o)
                0x100072d8                _malloc_r
 .text.__malloc_lock
                0x1000785c       0x10 c:/program files (x86)/gnu arm embedded toolchain/10 2021.10/bin/../lib/gcc/arm-none-eabi/10.3.1/../../../../arm-none-eabi/lib/thumb/v6-m/nofp\libg.a(lib_a-mlock.o)
                0x1000785c                __malloc_lock
 .text.__malloc_unlock
                0x1000786c       0x10 c:/program files (x86)/gnu arm embedded toolchain/10 2021.10/bin/../lib/gcc/arm-none-eabi/10.3.1/../../../../arm-none-eabi/lib/thumb/v6-m/nofp\libg.a(lib_a-mlock.o)
                0x1000786c                __malloc_unlock
 .text.realloc  0x1000787c       0x18 c:/program files (x86)/gnu arm embedded toolchain/10 2021.10/bin/../lib/gcc/arm-none-eabi/10.3.1/../../../../arm-none-eabi/lib/thumb/v6-m/nofp\libg.a(lib_a-realloc.o)
                0x1000787c                realloc
 .text._realloc_r
                0x10007894      0x354 c:/program files (x86)/gnu arm embedded toolchain/10 2021.10/bin/../lib/gcc/arm-none-eabi/10.3.1/../../../../arm-none-eabi/lib/thumb/v6-m/nofp\libg.a(lib_a-reallocr.o)
                0x10007894                _realloc_r
 .text._sbrk_r  0x10007be8       0x24 c:/program files (x86)/gnu arm embedded toolchain/10 2021.10/bin/../lib/gcc/arm-none-eabi/10.3.1/../../../../arm-none-eabi/lib/thumb/v6-m/nofp\libg.a(lib_a-sbrkr.o)
                0x10007be8                _sbrk_r
 .text.scanf    0x10007c0c       0x24 c:/program files (x86)/gnu arm embedded toolchain/10 2021.10/bin/../lib/gcc/arm-none-eabi/10.3.1/../../../../arm-none-eabi/lib/thumb/v6-m/nofp\libg.a(lib_a-scanf.o)
                0x10007c0c                scanf
 .text.strlen   0x10007c30       0x5c c:/program files (x86)/gnu arm embedded toolchain/10 2021.10/bin/../lib/gcc/arm-none-eabi/10.3.1/../../../../arm-none-eabi/lib/thumb/v6-m/nofp\libg.a(lib_a-strlen-stub.o)
                0x10007c30                strlen
 .text.__svfscanf_r
                0x10007c8c     0x17d8 c:/program files (x86)/gnu arm embedded toolchain/10 2021.10/bin/../lib/gcc/arm-none-eabi/10.3.1/../../../../arm-none-eabi/lib/thumb/v6-m/nofp\libg.a(lib_a-vfscanf.o)
                0x10007c8c                __svfscanf_r
 .text._vfscanf_r
                0x10009464       0x28 c:/program files (x86)/gnu arm embedded toolchain/10 2021.10/bin/../lib/gcc/arm-none-eabi/10.3.1/../../../../arm-none-eabi/lib/thumb/v6-m/nofp\libg.a(lib_a-vfscanf.o)
                0x10009464                _vfscanf_r
 .text._cleanup_r
                0x1000948c       0x10 c:/program files (x86)/gnu arm embedded toolchain/10 2021.10/bin/../lib/gcc/arm-none-eabi/10.3.1/../../../../arm-none-eabi/lib/thumb/v6-m/nofp\libg.a(lib_a-findfp.o)
                0x1000948c                _cleanup_r
 .text.__sinit  0x1000949c      0x120 c:/program files (x86)/gnu arm embedded toolchain/10 2021.10/bin/../lib/gcc/arm-none-eabi/10.3.1/../../../../arm-none-eabi/lib/thumb/v6-m/nofp\libg.a(lib_a-findfp.o)
                0x1000949c                __sinit
 .text.__sfp_lock_acquire
                0x100095bc       0x10 c:/program files (x86)/gnu arm embedded toolchain/10 2021.10/bin/../lib/gcc/arm-none-eabi/10.3.1/../../../../arm-none-eabi/lib/thumb/v6-m/nofp\libg.a(lib_a-findfp.o)
                0x100095bc                __sfp_lock_acquire
 .text.__sfp_lock_release
                0x100095cc       0x10 c:/program files (x86)/gnu arm embedded toolchain/10 2021.10/bin/../lib/gcc/arm-none-eabi/10.3.1/../../../../arm-none-eabi/lib/thumb/v6-m/nofp\libg.a(lib_a-findfp.o)
                0x100095cc                __sfp_lock_release
 .text._fread_r
                0x100095dc      0x1bc c:/program files (x86)/gnu arm embedded toolchain/10 2021.10/bin/../lib/gcc/arm-none-eabi/10.3.1/../../../../arm-none-eabi/lib/thumb/v6-m/nofp\libg.a(lib_a-fread.o)
                0x100095dc                _fread_r
 .text._malloc_trim_r
                0x10009798       0x9c c:/program files (x86)/gnu arm embedded toolchain/10 2021.10/bin/../lib/gcc/arm-none-eabi/10.3.1/../../../../arm-none-eabi/lib/thumb/v6-m/nofp\libg.a(lib_a-freer.o)
                0x10009798                _malloc_trim_r
 .text._free_r  0x10009834      0x1c4 c:/program files (x86)/gnu arm embedded toolchain/10 2021.10/bin/../lib/gcc/arm-none-eabi/10.3.1/../../../../arm-none-eabi/lib/thumb/v6-m/nofp\libg.a(lib_a-freer.o)
                0x10009834                _free_r
 .text._fwalk   0x100099f8       0x40 c:/program files (x86)/gnu arm embedded toolchain/10 2021.10/bin/../lib/gcc/arm-none-eabi/10.3.1/../../../../arm-none-eabi/lib/thumb/v6-m/nofp\libg.a(lib_a-fwalk.o)
                0x100099f8                _fwalk
 .text._fwalk_reent
                0x10009a38       0x48 c:/program files (x86)/gnu arm embedded toolchain/10 2021.10/bin/../lib/gcc/arm-none-eabi/10.3.1/../../../../arm-none-eabi/lib/thumb/v6-m/nofp\libg.a(lib_a-fwalk.o)
                0x10009a38                _fwalk_reent
 .text.iswspace
                0x10009a80        0xc c:/program files (x86)/gnu arm embedded toolchain/10 2021.10/bin/../lib/gcc/arm-none-eabi/10.3.1/../../../../arm-none-eabi/lib/thumb/v6-m/nofp\libg.a(lib_a-iswspace.o)
                0x10009a80                iswspace
 .text.iswspace_l
                0x10009a8c       0x18 c:/program files (x86)/gnu arm embedded toolchain/10 2021.10/bin/../lib/gcc/arm-none-eabi/10.3.1/../../../../arm-none-eabi/lib/thumb/v6-m/nofp\libg.a(lib_a-iswspace_l.o)
                0x10009a8c                iswspace_l
 .text.__locale_mb_cur_max
                0x10009aa4       0x10 c:/program files (x86)/gnu arm embedded toolchain/10 2021.10/bin/../lib/gcc/arm-none-eabi/10.3.1/../../../../arm-none-eabi/lib/thumb/v6-m/nofp\libg.a(lib_a-locale.o)
                0x10009aa4                __locale_mb_cur_max
 .text._localeconv_r
                0x10009ab4        0x8 c:/program files (x86)/gnu arm embedded toolchain/10 2021.10/bin/../lib/gcc/arm-none-eabi/10.3.1/../../../../arm-none-eabi/lib/thumb/v6-m/nofp\libg.a(lib_a-localeconv.o)
                0x10009ab4                _localeconv_r
 .text.__retarget_lock_init_recursive
                0x10009abc        0x4 c:/program files (x86)/gnu arm embedded toolchain/10 2021.10/bin/../lib/gcc/arm-none-eabi/10.3.1/../../../../arm-none-eabi/lib/thumb/v6-m/nofp\libg.a(lib_a-lock.o)
                0x10009abc                __retarget_lock_init_recursive
 .text.__retarget_lock_close_recursive
                0x10009ac0        0x4 c:/program files (x86)/gnu arm embedded toolchain/10 2021.10/bin/../lib/gcc/arm-none-eabi/10.3.1/../../../../arm-none-eabi/lib/thumb/v6-m/nofp\libg.a(lib_a-lock.o)
                0x10009ac0                __retarget_lock_close_recursive
 .text.__retarget_lock_acquire_recursive
                0x10009ac4        0x4 c:/program files (x86)/gnu arm embedded toolchain/10 2021.10/bin/../lib/gcc/arm-none-eabi/10.3.1/../../../../arm-none-eabi/lib/thumb/v6-m/nofp\libg.a(lib_a-lock.o)
                0x10009ac4                __retarget_lock_acquire_recursive
 .text.__retarget_lock_release_recursive
                0x10009ac8        0x4 c:/program files (x86)/gnu arm embedded toolchain/10 2021.10/bin/../lib/gcc/arm-none-eabi/10.3.1/../../../../arm-none-eabi/lib/thumb/v6-m/nofp\libg.a(lib_a-lock.o)
                0x10009ac8                __retarget_lock_release_recursive
 .text._mbrtowc_r
                0x10009acc       0x4c c:/program files (x86)/gnu arm embedded toolchain/10 2021.10/bin/../lib/gcc/arm-none-eabi/10.3.1/../../../../arm-none-eabi/lib/thumb/v6-m/nofp\libg.a(lib_a-mbrtowc.o)
                0x10009acc                _mbrtowc_r
 .text.__ascii_mbtowc
                0x10009b18       0x2c c:/program files (x86)/gnu arm embedded toolchain/10 2021.10/bin/../lib/gcc/arm-none-eabi/10.3.1/../../../../arm-none-eabi/lib/thumb/v6-m/nofp\libg.a(lib_a-mbtowc_r.o)
                0x10009b18                __ascii_mbtowc
 .text.memmove  0x10009b44       0xac c:/program files (x86)/gnu arm embedded toolchain/10 2021.10/bin/../lib/gcc/arm-none-eabi/10.3.1/../../../../arm-none-eabi/lib/thumb/v6-m/nofp\libg.a(lib_a-memmove.o)
                0x10009b44                memmove
 .text.lflush   0x10009bf0       0x1c c:/program files (x86)/gnu arm embedded toolchain/10 2021.10/bin/../lib/gcc/arm-none-eabi/10.3.1/../../../../arm-none-eabi/lib/thumb/v6-m/nofp\libg.a(lib_a-refill.o)
 .text.__srefill_r
                0x10009c0c      0x124 c:/program files (x86)/gnu arm embedded toolchain/10 2021.10/bin/../lib/gcc/arm-none-eabi/10.3.1/../../../../arm-none-eabi/lib/thumb/v6-m/nofp\libg.a(lib_a-refill.o)
                0x10009c0c                __srefill_r
 .text.__sccl   0x10009d30       0x80 c:/program files (x86)/gnu arm embedded toolchain/10 2021.10/bin/../lib/gcc/arm-none-eabi/10.3.1/../../../../arm-none-eabi/lib/thumb/v6-m/nofp\libg.a(lib_a-sccl.o)
                0x10009d30                __sccl
 .text.nanf     0x10009db0        0x8 c:/program files (x86)/gnu arm embedded toolchain/10 2021.10/bin/../lib/gcc/arm-none-eabi/10.3.1/../../../../arm-none-eabi/lib/thumb/v6-m/nofp\libg.a(lib_a-sf_nan.o)
                0x10009db0                nanf
 .text.__sread  0x10009db8       0x28 c:/program files (x86)/gnu arm embedded toolchain/10 2021.10/bin/../lib/gcc/arm-none-eabi/10.3.1/../../../../arm-none-eabi/lib/thumb/v6-m/nofp\libg.a(lib_a-stdio.o)
                0x10009db8                __sread
 .text.__swrite
                0x10009de0       0x40 c:/program files (x86)/gnu arm embedded toolchain/10 2021.10/bin/../lib/gcc/arm-none-eabi/10.3.1/../../../../arm-none-eabi/lib/thumb/v6-m/nofp\libg.a(lib_a-stdio.o)
                0x10009de0                __swrite
 .text.__sseek  0x10009e20       0x2c c:/program files (x86)/gnu arm embedded toolchain/10 2021.10/bin/../lib/gcc/arm-none-eabi/10.3.1/../../../../arm-none-eabi/lib/thumb/v6-m/nofp\libg.a(lib_a-stdio.o)
                0x10009e20                __sseek
 .text.__sclose
                0x10009e4c        0xc c:/program files (x86)/gnu arm embedded toolchain/10 2021.10/bin/../lib/gcc/arm-none-eabi/10.3.1/../../../../arm-none-eabi/lib/thumb/v6-m/nofp\libg.a(lib_a-stdio.o)
                0x10009e4c                __sclose
 .text._strtod_l
                0x10009e58      0xf78 c:/program files (x86)/gnu arm embedded toolchain/10 2021.10/bin/../lib/gcc/arm-none-eabi/10.3.1/../../../../arm-none-eabi/lib/thumb/v6-m/nofp\libg.a(lib_a-strtod.o)
                0x10009e58                _strtod_l
 .text._strtod_r
                0x1000add0       0x10 c:/program files (x86)/gnu arm embedded toolchain/10 2021.10/bin/../lib/gcc/arm-none-eabi/10.3.1/../../../../arm-none-eabi/lib/thumb/v6-m/nofp\libg.a(lib_a-strtod.o)
                0x1000add0                _strtod_r
 .text._strtol_l.part.0
                0x1000ade0      0x144 c:/program files (x86)/gnu arm embedded toolchain/10 2021.10/bin/../lib/gcc/arm-none-eabi/10.3.1/../../../../arm-none-eabi/lib/thumb/v6-m/nofp\libg.a(lib_a-strtol.o)
 .text._strtol_r
                0x1000af24       0x1c c:/program files (x86)/gnu arm embedded toolchain/10 2021.10/bin/../lib/gcc/arm-none-eabi/10.3.1/../../../../arm-none-eabi/lib/thumb/v6-m/nofp\libg.a(lib_a-strtol.o)
                0x1000af24                _strtol_r
 .text._strtoll_l.constprop.0
                0x1000af40      0x198 c:/program files (x86)/gnu arm embedded toolchain/10 2021.10/bin/../lib/gcc/arm-none-eabi/10.3.1/../../../../arm-none-eabi/lib/thumb/v6-m/nofp\libg.a(lib_a-strtoll.o)
 .text._strtoll_r
                0x1000b0d8        0x8 c:/program files (x86)/gnu arm embedded toolchain/10 2021.10/bin/../lib/gcc/arm-none-eabi/10.3.1/../../../../arm-none-eabi/lib/thumb/v6-m/nofp\libg.a(lib_a-strtoll.o)
                0x1000b0d8                _strtoll_r
 .text._strtoul_l.constprop.0
                0x1000b0e0      0x148 c:/program files (x86)/gnu arm embedded toolchain/10 2021.10/bin/../lib/gcc/arm-none-eabi/10.3.1/../../../../arm-none-eabi/lib/thumb/v6-m/nofp\libg.a(lib_a-strtoul.o)
 .text._strtoul_r
                0x1000b228        0x8 c:/program files (x86)/gnu arm embedded toolchain/10 2021.10/bin/../lib/gcc/arm-none-eabi/10.3.1/../../../../arm-none-eabi/lib/thumb/v6-m/nofp\libg.a(lib_a-strtoul.o)
                0x1000b228                _strtoul_r
 .text._strtoull_l.constprop.0
                0x1000b230      0x1bc c:/program files (x86)/gnu arm embedded toolchain/10 2021.10/bin/../lib/gcc/arm-none-eabi/10.3.1/../../../../arm-none-eabi/lib/thumb/v6-m/nofp\libg.a(lib_a-strtoull.o)
 .text._strtoull_r
                0x1000b3ec        0x8 c:/program files (x86)/gnu arm embedded toolchain/10 2021.10/bin/../lib/gcc/arm-none-eabi/10.3.1/../../../../arm-none-eabi/lib/thumb/v6-m/nofp\libg.a(lib_a-strtoull.o)
                0x1000b3ec                _strtoull_r
 .text.__submore
                0x1000b3f4       0x84 c:/program files (x86)/gnu arm embedded toolchain/10 2021.10/bin/../lib/gcc/arm-none-eabi/10.3.1/../../../../arm-none-eabi/lib/thumb/v6-m/nofp\libg.a(lib_a-ungetc.o)
                0x1000b3f4                __submore
 .text._ungetc_r
                0x1000b478      0x138 c:/program files (x86)/gnu arm embedded toolchain/10 2021.10/bin/../lib/gcc/arm-none-eabi/10.3.1/../../../../arm-none-eabi/lib/thumb/v6-m/nofp\libg.a(lib_a-ungetc.o)
                0x1000b478                _ungetc_r
 .text.__ascii_wctomb
                0x1000b5b0       0x1c c:/program files (x86)/gnu arm embedded toolchain/10 2021.10/bin/../lib/gcc/arm-none-eabi/10.3.1/../../../../arm-none-eabi/lib/thumb/v6-m/nofp\libg.a(lib_a-wctomb_r.o)
                0x1000b5b0                __ascii_wctomb
 .text._write_r
                0x1000b5cc       0x28 c:/program files (x86)/gnu arm embedded toolchain/10 2021.10/bin/../lib/gcc/arm-none-eabi/10.3.1/../../../../arm-none-eabi/lib/thumb/v6-m/nofp\libg.a(lib_a-writer.o)
                0x1000b5cc                _write_r
 .text._close_r
                0x1000b5f4       0x24 c:/program files (x86)/gnu arm embedded toolchain/10 2021.10/bin/../lib/gcc/arm-none-eabi/10.3.1/../../../../arm-none-eabi/lib/thumb/v6-m/nofp\libg.a(lib_a-closer.o)
                0x1000b5f4                _close_r
 .text._fclose_r
                0x1000b618       0xdc c:/program files (x86)/gnu arm embedded toolchain/10 2021.10/bin/../lib/gcc/arm-none-eabi/10.3.1/../../../../arm-none-eabi/lib/thumb/v6-m/nofp\libg.a(lib_a-fclose.o)
                0x1000b618                _fclose_r
 .text.__sflush_r
                0x1000b6f4      0x140 c:/program files (x86)/gnu arm embedded toolchain/10 2021.10/bin/../lib/gcc/arm-none-eabi/10.3.1/../../../../arm-none-eabi/lib/thumb/v6-m/nofp\libg.a(lib_a-fflush.o)
                0x1000b6f4                __sflush_r
 .text._fflush_r
                0x1000b834       0x6c c:/program files (x86)/gnu arm embedded toolchain/10 2021.10/bin/../lib/gcc/arm-none-eabi/10.3.1/../../../../arm-none-eabi/lib/thumb/v6-m/nofp\libg.a(lib_a-fflush.o)
                0x1000b834                _fflush_r
 .text.fflush   0x1000b8a0       0x78 c:/program files (x86)/gnu arm embedded toolchain/10 2021.10/bin/../lib/gcc/arm-none-eabi/10.3.1/../../../../arm-none-eabi/lib/thumb/v6-m/nofp\libg.a(lib_a-fflush.o)
                0x1000b8a0                fflush
 .text.rshift   0x1000b918       0xa4 c:/program files (x86)/gnu arm embedded toolchain/10 2021.10/bin/../lib/gcc/arm-none-eabi/10.3.1/../../../../arm-none-eabi/lib/thumb/v6-m/nofp\libg.a(lib_a-gdtoa-gethex.o)
 .text.__gethex
                0x1000b9bc      0x5cc c:/program files (x86)/gnu arm embedded toolchain/10 2021.10/bin/../lib/gcc/arm-none-eabi/10.3.1/../../../../arm-none-eabi/lib/thumb/v6-m/nofp\libg.a(lib_a-gdtoa-gethex.o)
                0x1000b9bc                __gethex
 .text.__match  0x1000bf88       0x2c c:/program files (x86)/gnu arm embedded toolchain/10 2021.10/bin/../lib/gcc/arm-none-eabi/10.3.1/../../../../arm-none-eabi/lib/thumb/v6-m/nofp\libg.a(lib_a-gdtoa-hexnan.o)
                0x1000bf88                __match
 .text.__hexnan
                0x1000bfb4      0x1d0 c:/program files (x86)/gnu arm embedded toolchain/10 2021.10/bin/../lib/gcc/arm-none-eabi/10.3.1/../../../../arm-none-eabi/lib/thumb/v6-m/nofp\libg.a(lib_a-gdtoa-hexnan.o)
                0x1000bfb4                __hexnan
 .text._lseek_r
                0x1000c184       0x28 c:/program files (x86)/gnu arm embedded toolchain/10 2021.10/bin/../lib/gcc/arm-none-eabi/10.3.1/../../../../arm-none-eabi/lib/thumb/v6-m/nofp\libg.a(lib_a-lseekr.o)
                0x1000c184                _lseek_r
 .text.__smakebuf_r
                0x1000c1ac       0xe4 c:/program files (x86)/gnu arm embedded toolchain/10 2021.10/bin/../lib/gcc/arm-none-eabi/10.3.1/../../../../arm-none-eabi/lib/thumb/v6-m/nofp\libg.a(lib_a-makebuf.o)
                0x1000c1ac                __smakebuf_r
 .text._Balloc  0x1000c290       0x50 c:/program files (x86)/gnu arm embedded toolchain/10 2021.10/bin/../lib/gcc/arm-none-eabi/10.3.1/../../../../arm-none-eabi/lib/thumb/v6-m/nofp\libg.a(lib_a-mprec.o)
                0x1000c290                _Balloc
 .text._Bfree   0x1000c2e0       0x14 c:/program files (x86)/gnu arm embedded toolchain/10 2021.10/bin/../lib/gcc/arm-none-eabi/10.3.1/../../../../arm-none-eabi/lib/thumb/v6-m/nofp\libg.a(lib_a-mprec.o)
                0x1000c2e0                _Bfree
 .text.__multadd
                0x1000c2f4       0xa8 c:/program files (x86)/gnu arm embedded toolchain/10 2021.10/bin/../lib/gcc/arm-none-eabi/10.3.1/../../../../arm-none-eabi/lib/thumb/v6-m/nofp\libg.a(lib_a-mprec.o)
                0x1000c2f4                __multadd
 .text.__s2b    0x1000c39c       0xb0 c:/program files (x86)/gnu arm embedded toolchain/10 2021.10/bin/../lib/gcc/arm-none-eabi/10.3.1/../../../../arm-none-eabi/lib/thumb/v6-m/nofp\libg.a(lib_a-mprec.o)
                0x1000c39c                __s2b
 .text.__hi0bits
                0x1000c44c       0x38 c:/program files (x86)/gnu arm embedded toolchain/10 2021.10/bin/../lib/gcc/arm-none-eabi/10.3.1/../../../../arm-none-eabi/lib/thumb/v6-m/nofp\libg.a(lib_a-mprec.o)
                0x1000c44c                __hi0bits
 .text.__lo0bits
                0x1000c484       0x5c c:/program files (x86)/gnu arm embedded toolchain/10 2021.10/bin/../lib/gcc/arm-none-eabi/10.3.1/../../../../arm-none-eabi/lib/thumb/v6-m/nofp\libg.a(lib_a-mprec.o)
                0x1000c484                __lo0bits
 .text.__i2b    0x1000c4e0       0x60 c:/program files (x86)/gnu arm embedded toolchain/10 2021.10/bin/../lib/gcc/arm-none-eabi/10.3.1/../../../../arm-none-eabi/lib/thumb/v6-m/nofp\libg.a(lib_a-mprec.o)
                0x1000c4e0                __i2b
 .text.__multiply
                0x1000c540      0x1a4 c:/program files (x86)/gnu arm embedded toolchain/10 2021.10/bin/../lib/gcc/arm-none-eabi/10.3.1/../../../../arm-none-eabi/lib/thumb/v6-m/nofp\libg.a(lib_a-mprec.o)
                0x1000c540                __multiply
 .text.__pow5mult
                0x1000c6e4       0xd8 c:/program files (x86)/gnu arm embedded toolchain/10 2021.10/bin/../lib/gcc/arm-none-eabi/10.3.1/../../../../arm-none-eabi/lib/thumb/v6-m/nofp\libg.a(lib_a-mprec.o)
                0x1000c6e4                __pow5mult
 .text.__lshift
                0x1000c7bc       0xfc c:/program files (x86)/gnu arm embedded toolchain/10 2021.10/bin/../lib/gcc/arm-none-eabi/10.3.1/../../../../arm-none-eabi/lib/thumb/v6-m/nofp\libg.a(lib_a-mprec.o)
                0x1000c7bc                __lshift
 .text.__mcmp   0x1000c8b8       0x34 c:/program files (x86)/gnu arm embedded toolchain/10 2021.10/bin/../lib/gcc/arm-none-eabi/10.3.1/../../../../arm-none-eabi/lib/thumb/v6-m/nofp\libg.a(lib_a-mprec.o)
                0x1000c8b8                __mcmp
 .text.__mdiff  0x1000c8ec      0x18c c:/program files (x86)/gnu arm embedded toolchain/10 2021.10/bin/../lib/gcc/arm-none-eabi/10.3.1/../../../../arm-none-eabi/lib/thumb/v6-m/nofp\libg.a(lib_a-mprec.o)
                0x1000c8ec                __mdiff
 .text.__ulp    0x1000ca78       0x48 c:/program files (x86)/gnu arm embedded toolchain/10 2021.10/bin/../lib/gcc/arm-none-eabi/10.3.1/../../../../arm-none-eabi/lib/thumb/v6-m/nofp\libg.a(lib_a-mprec.o)
                0x1000ca78                __ulp
 .text.__b2d    0x1000cac0       0xc8 c:/program files (x86)/gnu arm embedded toolchain/10 2021.10/bin/../lib/gcc/arm-none-eabi/10.3.1/../../../../arm-none-eabi/lib/thumb/v6-m/nofp\libg.a(lib_a-mprec.o)
                0x1000cac0                __b2d
 .text.__d2b    0x1000cb88       0xd8 c:/program files (x86)/gnu arm embedded toolchain/10 2021.10/bin/../lib/gcc/arm-none-eabi/10.3.1/../../../../arm-none-eabi/lib/thumb/v6-m/nofp\libg.a(lib_a-mprec.o)
                0x1000cb88                __d2b
 .text.__ratio  0x1000cc60       0x68 c:/program files (x86)/gnu arm embedded toolchain/10 2021.10/bin/../lib/gcc/arm-none-eabi/10.3.1/../../../../arm-none-eabi/lib/thumb/v6-m/nofp\libg.a(lib_a-mprec.o)
                0x1000cc60                __ratio
 .text.__copybits
                0x1000ccc8       0x40 c:/program files (x86)/gnu arm embedded toolchain/10 2021.10/bin/../lib/gcc/arm-none-eabi/10.3.1/../../../../arm-none-eabi/lib/thumb/v6-m/nofp\libg.a(lib_a-mprec.o)
                0x1000ccc8                __copybits
 .text.__any_on
                0x1000cd08       0x50 c:/program files (x86)/gnu arm embedded toolchain/10 2021.10/bin/../lib/gcc/arm-none-eabi/10.3.1/../../../../arm-none-eabi/lib/thumb/v6-m/nofp\libg.a(lib_a-mprec.o)
                0x1000cd08                __any_on
 .text._read_r  0x1000cd58       0x28 c:/program files (x86)/gnu arm embedded toolchain/10 2021.10/bin/../lib/gcc/arm-none-eabi/10.3.1/../../../../arm-none-eabi/lib/thumb/v6-m/nofp\libg.a(lib_a-readr.o)
                0x1000cd58                _read_r
 .text.nan      0x1000cd80        0xc c:/program files (x86)/gnu arm embedded toolchain/10 2021.10/bin/../lib/gcc/arm-none-eabi/10.3.1/../../../../arm-none-eabi/lib/thumb/v6-m/nofp\libg.a(lib_a-s_nan.o)
                0x1000cd80                nan
 .text.strncmp  0x1000cd8c       0x74 c:/program files (x86)/gnu arm embedded toolchain/10 2021.10/bin/../lib/gcc/arm-none-eabi/10.3.1/../../../../arm-none-eabi/lib/thumb/v6-m/nofp\libg.a(lib_a-strncmp.o)
                0x1000cd8c                strncmp
 .text._fstat_r
                0x1000ce00       0x28 c:/program files (x86)/gnu arm embedded toolchain/10 2021.10/bin/../lib/gcc/arm-none-eabi/10.3.1/../../../../arm-none-eabi/lib/thumb/v6-m/nofp\libg.a(lib_a-fstatr.o)
                0x1000ce00                _fstat_r
 .text._isatty_r
                0x1000ce28       0x24 c:/program files (x86)/gnu arm embedded toolchain/10 2021.10/bin/../lib/gcc/arm-none-eabi/10.3.1/../../../../arm-none-eabi/lib/thumb/v6-m/nofp\libg.a(lib_a-isattyr.o)
                0x1000ce28                _isatty_r
 *(.fini)
 .fini          0x1000ce4c        0x4 c:/program files (x86)/gnu arm embedded toolchain/10 2021.10/bin/../lib/gcc/arm-none-eabi/10.3.1/thumb/v6-m/nofp/crti.o
                0x1000ce4c                _fini
 .fini.__stub   0x1000ce50       0xe0 linker stubs
 *crtbegin.o(.ctors)
 *crtbegin?.o(.ctors)
 *(EXCLUDE_FILE(*crtend.o *crtend?.o) .ctors)
 *(SORT_BY_NAME(.ctors.*))
 *(.ctors)
 *crtbegin.o(.dtors)
 *crtbegin?.o(.dtors)
 *(EXCLUDE_FILE(*crtend.o *crtend?.o) .dtors)
 *(SORT_BY_NAME(.dtors.*))
 *(.dtors)
 *(.eh_frame*)
 .eh_frame      0x1000cf30        0x0 c:/program files (x86)/gnu arm embedded toolchain/10 2021.10/bin/../lib/gcc/arm-none-eabi/10.3.1/thumb/v6-m/nofp/crtbegin.o
                0x1000cf30                . = ALIGN (0x4)

.glue_7         0x1000cf30        0x0
 .glue_7        0x1000cf30        0x0 linker stubs

.glue_7t        0x1000cf30        0x0
 .glue_7t       0x1000cf30        0x0 linker stubs

.vfp11_veneer   0x1000cf30        0x0
 .vfp11_veneer  0x1000cf30        0x0 linker stubs

.v4_bx          0x1000cf30        0x0
 .v4_bx         0x1000cf30        0x0 linker stubs

.iplt           0x1000cf30        0x0
 .iplt          0x1000cf30        0x0 c:/program files (x86)/gnu arm embedded toolchain/10 2021.10/bin/../lib/gcc/arm-none-eabi/10.3.1/thumb/v6-m/nofp/crtbegin.o

.rodata         0x1000cf30     0x1f94
 *(EXCLUDE_FILE(*libm.a: *libc.a:*lib_a-mem*.o *libgcc.a:) .rodata*)
 .rodata.main.str1.4
                0x1000cf30       0x26 CMakeFiles/print.dir/print.c.obj
 *fill*         0x1000cf56        0x2 
 .rodata.spin_lock_claim_unused.str1.4
                0x1000cf58       0x1b CMakeFiles/print.dir/C_/Users/17155/ME433/Pico/pico-sdk/src/rp2_common/hardware_sync/sync.c.obj
 *fill*         0x1000cf73        0x1 
 .rodata.make_branch.str1.4
                0x1000cf74       0x75 CMakeFiles/print.dir/C_/Users/17155/ME433/Pico/pico-sdk/src/rp2_common/hardware_irq/irq.c.obj
 *fill*         0x1000cfe9        0x3 
 .rodata.insert_branch_and_link.str1.4
                0x1000cfec       0x10 CMakeFiles/print.dir/C_/Users/17155/ME433/Pico/pico-sdk/src/rp2_common/hardware_irq/irq.c.obj
 .rodata.irq_set_exclusive_handler.str1.4
                0x1000cffc       0x36 CMakeFiles/print.dir/C_/Users/17155/ME433/Pico/pico-sdk/src/rp2_common/hardware_irq/irq.c.obj
 *fill*         0x1000d032        0x2 
 .rodata.irq_add_shared_handler.str1.4
                0x1000d034       0xd9 CMakeFiles/print.dir/C_/Users/17155/ME433/Pico/pico-sdk/src/rp2_common/hardware_irq/irq.c.obj
 *fill*         0x1000d10d        0x3 
 .rodata.irq_remove_handler.str1.4
                0x1000d110       0x3a CMakeFiles/print.dir/C_/Users/17155/ME433/Pico/pico-sdk/src/rp2_common/hardware_irq/irq.c.obj
 *fill*         0x1000d14a        0x2 
 .rodata.irq_add_tail_to_free_list.str1.4
                0x1000d14c       0x3a CMakeFiles/print.dir/C_/Users/17155/ME433/Pico/pico-sdk/src/rp2_common/hardware_irq/irq.c.obj
 *fill*         0x1000d186        0x2 
 .rodata.user_irq_claim_unused.str1.4
                0x1000d188       0x1b CMakeFiles/print.dir/C_/Users/17155/ME433/Pico/pico-sdk/src/rp2_common/hardware_irq/irq.c.obj
 *fill*         0x1000d1a3        0x1 
 .rodata.__func__.0
                0x1000d1a4       0x1a CMakeFiles/print.dir/C_/Users/17155/ME433/Pico/pico-sdk/src/rp2_common/hardware_irq/irq.c.obj
 *fill*         0x1000d1be        0x2 
 .rodata.__func__.1
                0x1000d1c0       0x17 CMakeFiles/print.dir/C_/Users/17155/ME433/Pico/pico-sdk/src/rp2_common/hardware_irq/irq.c.obj
 *fill*         0x1000d1d7        0x1 
 .rodata.__func__.2
                0x1000d1d8       0x13 CMakeFiles/print.dir/C_/Users/17155/ME433/Pico/pico-sdk/src/rp2_common/hardware_irq/irq.c.obj
 *fill*         0x1000d1eb        0x1 
 .rodata.__func__.3
                0x1000d1ec        0xc CMakeFiles/print.dir/C_/Users/17155/ME433/Pico/pico-sdk/src/rp2_common/hardware_irq/irq.c.obj
 .rodata.__func__.4
                0x1000d1f8        0xf CMakeFiles/print.dir/C_/Users/17155/ME433/Pico/pico-sdk/src/rp2_common/hardware_irq/irq.c.obj
 *fill*         0x1000d207        0x1 
 .rodata.__func__.5
                0x1000d208       0x17 CMakeFiles/print.dir/C_/Users/17155/ME433/Pico/pico-sdk/src/rp2_common/hardware_irq/irq.c.obj
 *fill*         0x1000d21f        0x1 
 .rodata.__func__.6
                0x1000d220       0x1a CMakeFiles/print.dir/C_/Users/17155/ME433/Pico/pico-sdk/src/rp2_common/hardware_irq/irq.c.obj
 *fill*         0x1000d23a        0x2 
 .rodata.str1.4
                0x1000d23c       0xfd CMakeFiles/print.dir/C_/Users/17155/ME433/Pico/pico-sdk/src/common/pico_sync/mutex.c.obj
 *fill*         0x1000d339        0x3 
 .rodata.__func__.1
                0x1000d33c        0xb CMakeFiles/print.dir/C_/Users/17155/ME433/Pico/pico-sdk/src/common/pico_sync/mutex.c.obj
 *fill*         0x1000d347        0x1 
 .rodata.__func__.3
                0x1000d348       0x18 CMakeFiles/print.dir/C_/Users/17155/ME433/Pico/pico-sdk/src/common/pico_sync/mutex.c.obj
 .rodata.__func__.4
                0x1000d360       0x15 CMakeFiles/print.dir/C_/Users/17155/ME433/Pico/pico-sdk/src/common/pico_sync/mutex.c.obj
 *fill*         0x1000d375        0x3 
 .rodata.repeating_timer_callback.str1.4
                0x1000d378       0x53 CMakeFiles/print.dir/C_/Users/17155/ME433/Pico/pico-sdk/src/common/pico_time/time.c.obj
 *fill*         0x1000d3cb        0x1 
 .rodata.timer_pool_entry_comparator.str1.4
                0x1000d3cc       0x22 CMakeFiles/print.dir/C_/Users/17155/ME433/Pico/pico-sdk/src/common/pico_time/time.c.obj
 *fill*         0x1000d3ee        0x2 
 .rodata.ph_add_child_node.str1.4
                0x1000d3f0       0x9e CMakeFiles/print.dir/C_/Users/17155/ME433/Pico/pico-sdk/src/common/pico_time/time.c.obj
 *fill*         0x1000d48e        0x2 
 .rodata.add_alarm_under_lock.str1.4
                0x1000d490       0x28 CMakeFiles/print.dir/C_/Users/17155/ME433/Pico/pico-sdk/src/common/pico_time/time.c.obj
                                 0x2b (size before relaxing)
 .rodata.alarm_pool_alarm_callback.str1.4
                0x1000d4b8       0x98 CMakeFiles/print.dir/C_/Users/17155/ME433/Pico/pico-sdk/src/common/pico_time/time.c.obj
                                0x104 (size before relaxing)
 .rodata.alarm_pool_get_default.str1.4
                0x1000d550       0x21 CMakeFiles/print.dir/C_/Users/17155/ME433/Pico/pico-sdk/src/common/pico_time/time.c.obj
 *fill*         0x1000d571        0x3 
 .rodata.alarm_pool_cancel_alarm.str1.4
                0x1000d574       0x27 CMakeFiles/print.dir/C_/Users/17155/ME433/Pico/pico-sdk/src/common/pico_time/time.c.obj
 *fill*         0x1000d59b        0x1 
 .rodata.sleep_until.str1.4
                0x1000d59c       0x4d CMakeFiles/print.dir/C_/Users/17155/ME433/Pico/pico-sdk/src/common/pico_time/time.c.obj
 *fill*         0x1000d5e9        0x3 
 .rodata.__func__.1
                0x1000d5ec       0x18 CMakeFiles/print.dir/C_/Users/17155/ME433/Pico/pico-sdk/src/common/pico_time/time.c.obj
 .rodata.__func__.10
                0x1000d604       0x15 CMakeFiles/print.dir/C_/Users/17155/ME433/Pico/pico-sdk/src/common/pico_time/time.c.obj
 *fill*         0x1000d619        0x3 
 .rodata.__func__.11
                0x1000d61c       0x1a CMakeFiles/print.dir/C_/Users/17155/ME433/Pico/pico-sdk/src/common/pico_time/time.c.obj
 *fill*         0x1000d636        0x2 
 .rodata.__func__.12
                0x1000d638        0xa CMakeFiles/print.dir/C_/Users/17155/ME433/Pico/pico-sdk/src/common/pico_time/time.c.obj
 *fill*         0x1000d642        0x2 
 .rodata.__func__.3
                0x1000d644       0x17 CMakeFiles/print.dir/C_/Users/17155/ME433/Pico/pico-sdk/src/common/pico_time/time.c.obj
 *fill*         0x1000d65b        0x1 
 .rodata.__func__.4
                0x1000d65c       0x12 CMakeFiles/print.dir/C_/Users/17155/ME433/Pico/pico-sdk/src/common/pico_time/time.c.obj
 *fill*         0x1000d66e        0x2 
 .rodata.__func__.5