Archive member included to satisfy reference by file (symbol)

c:/program files (x86)/gnu arm embedded toolchain/10 2021.10/bin/../lib/gcc/arm-none-eabi/10.3.1/thumb/v6-m/nofp\libgcc.a(_dvmd_tls.o)
                              CMakeFiles/HW16.dir/C_/Users/17155/ME433/Pico/pico-sdk/src/rp2_common/pico_divider/divider.S.obj (__aeabi_idiv0)
c:/program files (x86)/gnu arm embedded toolchain/10 2021.10/bin/../lib/gcc/arm-none-eabi/10.3.1/../../../../arm-none-eabi/lib/thumb/v6-m/nofp\libg.a(lib_a-calloc.o)
                              CMakeFiles/HW16.dir/C_/Users/17155/ME433/Pico/pico-sdk/src/rp2_common/pico_malloc/pico_malloc.c.obj (calloc)
c:/program files (x86)/gnu arm embedded toolchain/10 2021.10/bin/../lib/gcc/arm-none-eabi/10.3.1/../../../../arm-none-eabi/lib/thumb/v6-m/nofp\libg.a(lib_a-callocr.o)
                              c:/program files (x86)/gnu arm embedded toolchain/10 2021.10/bin/../lib/gcc/arm-none-eabi/10.3.1/../../../../arm-none-eabi/lib/thumb/v6-m/nofp\libg.a(lib_a-calloc.o) (_calloc_r)
c:/program files (x86)/gnu arm embedded toolchain/10 2021.10/bin/../lib/gcc/arm-none-eabi/10.3.1/../../../../arm-none-eabi/lib/thumb/v6-m/nofp\libg.a(lib_a-errno.o)
                              c:/program files (x86)/gnu arm embedded toolchain/10 2021.10/bin/../lib/gcc/arm-none-eabi/10.3.1/../../../../arm-none-eabi/lib/thumb/v6-m/nofp\libg.a(lib_a-callocr.o) (__errno)
c:/program files (x86)/gnu arm embedded toolchain/10 2021.10/bin/../lib/gcc/arm-none-eabi/10.3.1/../../../../arm-none-eabi/lib/thumb/v6-m/nofp\libg.a(lib_a-impure.o)
                              c:/program files (x86)/gnu arm embedded toolchain/10 2021.10/bin/../lib/gcc/arm-none-eabi/10.3.1/../../../../arm-none-eabi/lib/thumb/v6-m/nofp\libg.a(lib_a-calloc.o) (_impure_ptr)
c:/program files (x86)/gnu arm embedded toolchain/10 2021.10/bin/../lib/gcc/arm-none-eabi/10.3.1/../../../../arm-none-eabi/lib/thumb/v6-m/nofp\libg.a(lib_a-init.o)
                              c:/program files (x86)/gnu arm embedded toolchain/10 2021.10/bin/../lib/gcc/arm-none-eabi/10.3.1/../../../../arm-none-eabi/lib/thumb/v6-m/nofp/crt0.o (__libc_init_array)
c:/program files (x86)/gnu arm embedded toolchain/10 2021.10/bin/../lib/gcc/arm-none-eabi/10.3.1/../../../../arm-none-eabi/lib/thumb/v6-m/nofp\libg.a(lib_a-malloc.o)
                              CMakeFiles/HW16.dir/C_/Users/17155/ME433/Pico/pico-sdk/src/rp2_common/pico_malloc/pico_malloc.c.obj (malloc)
c:/program files (x86)/gnu arm embedded toolchain/10 2021.10/bin/../lib/gcc/arm-none-eabi/10.3.1/../../../../arm-none-eabi/lib/thumb/v6-m/nofp\libg.a(lib_a-mallocr.o)
                              c:/program files (x86)/gnu arm embedded toolchain/10 2021.10/bin/../lib/gcc/arm-none-eabi/10.3.1/../../../../arm-none-eabi/lib/thumb/v6-m/nofp\libg.a(lib_a-callocr.o) (_malloc_r)
c:/program files (x86)/gnu arm embedded toolchain/10 2021.10/bin/../lib/gcc/arm-none-eabi/10.3.1/../../../../arm-none-eabi/lib/thumb/v6-m/nofp\libg.a(lib_a-mlock.o)
                              c:/program files (x86)/gnu arm embedded toolchain/10 2021.10/bin/../lib/gcc/arm-none-eabi/10.3.1/../../../../arm-none-eabi/lib/thumb/v6-m/nofp\libg.a(lib_a-mallocr.o) (__malloc_lock)
c:/program files (x86)/gnu arm embedded toolchain/10 2021.10/bin/../lib/gcc/arm-none-eabi/10.3.1/../../../../arm-none-eabi/lib/thumb/v6-m/nofp\libg.a(lib_a-realloc.o)
                              CMakeFiles/HW16.dir/C_/Users/17155/ME433/Pico/pico-sdk/src/rp2_common/pico_malloc/pico_malloc.c.obj (realloc)
c:/program files (x86)/gnu arm embedded toolchain/10 2021.10/bin/../lib/gcc/arm-none-eabi/10.3.1/../../../../arm-none-eabi/lib/thumb/v6-m/nofp\libg.a(lib_a-reallocr.o)
                              c:/program files (x86)/gnu arm embedded toolchain/10 2021.10/bin/../lib/gcc/arm-none-eabi/10.3.1/../../../../arm-none-eabi/lib/thumb/v6-m/nofp\libg.a(lib_a-realloc.o) (_realloc_r)
c:/program files (x86)/gnu arm embedded toolchain/10 2021.10/bin/../lib/gcc/arm-none-eabi/10.3.1/../../../../arm-none-eabi/lib/thumb/v6-m/nofp\libg.a(lib_a-sbrkr.o)
                              c:/program files (x86)/gnu arm embedded toolchain/10 2021.10/bin/../lib/gcc/arm-none-eabi/10.3.1/../../../../arm-none-eabi/lib/thumb/v6-m/nofp\libg.a(lib_a-mallocr.o) (_sbrk_r)
c:/program files (x86)/gnu arm embedded toolchain/10 2021.10/bin/../lib/gcc/arm-none-eabi/10.3.1/../../../../arm-none-eabi/lib/thumb/v6-m/nofp\libg.a(lib_a-strlen-stub.o)
                              CMakeFiles/HW16.dir/C_/Users/17155/ME433/Pico/pico-sdk/src/rp2_common/pico_stdio/stdio.c.obj (strlen)
c:/program files (x86)/gnu arm embedded toolchain/10 2021.10/bin/../lib/gcc/arm-none-eabi/10.3.1/../../../../arm-none-eabi/lib/thumb/v6-m/nofp\libg.a(lib_a-freer.o)
                              c:/program files (x86)/gnu arm embedded toolchain/10 2021.10/bin/../lib/gcc/arm-none-eabi/10.3.1/../../../../arm-none-eabi/lib/thumb/v6-m/nofp\libg.a(lib_a-malloc.o) (_free_r)
[...]
Memory Configuration

Name             Origin             Length             Attributes
FLASH            0x10000000         0x00200000         xr
RAM              0x20000000         0x00040000         xrw
SCRATCH_X        0x20040000         0x00001000         xrw
SCRATCH_Y        0x20041000         0x00001000         xrw
*default*        0x00000000         0xffffffff

Linker script and memory map

LOAD c:/program files (x86)/gnu arm embedded toolchain/10 2021.10/bin/../lib/gcc/arm-none-eabi/10.3.1/thumb/v6-m/nofp/crti.o
LOAD c:/program files (x86)/gnu arm embedded toolchain/10 2021.10/bin/../lib/gcc/arm-none-eabi/10.3.1/thumb/v6-m/nofp/crtbegin.o
LOAD c:/program files (x86)/gnu arm embedded toolchain/10 2021.10/bin/../lib/gcc/arm-none-eabi/10.3.1/../../../../arm-none-eabi/lib/thumb/v6-m/nofp/crt0.o

.flash_begin    0x10000000        0x0
                0x10000000                __flash_binary_start = .

.boot2          0x10000000      0x100
                0x10000000                __boot2_start__ = .
 *(.boot2)
 .boot2         0x10000000      0x100 C:\Users\17155\AppData\Local\Temp\cckKgCbr.o
                0x10000100                __boot2_end__ = .
                0x00000001                ASSERT (((__boot2_end__ - __boot2_start__) == 0x100), ERROR: Pico second stage bootloader must be 256 bytes in size)

.text           0x10000100     0x6ee0
                0x10000100                __logical_binary_start = .
 *(.vectors)
 .vectors       0x10000100       0xd4 CMakeFiles/HW16.dir/C_/Users/17155/ME433/Pico/pico-sdk/src/rp2_common/pico_standard_link/crt0.S.obj
                0x10000100                __VECTOR_TABLE
                0x10000100                __vectors
                0x100001c0                isr_invalid
                0x100001c0                __default_isrs_start
                0x100001c2                isr_nmi
                0x100001c4                isr_hardfault
                0x100001c6                isr_svcall
                0x100001c8                isr_pendsv
                0x100001ca                isr_systick
                0x100001cc                isr_irq23
                0x100001cc                isr_irq18
                0x100001cc                isr_irq11
                0x100001cc                isr_irq28
                0x100001cc                isr_irq19
                0x100001cc                isr_irq0
                0x100001cc                isr_irq6
                0x100001cc                isr_irq5
                0x100001cc                isr_irq12
                0x100001cc                isr_irq22
                0x100001cc                isr_irq31
                0x100001cc                isr_irq17
                0x100001cc                isr_irq27
                0x100001cc                isr_irq30
                0x100001cc                isr_irq2
                0x100001cc                isr_irq10
                0x100001cc                isr_irq8
                0x100001cc                isr_irq24
                0x100001cc                isr_irq1
                0x100001cc                isr_irq7
                0x100001cc                isr_irq21
                0x100001cc                isr_irq20
                0x100001cc                isr_irq15
                0x100001cc                isr_irq25
                0x100001cc                isr_irq13
                0x100001cc                __unhandled_user_irq
                0x100001cc                isr_irq4
                0x100001cc                isr_irq16
                0x100001cc                isr_irq29
                0x100001cc                isr_irq26
                0x100001cc                __default_isrs_end
                0x100001cc                isr_irq3
                0x100001cc                isr_irq14
                0x100001cc                isr_irq9
                0x100001d2                unhandled_user_irq_num_in_r0
 *(.binary_info_header)
 .binary_info_header
                0x100001d4       0x14 CMakeFiles/HW16.dir/C_/Users/17155/ME433/Pico/pico-sdk/src/rp2_common/pico_standard_link/crt0.S.obj
                0x100001e8                __binary_info_header_end = .
 *(.reset)
 .reset         0x100001e8       0xa0 CMakeFiles/HW16.dir/C_/Users/17155/ME433/Pico/pico-sdk/src/rp2_common/pico_standard_link/crt0.S.obj
                0x100001e8                _entry_point
 .reset         0x10000288       0x30 CMakeFiles/HW16.dir/C_/Users/17155/ME433/Pico/pico-sdk/src/rp2_common/pico_standard_link/binary_info.c.obj
 *(.init)
 .init          0x100002b8        0x4 c:/program files (x86)/gnu arm embedded toolchain/10 2021.10/bin/../lib/gcc/arm-none-eabi/10.3.1/thumb/v6-m/nofp/crti.o
                0x100002b8                _init
 *(EXCLUDE_FILE(*libm.a: *libc.a:*lib_a-mem*.o *libgcc.a:) .text*)
 .text          0x100002bc       0x48 c:/program files (x86)/gnu arm embedded toolchain/10 2021.10/bin/../lib/gcc/arm-none-eabi/10.3.1/thumb/v6-m/nofp/crtbegin.o
 .text.setup_gpio
                0x10000304       0x2c CMakeFiles/HW16.dir/HW16.c.obj
                0x10000304                setup_gpio
 .text.setup_uart
                0x10000330       0x80 CMakeFiles/HW16.dir/HW16.c.obj
                0x10000330                setup_uart
 .text.control_motor
                0x100003b0       0x50 CMakeFiles/HW16.dir/HW16.c.obj
                0x100003b0                control_motor
 .text.on_uart_rx
                0x10000400       0x40 CMakeFiles/HW16.dir/HW16.c.obj
                0x10000400                on_uart_rx
 .text.main     0x10000440       0xa8 CMakeFiles/HW16.dir/HW16.c.obj
                0x10000440                main
 .text.gpio_set_function
                0x100004e8       0x30 CMakeFiles/HW16.dir/C_/Users/17155/ME433/Pico/pico-sdk/src/rp2_common/hardware_gpio/gpio.c.obj
                0x100004e8                gpio_set_function
 .text.gpio_init
                0x10000518       0x16 CMakeFiles/HW16.dir/C_/Users/17155/ME433/Pico/pico-sdk/src/rp2_common/hardware_gpio/gpio.c.obj
                0x10000518                gpio_init
 *fill*         0x1000052e        0x2 
 .text.running_on_fpga
                0x10000530       0x14 CMakeFiles/HW16.dir/C_/Users/17155/ME433/Pico/pico-sdk/src/rp2_common/pico_platform/platform.c.obj
                0x10000530                running_on_fpga
 .text.hw_claim_lock
                0x10000544       0x18 CMakeFiles/HW16.dir/C_/Users/17155/ME433/Pico/pico-sdk/src/rp2_common/hardware_claim/claim.c.obj
                0x10000544                hw_claim_lock
 .text.hw_claim_unlock
                0x1000055c       0x14 CMakeFiles/HW16.dir/C_/Users/17155/ME433/Pico/pico-sdk/src/rp2_common/hardware_claim/claim.c.obj
                0x1000055c                hw_claim_unlock
 .text.hw_claim_or_assert
                0x10000570       0x32 CMakeFiles/HW16.dir/C_/Users/17155/ME433/Pico/pico-sdk/src/rp2_common/hardware_claim/claim.c.obj
                0x10000570                hw_claim_or_assert
 .text.hw_claim_unused_from_range
                0x100005a2       0x50 CMakeFiles/HW16.dir/C_/Users/17155/ME433/Pico/pico-sdk/src/rp2_common/hardware_claim/claim.c.obj
                0x100005a2                hw_claim_unused_from_range
 *fill*         0x100005f2        0x2 
 .text.spin_locks_reset
                0x100005f4       0x20 CMakeFiles/HW16.dir/C_/Users/17155/ME433/Pico/pico-sdk/src/rp2_common/hardware_sync/sync.c.obj
                0x100005f4                spin_locks_reset
 .text.next_striped_spin_lock_num
                0x10000614       0x1c CMakeFiles/HW16.dir/C_/Users/17155/ME433/Pico/pico-sdk/src/rp2_common/hardware_sync/sync.c.obj
                0x10000614                next_striped_spin_lock_num
 .text.spin_lock_claim_unused
                0x10000630       0x20 CMakeFiles/HW16.dir/C_/Users/17155/ME433/Pico/pico-sdk/src/rp2_common/hardware_sync/sync.c.obj
                0x10000630                spin_lock_claim_unused
 .text.set_raw_irq_handler_and_unlock
                0x10000650       0x28 CMakeFiles/HW16.dir/C_/Users/17155/ME433/Pico/pico-sdk/src/rp2_common/hardware_irq/irq.c.obj
 .text.make_branch
                0x10000678       0x48 CMakeFiles/HW16.dir/C_/Users/17155/ME433/Pico/pico-sdk/src/rp2_common/hardware_irq/irq.c.obj
 .text.insert_branch_and_link
                0x100006c0       0x40 CMakeFiles/HW16.dir/C_/Users/17155/ME433/Pico/pico-sdk/src/rp2_common/hardware_irq/irq.c.obj
 .text.irq_is_enabled
                0x10000700       0x18 CMakeFiles/HW16.dir/C_/Users/17155/ME433/Pico/pico-sdk/src/rp2_common/hardware_irq/irq.c.obj
                0x10000700                irq_is_enabled
 .text.irq_set_mask_enabled
                0x10000718       0x20 CMakeFiles/HW16.dir/C_/Users/17155/ME433/Pico/pico-sdk/src/rp2_common/hardware_irq/irq.c.obj
                0x10000718                irq_set_mask_enabled
 .text.irq_set_enabled
                0x10000738        0xe CMakeFiles/HW16.dir/C_/Users/17155/ME433/Pico/pico-sdk/src/rp2_common/hardware_irq/irq.c.obj
                0x10000738                irq_set_enabled
 *fill*         0x10000746        0x2 
 .text.irq_set_pending
                0x10000748       0x10 CMakeFiles/HW16.dir/C_/Users/17155/ME433/Pico/pico-sdk/src/rp2_common/hardware_irq/irq.c.obj
                0x10000748                irq_set_pending
 .text.irq_get_vtable_handler
                0x10000758       0x10 CMakeFiles/HW16.dir/C_/Users/17155/ME433/Pico/pico-sdk/src/rp2_common/hardware_irq/irq.c.obj
                0x10000758                irq_get_vtable_handler
 .text.irq_has_shared_handler
                0x10000768       0x24 CMakeFiles/HW16.dir/C_/Users/17155/ME433/Pico/pico-sdk/src/rp2_common/hardware_irq/irq.c.obj
                0x10000768                irq_has_shared_handler
 .text.irq_set_exclusive_handler
                0x1000078c       0x54 CMakeFiles/HW16.dir/C_/Users/17155/ME433/Pico/pico-sdk/src/rp2_common/hardware_irq/irq.c.obj
                0x1000078c                irq_set_exclusive_handler
 .text.irq_add_shared_handler
                0x100007e0      0x234 CMakeFiles/HW16.dir/C_/Users/17155/ME433/Pico/pico-sdk/src/rp2_common/hardware_irq/irq.c.obj
                0x100007e0                irq_add_shared_handler
 .text.irq_remove_handler
                0x10000a14      0x1ac CMakeFiles/HW16.dir/C_/Users/17155/ME433/Pico/pico-sdk/src/rp2_common/hardware_irq/irq.c.obj
                0x10000a14                irq_remove_handler
 .text.irq_add_tail_to_free_list
                0x10000bc0       0xf0 CMakeFiles/HW16.dir/C_/Users/17155/ME433/Pico/pico-sdk/src/rp2_common/hardware_irq/irq.c.obj
                0x10000bc0                irq_add_tail_to_free_list
 .text.irq_init_priorities
                0x10000cb0       0x1c CMakeFiles/HW16.dir/C_/Users/17155/ME433/Pico/pico-sdk/src/rp2_common/hardware_irq/irq.c.obj
                0x10000cb0                irq_init_priorities
 .text.user_irq_claim_unused
                0x10000ccc       0x28 CMakeFiles/HW16.dir/C_/Users/17155/ME433/Pico/pico-sdk/src/rp2_common/hardware_irq/irq.c.obj
                0x10000ccc                user_irq_claim_unused
 .text.lock_init
                0x10000cf4       0x10 CMakeFiles/HW16.dir/C_/Users/17155/ME433/Pico/pico-sdk/src/common/pico_sync/lock_core.c.obj
                0x10000cf4                lock_init
 .text.mutex_init
                0x10000d04       0x1a CMakeFiles/HW16.dir/C_/Users/17155/ME433/Pico/pico-sdk/src/common/pico_sync/mutex.c.obj
                0x10000d04                mutex_init
 .text.recursive_mutex_init
                0x10000d1e       0x1e CMakeFiles/HW16.dir/C_/Users/17155/ME433/Pico/pico-sdk/src/common/pico_sync/mutex.c.obj
                0x10000d1e                recursive_mutex_init
 .text.critical_section_init_with_lock_num
                0x10000d3c       0x14 CMakeFiles/HW16.dir/C_/Users/17155/ME433/Pico/pico-sdk/src/common/pico_sync/critical_section.c.obj
                0x10000d3c                critical_section_init_with_lock_num
 .text.critical_section_init
                0x10000d50       0x14 CMakeFiles/HW16.dir/C_/Users/17155/ME433/Pico/pico-sdk/src/common/pico_sync/critical_section.c.obj
                0x10000d50                critical_section_init
 .text.alarm_pool_post_alloc_init
                0x10000d64       0x40 CMakeFiles/HW16.dir/C_/Users/17155/ME433/Pico/pico-sdk/src/common/pico_time/time.c.obj
 .text.sleep_until_callback
                0x10000da4       0x30 CMakeFiles/HW16.dir/C_/Users/17155/ME433/Pico/pico-sdk/src/common/pico_time/time.c.obj
 .text.timer_pool_entry_comparator
                0x10000dd4       0x7c CMakeFiles/HW16.dir/C_/Users/17155/ME433/Pico/pico-sdk/src/common/pico_time/time.c.obj
                0x10000dd4                timer_pool_entry_comparator
 .text.ph_add_child_node
                0x10000e50       0xa4 CMakeFiles/HW16.dir/C_/Users/17155/ME433/Pico/pico-sdk/src/common/pico_time/time.c.obj
 .text.ph_merge_nodes
                0x10000ef4       0x3e CMakeFiles/HW16.dir/C_/Users/17155/ME433/Pico/pico-sdk/src/common/pico_time/time.c.obj
 *fill*         0x10000f32        0x2 
 .text.add_alarm_under_lock
                0x10000f34      0x174 CMakeFiles/HW16.dir/C_/Users/17155/ME433/Pico/pico-sdk/src/common/pico_time/time.c.obj
 .text.alarm_pool_alarm_callback
                0x100010a8      0x33c CMakeFiles/HW16.dir/C_/Users/17155/ME433/Pico/pico-sdk/src/common/pico_time/time.c.obj
 .text.alarm_pool_init_default
                0x100013e4       0x40 CMakeFiles/HW16.dir/C_/Users/17155/ME433/Pico/pico-sdk/src/common/pico_time/time.c.obj
                0x100013e4                alarm_pool_init_default
 .text.alarm_pool_get_default
                0x10001424       0x2c CMakeFiles/HW16.dir/C_/Users/17155/ME433/Pico/pico-sdk/src/common/pico_time/time.c.obj
                0x10001424                alarm_pool_get_default
 .text.alarm_pool_add_alarm_at
                0x10001450      0x168 CMakeFiles/HW16.dir/C_/Users/17155/ME433/Pico/pico-sdk/src/common/pico_time/time.c.obj
                0x10001450                alarm_pool_add_alarm_at
 .text.alarm_pool_cancel_alarm
                0x100015b8       0xf8 CMakeFiles/HW16.dir/C_/Users/17155/ME433/Pico/pico-sdk/src/common/pico_time/time.c.obj
                0x100015b8                alarm_pool_cancel_alarm
 .text.alarm_pool_core_num
                0x100016b0        0x4 CMakeFiles/HW16.dir/C_/Users/17155/ME433/Pico/pico-sdk/src/common/pico_time/time.c.obj
                0x100016b0                alarm_pool_core_num
 .text.best_effort_wfe_or_timeout
                0x100016b4       0xac CMakeFiles/HW16.dir/C_/Users/17155/ME433/Pico/pico-sdk/src/common/pico_time/time.c.obj
                0x100016b4                best_effort_wfe_or_timeout
 .text.hardware_alarm_irq_handler
                0x10001760       0x90 CMakeFiles/HW16.dir/C_/Users/17155/ME433/Pico/pico-sdk/src/rp2_common/hardware_timer/timer.c.obj
 .text.hardware_alarm_claim
                0x100017f0       0x18 CMakeFiles/HW16.dir/C_/Users/17155/ME433/Pico/pico-sdk/src/rp2_common/hardware_timer/timer.c.obj
                0x100017f0                hardware_alarm_claim
 .text.time_us_64
                0x10001808       0x18 CMakeFiles/HW16.dir/C_/Users/17155/ME433/Pico/pico-sdk/src/rp2_common/hardware_timer/timer.c.obj
                0x10001808                time_us_64
 .text.busy_wait_until
                0x10001820       0x28 CMakeFiles/HW16.dir/C_/Users/17155/ME433/Pico/pico-sdk/src/rp2_common/hardware_timer/timer.c.obj
                0x10001820                busy_wait_until
 .text.busy_wait_us
                0x10001848       0x48 CMakeFiles/HW16.dir/C_/Users/17155/ME433/Pico/pico-sdk/src/rp2_common/hardware_timer/timer.c.obj
                0x10001848                busy_wait_us
 .text.hardware_alarm_set_callback
                0x10001890       0x90 CMakeFiles/HW16.dir/C_/Users/17155/ME433/Pico/pico-sdk/src/rp2_common/hardware_timer/timer.c.obj
                0x10001890                hardware_alarm_set_callback
 .text.hardware_alarm_set_target
                0x10001920       0xe8 CMakeFiles/HW16.dir/C_/Users/17155/ME433/Pico/pico-sdk/src/rp2_common/hardware_timer/timer.c.obj
                0x10001920                hardware_alarm_set_target
 .text.hardware_alarm_cancel
                0x10001a08       0x40 CMakeFiles/HW16.dir/C_/Users/17155/ME433/Pico/pico-sdk/src/rp2_common/hardware_timer/timer.c.obj
                0x10001a08                hardware_alarm_cancel
 .text.ph_add_child_node
                0x10001a48       0xa4 CMakeFiles/HW16.dir/C_/Users/17155/ME433/Pico/pico-sdk/src/common/pico_util/pheap.c.obj
 .text.ph_merge_nodes
                0x10001aec       0x3e CMakeFiles/HW16.dir/C_/Users/17155/ME433/Pico/pico-sdk/src/common/pico_util/pheap.c.obj
 *fill*         0x10001b2a        0x2 
 .text.ph_clear
                0x10001b2c       0x70 CMakeFiles/HW16.dir/C_/Users/17155/ME433/Pico/pico-sdk/src/common/pico_util/pheap.c.obj
                0x10001b2c                ph_clear
 .text.ph_post_alloc_init
                0x10001b9c        0xe CMakeFiles/HW16.dir/C_/Users/17155/ME433/Pico/pico-sdk/src/common/pico_util/pheap.c.obj
                0x10001b9c                ph_post_alloc_init
 *fill*         0x10001baa        0x2 
 .text.ph_merge_two_pass
                0x10001bac       0xa8 CMakeFiles/HW16.dir/C_/Users/17155/ME433/Pico/pico-sdk/src/common/pico_util/pheap.c.obj
                0x10001bac                ph_merge_two_pass
 .text.ph_remove_any_head
                0x10001c54      0x128 CMakeFiles/HW16.dir/C_/Users/17155/ME433/Pico/pico-sdk/src/common/pico_util/pheap.c.obj
 .text.ph_remove_head
                0x10001d7c       0x14 CMakeFiles/HW16.dir/C_/Users/17155/ME433/Pico/pico-sdk/src/common/pico_util/pheap.c.obj
                0x10001d7c                ph_remove_head
 .text.ph_remove_and_free_node
                0x10001d90       0xf8 CMakeFiles/HW16.dir/C_/Users/17155/ME433/Pico/pico-sdk/src/common/pico_util/pheap.c.obj
                0x10001d90                ph_remove_and_free_node
 .text.uart_disable_before_lcr_write
                0x10001e88       0x48 CMakeFiles/HW16.dir/C_/Users/17155/ME433/Pico/pico-sdk/src/rp2_common/hardware_uart/uart.c.obj
 .text.uart_write_lcr_bits_masked
                0x10001ed0       0x22 CMakeFiles/HW16.dir/C_/Users/17155/ME433/Pico/pico-sdk/src/rp2_common/hardware_uart/uart.c.obj
 *fill*         0x10001ef2        0x2 
 .text.uart_set_baudrate
                0x10001ef4       0x5c CMakeFiles/HW16.dir/C_/Users/17155/ME433/Pico/pico-sdk/src/rp2_common/hardware_uart/uart.c.obj
                0x10001ef4                uart_set_baudrate
 .text.uart_set_format
                0x10001f50       0x2c CMakeFiles/HW16.dir/C_/Users/17155/ME433/Pico/pico-sdk/src/rp2_common/hardware_uart/uart.c.obj
                0x10001f50                uart_set_format
 .text.uart_set_fifo_enabled
                0x10001f7c       0x10 CMakeFiles/HW16.dir/C_/Users/17155/ME433/Pico/pico-sdk/src/rp2_common/hardware_uart/uart.c.obj
                0x10001f7c                uart_set_fifo_enabled
 .text.uart_set_translate_crlf
                0x10001f8c       0x28 CMakeFiles/HW16.dir/C_/Users/17155/ME433/Pico/pico-sdk/src/rp2_common/hardware_uart/uart.c.obj
                0x10001f8c                uart_set_translate_crlf
 .text.uart_init
                0x10001fb4       0x80 CMakeFiles/HW16.dir/C_/Users/17155/ME433/Pico/pico-sdk/src/rp2_common/hardware_uart/uart.c.obj
                0x10001fb4                uart_init
 .text.clock_configure
                0x10002034      0x108 CMakeFiles/HW16.dir/C_/Users/17155/ME433/Pico/pico-sdk/src/rp2_common/hardware_clocks/clocks.c.obj
                0x10002034                clock_configure
 .text.clocks_init
                0x1000213c      0x100 CMakeFiles/HW16.dir/C_/Users/17155/ME433/Pico/pico-sdk/src/rp2_common/hardware_clocks/clocks.c.obj
                0x1000213c                clocks_init
 .text.clock_get_hz
                0x1000223c        0xc CMakeFiles/HW16.dir/C_/Users/17155/ME433/Pico/pico-sdk/src/rp2_common/hardware_clocks/clocks.c.obj
                0x1000223c                clock_get_hz
 .text.pll_init
                0x10002248      0x120 CMakeFiles/HW16.dir/C_/Users/17155/ME433/Pico/pico-sdk/src/rp2_common/hardware_pll/pll.c.obj
                0x10002248                pll_init
 .text.watchdog_start_tick
                0x10002368       0x10 CMakeFiles/HW16.dir/C_/Users/17155/ME433/Pico/pico-sdk/src/rp2_common/hardware_watchdog/watchdog.c.obj
                0x10002368                watchdog_start_tick
 .text.watchdog_update
                0x10002378       0x14 CMakeFiles/HW16.dir/C_/Users/17155/ME433/Pico/pico-sdk/src/rp2_common/hardware_watchdog/watchdog.c.obj
                0x10002378                watchdog_update
 .text._watchdog_enable
                0x1000238c       0x78 CMakeFiles/HW16.dir/C_/Users/17155/ME433/Pico/pico-sdk/src/rp2_common/hardware_watchdog/watchdog.c.obj
                0x1000238c                _watchdog_enable
 .text.watchdog_reboot
                0x10002404       0x48 CMakeFiles/HW16.dir/C_/Users/17155/ME433/Pico/pico-sdk/src/rp2_common/hardware_watchdog/watchdog.c.obj
                0x10002404                watchdog_reboot
 .text.xosc_init
                0x1000244c       0x28 CMakeFiles/HW16.dir/C_/Users/17155/ME433/Pico/pico-sdk/src/rp2_common/hardware_xosc/xosc.c.obj
                0x1000244c                xosc_init
 .text._exit    0x10002474        0x4 CMakeFiles/HW16.dir/C_/Users/17155/ME433/Pico/pico-sdk/src/rp2_common/pico_runtime/runtime.c.obj
                0x10002474                _exit
 .text.exit     0x10002478        0x6 CMakeFiles/HW16.dir/C_/Users/17155/ME433/Pico/pico-sdk/src/rp2_common/pico_runtime/runtime.c.obj
                0x10002478                exit
 *fill*         0x1000247e        0x2 
 .text.__assert_func
                0x10002480       0x3c CMakeFiles/HW16.dir/C_/Users/17155/ME433/Pico/pico-sdk/src/rp2_common/pico_runtime/runtime.c.obj
                0x10002480                __assert_func
 .text.runtime_init
                0x100024bc       0xf8 CMakeFiles/HW16.dir/C_/Users/17155/ME433/Pico/pico-sdk/src/rp2_common/pico_runtime/runtime.c.obj
                0x100024bc                runtime_init
 .text.panic    0x100025b4       0x30 CMakeFiles/HW16.dir/C_/Users/17155/ME433/Pico/pico-sdk/src/rp2_common/pico_runtime/runtime.c.obj
                0x100025b4                panic
 .text._out_null
                0x100025e4        0x2 CMakeFiles/HW16.dir/C_/Users/17155/ME433/Pico/pico-sdk/src/rp2_common/pico_printf/printf.c.obj
 .text._out_fct
                0x100025e6        0xe CMakeFiles/HW16.dir/C_/Users/17155/ME433/Pico/pico-sdk/src/rp2_common/pico_printf/printf.c.obj
 .text._atoi    0x100025f4       0x24 CMakeFiles/HW16.dir/C_/Users/17155/ME433/Pico/pico-sdk/src/rp2_common/pico_printf/printf.c.obj
 .text._out_rev
                0x10002618       0xae CMakeFiles/HW16.dir/C_/Users/17155/ME433/Pico/pico-sdk/src/rp2_common/pico_printf/printf.c.obj
 .text._ntoa_format
                0x100026c6      0x112 CMakeFiles/HW16.dir/C_/Users/17155/ME433/Pico/pico-sdk/src/rp2_common/pico_printf/printf.c.obj
 .text._ntoa_long
                0x100027d8       0xbc CMakeFiles/HW16.dir/C_/Users/17155/ME433/Pico/pico-sdk/src/rp2_common/pico_printf/printf.c.obj
 .text._ntoa_long_long
                0x10002894       0xe2 CMakeFiles/HW16.dir/C_/Users/17155/ME433/Pico/pico-sdk/src/rp2_common/pico_printf/printf.c.obj
 *fill*         0x10002976        0x2 
 .text._etoa    0x10002978      0x414 CMakeFiles/HW16.dir/C_/Users/17155/ME433/Pico/pico-sdk/src/rp2_common/pico_printf/printf.c.obj
 .text._ftoa    0x10002d8c      0x354 CMakeFiles/HW16.dir/C_/Users/17155/ME433/Pico/pico-sdk/src/rp2_common/pico_printf/printf.c.obj
 .text._vsnprintf
                0x100030e0      0x624 CMakeFiles/HW16.dir/C_/Users/17155/ME433/Pico/pico-sdk/src/rp2_common/pico_printf/printf.c.obj
 .text.vfctprintf
                0x10003704       0x20 CMakeFiles/HW16.dir/C_/Users/17155/ME433/Pico/pico-sdk/src/rp2_common/pico_printf/printf.c.obj
                0x10003704                vfctprintf
 .text          0x10003724       0x10 CMakeFiles/HW16.dir/C_/Users/17155/ME433/Pico/pico-sdk/src/rp2_common/pico_bit_ops/bit_ops_aeabi.S.obj
 .text.rom_func_lookup
                0x10003734       0x10 CMakeFiles/HW16.dir/C_/Users/17155/ME433/Pico/pico-sdk/src/rp2_common/pico_bootrom/bootrom.c.obj
                0x10003734                rom_func_lookup
 .text.rom_data_lookup
                0x10003744       0x10 CMakeFiles/HW16.dir/C_/Users/17155/ME433/Pico/pico-sdk/src/rp2_common/pico_bootrom/bootrom.c.obj
                0x10003744                rom_data_lookup
 .text.rom_funcs_lookup
                0x10003754       0x36 CMakeFiles/HW16.dir/C_/Users/17155/ME433/Pico/pico-sdk/src/rp2_common/pico_bootrom/bootrom.c.obj
                0x10003754                rom_funcs_lookup
 *fill*         0x1000378a        0x2 
 .text.__wrap___aeabi_idiv
                0x1000378c       0x50 CMakeFiles/HW16.dir/C_/Users/17155/ME433/Pico/pico-sdk/src/rp2_common/pico_divider/divider.S.obj
                0x1000378c                __wrap___aeabi_idivmod
                0x1000378c                divmod_s32s32
                0x1000378c                div_s32s32
                0x1000378c                __wrap___aeabi_idiv
                0x10003794                divmod_s32s32_unsafe
                0x100037c0                divmod_s32s32_savestate
 .text.__wrap___aeabi_uidiv
                0x100037dc       0x4c CMakeFiles/HW16.dir/C_/Users/17155/ME433/Pico/pico-sdk/src/rp2_common/pico_divider/divider.S.obj
                0x100037dc                __wrap___aeabi_uidiv
                0x100037dc                __wrap___aeabi_uidivmod
                0x100037dc                div_u32u32
                0x100037dc                divmod_u32u32
                0x100037e4                divmod_u32u32_unsafe
                0x1000380c                divmod_u32u32_savestate
 .text.__wrap___aeabi_ldiv
                0x10003828      0x424 CMakeFiles/HW16.dir/C_/Users/17155/ME433/Pico/pico-sdk/src/rp2_common/pico_divider/divider.S.obj
                0x10003828                div_s64s64
                0x10003828                divmod_s64s64
                0x10003828                __wrap___aeabi_ldivmod
                0x10003858                divmod_u64u64
                0x10003858                div_u64u64
                0x10003858                __wrap___aeabi_uldivmod
                0x10003868                divmod_u64u64_savestate
                0x10003888                divmod_s64s64_unsafe
                0x10003910                divmod_u64u64_unsafe
 .text.__wrap___aeabi_darithmetic
                0x10003c4c       0x80 CMakeFiles/HW16.dir/C_/Users/17155/ME433/Pico/pico-sdk/src/rp2_common/pico_double/double_aeabi.S.obj
                0x10003c4c                __wrap___aeabi_drsub
                0x10003c52                __wrap___aeabi_dsub
                0x10003c64                __wrap___aeabi_dadd
                0x10003c76                __wrap___aeabi_ddiv
                0x10003cb2                __wrap___aeabi_dmul
 .text.__wrap___aeabi_cdcmple
                0x10003ccc       0x6c CMakeFiles/HW16.dir/C_/Users/17155/ME433/Pico/pico-sdk/src/rp2_common/pico_double/double_aeabi.S.obj
                0x10003ccc                __wrap___aeabi_cdrcmple
                0x10003cdc                __wrap___aeabi_cdcmpeq
                0x10003cdc                __wrap___aeabi_cdcmple
 .text.__wrap___aeabi_dcmplt
                0x10003d38        0xc CMakeFiles/HW16.dir/C_/Users/17155/ME433/Pico/pico-sdk/src/rp2_common/pico_double/double_aeabi.S.obj
                0x10003d38                __wrap___aeabi_dcmplt
 .text.__wrap___aeabi_dcmple
                0x10003d44       0x10 CMakeFiles/HW16.dir/C_/Users/17155/ME433/Pico/pico-sdk/src/rp2_common/pico_double/double_aeabi.S.obj
                0x10003d44                __wrap___aeabi_dcmple
 .text.__wrap___aeabi_dcmpge
                0x10003d54       0x10 CMakeFiles/HW16.dir/C_/Users/17155/ME433/Pico/pico-sdk/src/rp2_common/pico_double/double_aeabi.S.obj
                0x10003d54                __wrap___aeabi_dcmpge
 .text.__wrap___aeabi_dcmpgt
                0x10003d64        0xa CMakeFiles/HW16.dir/C_/Users/17155/ME433/Pico/pico-sdk/src/rp2_common/pico_double/double_aeabi.S.obj
                0x10003d64                __wrap___aeabi_dcmpgt
 .text.__wrap___aeabi_dcmpun
                0x10003d6e       0x1c CMakeFiles/HW16.dir/C_/Users/17155/ME433/Pico/pico-sdk/src/rp2_common/pico_double/double_aeabi.S.obj
                0x10003d6e                __wrap___aeabi_dcmpun
 *fill*         0x10003d8a        0x2 
 .text.__wrap___aeabi_i2d
                0x10003d8c       0x38 CMakeFiles/HW16.dir/C_/Users/17155/ME433/Pico/pico-sdk/src/rp2_common/pico_double/double_aeabi.S.obj
                0x10003d8c                __wrap___aeabi_ui2d
                0x10003d94                __wrap___aeabi_i2d
 .text.__wrap___aeabi_d2iz
                0x10003dc4       0x48 CMakeFiles/HW16.dir/C_/Users/17155/ME433/Pico/pico-sdk/src/rp2_common/pico_double/double_aeabi.S.obj
                0x10003dc4                double2int_z
                0x10003dc4                __wrap___aeabi_d2iz
 .text.__wrap___aeabi_d2uiz
                0x10003e0c       0x18 CMakeFiles/HW16.dir/C_/Users/17155/ME433/Pico/pico-sdk/src/rp2_common/pico_double/double_aeabi.S.obj
                0x10003e0c                __wrap___aeabi_d2uiz
                0x10003e0c                double2uint
 .text.__aeabi_double_init
                0x10003e24       0xc8 CMakeFiles/HW16.dir/C_/Users/17155/ME433/Pico/pico-sdk/src/rp2_common/pico_double/double_init_rom.c.obj
                0x10003e24                __aeabi_double_init
 .text.double_table_shim_on_use_helper
                0x10003eec       0x34 CMakeFiles/HW16.dir/C_/Users/17155/ME433/Pico/pico-sdk/src/rp2_common/pico_double/double_v1_rom_shim.S.obj
                0x10003eec                double_table_shim_on_use_helper
 .text.__wrap___aeabi_dsub
                0x10003f20       0x10 CMakeFiles/HW16.dir/C_/Users/17155/ME433/Pico/pico-sdk/src/rp2_common/pico_double/double_v1_rom_shim.S.obj
                0x10003f20                drsub_shim
                0x10003f26                dsub_shim
 .text.dadd_shim
                0x10003f30      0x15c CMakeFiles/HW16.dir/C_/Users/17155/ME433/Pico/pico-sdk/src/rp2_common/pico_double/double_v1_rom_shim.S.obj
                0x10003f30                dadd_shim
 .text.dmul_shim
                0x1000408c      0x15c CMakeFiles/HW16.dir/C_/Users/17155/ME433/Pico/pico-sdk/src/rp2_common/pico_double/double_v1_rom_shim.S.obj
                0x1000408c                dmul_shim
 .text.ddiv_shim
                0x100041e8      0x1b0 CMakeFiles/HW16.dir/C_/Users/17155/ME433/Pico/pico-sdk/src/rp2_common/pico_double/double_v1_rom_shim.S.obj
                0x100041e8                ddiv_shim
 .text.double2uint_shim
                0x10004398        0xe CMakeFiles/HW16.dir/C_/Users/17155/ME433/Pico/pico-sdk/src/rp2_common/pico_double/double_v1_rom_shim.S.obj
                0x10004398                double2uint_shim
                0x1000439a                double2ufix_shim
 *fill*         0x100043a6        0x2 
 .text.double2uint64_shim
                0x100043a8       0x70 CMakeFiles/HW16.dir/C_/Users/17155/ME433/Pico/pico-sdk/src/rp2_common/pico_double/double_v1_rom_shim.S.obj
                0x100043a8                double2uint64_shim
                0x100043aa                double2ufix64_shim
                0x100043ca                d2fix_a
 .text.dunpacks
                0x10004418       0x3c CMakeFiles/HW16.dir/C_/Users/17155/ME433/Pico/pico-sdk/src/rp2_common/pico_double/double_v1_rom_shim.S.obj
                0x10004418                dunpacks
 .text.__aeabi_lmul
                0x10004454       0x32 CMakeFiles/HW16.dir/C_/Users/17155/ME433/Pico/pico-sdk/src/rp2_common/pico_int64_ops/pico_int64_ops_aeabi.S.obj
                0x10004454                __wrap___aeabi_lmul
 *fill*         0x10004486        0x2 
 .text.__aeabi_float_init
                0x10004488       0xfc CMakeFiles/HW16.dir/C_/Users/17155/ME433/Pico/pico-sdk/src/rp2_common/pico_float/float_init_rom.c.obj
                0x10004488                __aeabi_float_init
 .text.float_table_shim_on_use_helper
                0x10004584       0x34 CMakeFiles/HW16.dir/C_/Users/17155/ME433/Pico/pico-sdk/src/rp2_common/pico_float/float_v1_rom_shim.S.obj
                0x10004584                float_table_shim_on_use_helper
 .text          0x100045b8       0x10 CMakeFiles/HW16.dir/C_/Users/17155/ME433/Pico/pico-sdk/src/rp2_common/pico_mem_ops/mem_ops_aeabi.S.obj
                0x100045b8                __aeabi_mem_init
 .text.memset   0x100045c8        0xc CMakeFiles/HW16.dir/C_/Users/17155/ME433/Pico/pico-sdk/src/rp2_common/pico_mem_ops/mem_ops_aeabi.S.obj
                0x100045c8                __wrap_memset
 .text.memcpy   0x100045d4        0xc CMakeFiles/HW16.dir/C_/Users/17155/ME433/Pico/pico-sdk/src/rp2_common/pico_mem_ops/mem_ops_aeabi.S.obj
                0x100045d4                __wrap_memcpy
                0x100045d4                __wrap___aeabi_memcpy
 .text.stdio_out_chars_no_crlf
                0x100045e0        0xe CMakeFiles/HW16.dir/C_/Users/17155/ME433/Pico/pico-sdk/src/rp2_common/pico_stdio/stdio.c.obj
 *fill*         0x100045ee        0x2 
 .text.stdio_out_chars_crlf
                0x100045f0       0x80 CMakeFiles/HW16.dir/C_/Users/17155/ME433/Pico/pico-sdk/src/rp2_common/pico_stdio/stdio.c.obj
 .text.stdio_stack_buffer_flush
                0x10004670       0x44 CMakeFiles/HW16.dir/C_/Users/17155/ME433/Pico/pico-sdk/src/rp2_common/pico_stdio/stdio.c.obj
 .text.stdio_buffered_printer
                0x100046b4       0x20 CMakeFiles/HW16.dir/C_/Users/17155/ME433/Pico/pico-sdk/src/rp2_common/pico_stdio/stdio.c.obj
 .text.stdout_serialize_begin
                0x100046d4       0x5c CMakeFiles/HW16.dir/C_/Users/17155/ME433/Pico/pico-sdk/src/rp2_common/pico_stdio/stdio.c.obj
                0x100046d4                stdout_serialize_begin
 .text.stdout_serialize_end
                0x10004730       0x10 CMakeFiles/HW16.dir/C_/Users/17155/ME433/Pico/pico-sdk/src/rp2_common/pico_stdio/stdio.c.obj
                0x10004730                stdout_serialize_end
 .text.stdio_put_string
                0x10004740       0x98 CMakeFiles/HW16.dir/C_/Users/17155/ME433/Pico/pico-sdk/src/rp2_common/pico_stdio/stdio.c.obj
 .text.stdio_set_driver_enabled
                0x100047d8       0x2c CMakeFiles/HW16.dir/C_/Users/17155/ME433/Pico/pico-sdk/src/rp2_common/pico_stdio/stdio.c.obj
                0x100047d8                stdio_set_driver_enabled
 .text.stdio_flush
                0x10004804       0x20 CMakeFiles/HW16.dir/C_/Users/17155/ME433/Pico/pico-sdk/src/rp2_common/pico_stdio/stdio.c.obj
                0x10004804                stdio_flush
 .text.__wrap_puts
                0x10004824       0x1e CMakeFiles/HW16.dir/C_/Users/17155/ME433/Pico/pico-sdk/src/rp2_common/pico_stdio/stdio.c.obj
                0x10004824                __wrap_puts
 *fill*         0x10004842        0x2 
 .text.__wrap_vprintf
                0x10004844       0x40 CMakeFiles/HW16.dir/C_/Users/17155/ME433/Pico/pico-sdk/src/rp2_common/pico_stdio/stdio.c.obj
                0x10004844                __wrap_vprintf
 .text.__wrap_printf
                0x10004884       0x18 CMakeFiles/HW16.dir/C_/Users/17155/ME433/Pico/pico-sdk/src/rp2_common/pico_stdio/stdio.c.obj
                0x10004884                __wrap_printf
 .text.stdio_init_all
                0x1000489c        0x8 CMakeFiles/HW16.dir/C_/Users/17155/ME433/Pico/pico-sdk/src/rp2_common/pico_stdio/stdio.c.obj
                0x1000489c                stdio_init_all
 .text.resetd_init
                0x100048a4        0x2 CMakeFiles/HW16.dir/C_/Users/17155/ME433/Pico/pico-sdk/src/rp2_common/pico_stdio_usb/reset_interface.c.obj
 *fill*         0x100048a6        0x2 
 .text.resetd_reset
                0x100048a8        0xc CMakeFiles/HW16.dir/C_/Users/17155/ME433/Pico/pico-sdk/src/rp2_common/pico_stdio_usb/reset_interface.c.obj
 .text.resetd_open
                0x100048b4       0x34 CMakeFiles/HW16.dir/C_/Users/17155/ME433/Pico/pico-sdk/src/rp2_common/pico_stdio_usb/reset_interface.c.obj
 .text.resetd_xfer_cb
                0x100048e8        0x4 CMakeFiles/HW16.dir/C_/Users/17155/ME433/Pico/pico-sdk/src/rp2_common/pico_stdio_usb/reset_interface.c.obj
 .text.reset_usb_boot
                0x100048ec       0x18 CMakeFiles/HW16.dir/C_/Users/17155/ME433/Pico/pico-sdk/src/rp2_common/pico_stdio_usb/reset_interface.c.obj
 .text.resetd_control_xfer_cb
                0x10004904       0x5c CMakeFiles/HW16.dir/C_/Users/17155/ME433/Pico/pico-sdk/src/rp2_common/pico_stdio_usb/reset_interface.c.obj
 .text.usbd_app_driver_get_cb
                0x10004960        0xc CMakeFiles/HW16.dir/C_/Users/17155/ME433/Pico/pico-sdk/src/rp2_common/pico_stdio_usb/reset_interface.c.obj
                0x10004960                usbd_app_driver_get_cb
 .text.tud_cdc_line_coding_cb
                0x1000496c       0x28 CMakeFiles/HW16.dir/C_/Users/17155/ME433/Pico/pico-sdk/src/rp2_common/pico_stdio_usb/reset_interface.c.obj
                0x1000496c                tud_cdc_line_coding_cb
 .text.stdio_usb_set_chars_available_callback
                0x10004994       0x14 CMakeFiles/HW16.dir/C_/Users/17155/ME433/Pico/pico-sdk/src/rp2_common/pico_stdio_usb/stdio_usb.c.obj
                0x10004994                stdio_usb_set_chars_available_callback
 .text.usb_irq  0x100049a8       0x10 CMakeFiles/HW16.dir/C_/Users/17155/ME433/Pico/pico-sdk/src/rp2_common/pico_stdio_usb/stdio_usb.c.obj
 .text.timer_task
                0x100049b8       0x5c CMakeFiles/HW16.dir/C_/Users/17155/ME433/Pico/pico-sdk/src/rp2_common/pico_stdio_usb/stdio_usb.c.obj
 .text.low_priority_worker_irq
                0x10004a14       0xdc CMakeFiles/HW16.dir/C_/Users/17155/ME433/Pico/pico-sdk/src/rp2_common/pico_stdio_usb/stdio_usb.c.obj
 .text.tud_cdc_rx_cb
                0x10004af0       0x20 CMakeFiles/HW16.dir/C_/Users/17155/ME433/Pico/pico-sdk/src/rp2_common/pico_stdio_usb/stdio_usb.c.obj
                0x10004af0                tud_cdc_rx_cb
 .text.stdio_usb_init
                0x10004b10      0x11c CMakeFiles/HW16.dir/C_/Users/17155/ME433/Pico/pico-sdk/src/rp2_common/pico_stdio_usb/stdio_usb.c.obj
                0x10004b10                stdio_usb_init
 .text.stdio_usb_connected
                0x10004c2c        0xa CMakeFiles/HW16.dir/C_/Users/17155/ME433/Pico/pico-sdk/src/rp2_common/pico_stdio_usb/stdio_usb.c.obj
                0x10004c2c                stdio_usb_connected
 *fill*         0x10004c36        0x2 
 .text.stdio_usb_in_chars
                0x10004c38       0xc4 CMakeFiles/HW16.dir/C_/Users/17155/ME433/Pico/pico-sdk/src/rp2_common/pico_stdio_usb/stdio_usb.c.obj
                0x10004c38                stdio_usb_in_chars
 .text.stdio_usb_out_chars
                0x10004cfc      0x114 CMakeFiles/HW16.dir/C_/Users/17155/ME433/Pico/pico-sdk/src/rp2_common/pico_stdio_usb/stdio_usb.c.obj
 .text.tud_descriptor_device_cb
                0x10004e10        0x8 CMakeFiles/HW16.dir/C_/Users/17155/ME433/Pico/pico-sdk/src/rp2_common/pico_stdio_usb/stdio_usb_descriptors.c.obj
                0x10004e10                tud_descriptor_device_cb
 .text.tud_descriptor_configuration_cb
                0x10004e18        0x8 CMakeFiles/HW16.dir/C_/Users/17155/ME433/Pico/pico-sdk/src/rp2_common/pico_stdio_usb/stdio_usb_descriptors.c.obj
                0x10004e18                tud_descriptor_configuration_cb
 .text.tud_descriptor_string_cb
                0x10004e20       0x6c CMakeFiles/HW16.dir/C_/Users/17155/ME433/Pico/pico-sdk/src/rp2_common/pico_stdio_usb/stdio_usb_descriptors.c.obj
                0x10004e20                tud_descriptor_string_cb
 .text._retrieve_unique_id_on_boot
                0x10004e8c       0x10 CMakeFiles/HW16.dir/C_/Users/17155/ME433/Pico/pico-sdk/src/rp2_common/pico_unique_id/unique_id.c.obj
 .text.pico_get_unique_board_id_string
                0x10004e9c       0x60 CMakeFiles/HW16.dir/C_/Users/17155/ME433/Pico/pico-sdk/src/rp2_common/pico_unique_id/unique_id.c.obj
                0x10004e9c                pico_get_unique_board_id_string
 .text.flash_get_unique_id
                0x10004efc       0x46 CMakeFiles/HW16.dir/C_/Users/17155/ME433/Pico/pico-sdk/src/rp2_common/hardware_flash/flash.c.obj
                0x10004efc                flash_get_unique_id
 *fill*         0x10004f42        0x2 
 .text.hw_endpoint_get_by_addr
                0x10004f44       0x18 CMakeFiles/HW16.dir/C_/Users/17155/ME433/Pico/pico-sdk/lib/tinyusb/src/portable/raspberrypi/rp2040/dcd_rp2040.c.obj
 .text._hw_endpoint_alloc
                0x10004f5c       0x70 CMakeFiles/HW16.dir/C_/Users/17155/ME433/Pico/pico-sdk/lib/tinyusb/src/portable/raspberrypi/rp2040/dcd_rp2040.c.obj
 .text.hw_endpoint_init
                0x10004fcc       0x88 CMakeFiles/HW16.dir/C_/Users/17155/ME433/Pico/pico-sdk/lib/tinyusb/src/portable/raspberrypi/rp2040/dcd_rp2040.c.obj
 .text.hw_endpoint_xfer
                0x10005054       0x14 CMakeFiles/HW16.dir/C_/Users/17155/ME433/Pico/pico-sdk/lib/tinyusb/src/portable/raspberrypi/rp2040/dcd_rp2040.c.obj
 .text.dcd_int_enable
                0x10005068       0x2c CMakeFiles/HW16.dir/C_/Users/17155/ME433/Pico/pico-sdk/lib/tinyusb/src/portable/raspberrypi/rp2040/dcd_rp2040.c.obj
                0x10005068                dcd_int_enable
 .text.dcd_set_address
                0x10005094       0x2c CMakeFiles/HW16.dir/C_/Users/17155/ME433/Pico/pico-sdk/lib/tinyusb/src/portable/raspberrypi/rp2040/dcd_rp2040.c.obj
                0x10005094                dcd_set_address
 .text.dcd_connect
                0x100050c0       0x10 CMakeFiles/HW16.dir/C_/Users/17155/ME433/Pico/pico-sdk/lib/tinyusb/src/portable/raspberrypi/rp2040/dcd_rp2040.c.obj
                0x100050c0                dcd_connect
 .text.dcd_init
                0x100050d0       0x80 CMakeFiles/HW16.dir/C_/Users/17155/ME433/Pico/pico-sdk/lib/tinyusb/src/portable/raspberrypi/rp2040/dcd_rp2040.c.obj
                0x100050d0                dcd_init
 .text.dcd_edpt0_status_complete
                0x10005150       0x1c CMakeFiles/HW16.dir/C_/Users/17155/ME433/Pico/pico-sdk/lib/tinyusb/src/portable/raspberrypi/rp2040/dcd_rp2040.c.obj
                0x10005150                dcd_edpt0_status_complete
 .text.dcd_edpt_open
                0x1000516c       0x40 CMakeFiles/HW16.dir/C_/Users/17155/ME433/Pico/pico-sdk/lib/tinyusb/src/portable/raspberrypi/rp2040/dcd_rp2040.c.obj
                0x1000516c                dcd_edpt_open
 .text.dcd_edpt_close_all
                0x100051ac        0x8 CMakeFiles/HW16.dir/C_/Users/17155/ME433/Pico/pico-sdk/lib/tinyusb/src/portable/raspberrypi/rp2040/dcd_rp2040.c.obj
                0x100051ac                dcd_edpt_close_all
 .text.dcd_edpt_xfer
                0x100051b4       0x34 CMakeFiles/HW16.dir/C_/Users/17155/ME433/Pico/pico-sdk/lib/tinyusb/src/portable/raspberrypi/rp2040/dcd_rp2040.c.obj
                0x100051b4                dcd_edpt_xfer
 .text.dcd_edpt_stall
                0x100051e8       0x2c CMakeFiles/HW16.dir/C_/Users/17155/ME433/Pico/pico-sdk/lib/tinyusb/src/portable/raspberrypi/rp2040/dcd_rp2040.c.obj
                0x100051e8                dcd_edpt_stall
 .text.dcd_edpt_clear_stall
                0x10005214       0x20 CMakeFiles/HW16.dir/C_/Users/17155/ME433/Pico/pico-sdk/lib/tinyusb/src/portable/raspberrypi/rp2040/dcd_rp2040.c.obj
                0x10005214                dcd_edpt_clear_stall
 .text.rp2040_usb_init
                0x10005234       0x4c CMakeFiles/HW16.dir/C_/Users/17155/ME433/Pico/pico-sdk/lib/tinyusb/src/portable/raspberrypi/rp2040/rp2040_usb.c.obj
                0x10005234                rp2040_usb_init
 .text.hw_endpoint_xfer_start
                0x10005280       0x50 CMakeFiles/HW16.dir/C_/Users/17155/ME433/Pico/pico-sdk/lib/tinyusb/src/portable/raspberrypi/rp2040/rp2040_usb.c.obj
                0x10005280                hw_endpoint_xfer_start
 .text.configuration_reset
                0x100052d0       0x84 CMakeFiles/HW16.dir/C_/Users/17155/ME433/Pico/pico-sdk/lib/tinyusb/src/device/usbd.c.obj
 .text.usbd_reset
                0x10005354        0xc CMakeFiles/HW16.dir/C_/Users/17155/ME433/Pico/pico-sdk/lib/tinyusb/src/device/usbd.c.obj
 .text.invoke_class_control
                0x10005360       0x1a CMakeFiles/HW16.dir/C_/Users/17155/ME433/Pico/pico-sdk/lib/tinyusb/src/device/usbd.c.obj
 *fill*         0x1000537a        0x2 
 .text.process_set_config
                0x1000537c      0x178 CMakeFiles/HW16.dir/C_/Users/17155/ME433/Pico/pico-sdk/lib/tinyusb/src/device/usbd.c.obj
 .text.process_get_descriptor
                0x100054f4       0xdc CMakeFiles/HW16.dir/C_/Users/17155/ME433/Pico/pico-sdk/lib/tinyusb/src/device/usbd.c.obj
 .text.tud_mounted
                0x100055d0       0x10 CMakeFiles/HW16.dir/C_/Users/17155/ME433/Pico/pico-sdk/lib/tinyusb/src/device/usbd.c.obj
                0x100055d0                tud_mounted
 .text.tud_suspended
                0x100055e0       0x10 CMakeFiles/HW16.dir/C_/Users/17155/ME433/Pico/pico-sdk/lib/tinyusb/src/device/usbd.c.obj
                0x100055e0                tud_suspended
 .text.tud_inited
                0x100055f0       0x14 CMakeFiles/HW16.dir/C_/Users/17155/ME433/Pico/pico-sdk/lib/tinyusb/src/device/usbd.c.obj
                0x100055f0                tud_inited
 .text.tud_init
                0x10005604       0xcc CMakeFiles/HW16.dir/C_/Users/17155/ME433/Pico/pico-sdk/lib/tinyusb/src/device/usbd.c.obj
                0x10005604                tud_init
 .text.usbd_defer_func
                0x100056d0       0x2a CMakeFiles/HW16.dir/C_/Users/17155/ME433/Pico/pico-sdk/lib/tinyusb/src/device/usbd.c.obj
                0x100056d0                usbd_defer_func
 *fill*         0x100056fa        0x2 
 .text.usbd_edpt_open
                0x100056fc       0x34 CMakeFiles/HW16.dir/C_/Users/17155/ME433/Pico/pico-sdk/lib/tinyusb/src/device/usbd.c.obj
                0x100056fc                usbd_edpt_open
 .text.usbd_open_edpt_pair
                0x10005730       0x62 CMakeFiles/HW16.dir/C_/Users/17155/ME433/Pico/pico-sdk/lib/tinyusb/src/device/usbd.c.obj
                0x10005730                usbd_open_edpt_pair
 *fill*         0x10005792        0x2 
 .text.usbd_edpt_claim
                0x10005794       0x28 CMakeFiles/HW16.dir/C_/Users/17155/ME433/Pico/pico-sdk/lib/tinyusb/src/device/usbd.c.obj
                0x10005794                usbd_edpt_claim
 .text.usbd_edpt_release
                0x100057bc       0x28 CMakeFiles/HW16.dir/C_/Users/17155/ME433/Pico/pico-sdk/lib/tinyusb/src/device/usbd.c.obj
                0x100057bc                usbd_edpt_release
 .text.usbd_edpt_xfer
                0x100057e4       0x78 CMakeFiles/HW16.dir/C_/Users/17155/ME433/Pico/pico-sdk/lib/tinyusb/src/device/usbd.c.obj
                0x100057e4                usbd_edpt_xfer
 .text.usbd_edpt_stall
                0x1000585c       0x48 CMakeFiles/HW16.dir/C_/Users/17155/ME433/Pico/pico-sdk/lib/tinyusb/src/device/usbd.c.obj
                0x1000585c                usbd_edpt_stall
 .text.usbd_edpt_clear_stall
                0x100058a4       0x48 CMakeFiles/HW16.dir/C_/Users/17155/ME433/Pico/pico-sdk/lib/tinyusb/src/device/usbd.c.obj
                0x100058a4                usbd_edpt_clear_stall
 .text.usbd_edpt_stalled
                0x100058ec       0x1c CMakeFiles/HW16.dir/C_/Users/17155/ME433/Pico/pico-sdk/lib/tinyusb/src/device/usbd.c.obj
                0x100058ec                usbd_edpt_stalled
 .text.process_control_request
                0x10005908      0x37c CMakeFiles/HW16.dir/C_/Users/17155/ME433/Pico/pico-sdk/lib/tinyusb/src/device/usbd.c.obj
 .text.tud_task_ext
                0x10005c84      0x1b8 CMakeFiles/HW16.dir/C_/Users/17155/ME433/Pico/pico-sdk/lib/tinyusb/src/device/usbd.c.obj
                0x10005c84                tud_task_ext
 .text._data_stage_xact
                0x10005e3c       0x58 CMakeFiles/HW16.dir/C_/Users/17155/ME433/Pico/pico-sdk/lib/tinyusb/src/device/usbd_control.c.obj
 .text.tud_control_status
                0x10005e94       0x38 CMakeFiles/HW16.dir/C_/Users/17155/ME433/Pico/pico-sdk/lib/tinyusb/src/device/usbd_control.c.obj
                0x10005e94                tud_control_status
 .text.tud_control_xfer
                0x10005ecc       0x74 CMakeFiles/HW16.dir/C_/Users/17155/ME433/Pico/pico-sdk/lib/tinyusb/src/device/usbd_control.c.obj
                0x10005ecc                tud_control_xfer
 .text.usbd_control_reset
                0x10005f40       0x14 CMakeFiles/HW16.dir/C_/Users/17155/ME433/Pico/pico-sdk/lib/tinyusb/src/device/usbd_control.c.obj
                0x10005f40                usbd_control_reset
 .text.usbd_control_set_complete_callback
                0x10005f54        0xc CMakeFiles/HW16.dir/C_/Users/17155/ME433/Pico/pico-sdk/lib/tinyusb/src/device/usbd_control.c.obj
                0x10005f54                usbd_control_set_complete_callback
 .text.usbd_control_set_request
                0x10005f60       0x1c CMakeFiles/HW16.dir/C_/Users/17155/ME433/Pico/pico-sdk/lib/tinyusb/src/device/usbd_control.c.obj
                0x10005f60                usbd_control_set_request
 .text.usbd_control_xfer_cb
                0x10005f7c       0xcc CMakeFiles/HW16.dir/C_/Users/17155/ME433/Pico/pico-sdk/lib/tinyusb/src/device/usbd_control.c.obj
                0x10005f7c                usbd_control_xfer_cb
 .text._prep_out_transaction
                0x10006048       0x4a CMakeFiles/HW16.dir/C_/Users/17155/ME433/Pico/pico-sdk/lib/tinyusb/src/class/cdc/cdc_device.c.obj
 *fill*         0x10006092        0x2 
 .text.tud_cdc_n_connected
                0x10006094       0x44 CMakeFiles/HW16.dir/C_/Users/17155/ME433/Pico/pico-sdk/lib/tinyusb/src/class/cdc/cdc_device.c.obj
                0x10006094                tud_cdc_n_connected
 .text.tud_cdc_n_available
                0x100060d8       0x18 CMakeFiles/HW16.dir/C_/Users/17155/ME433/Pico/pico-sdk/lib/tinyusb/src/class/cdc/cdc_device.c.obj
                0x100060d8                tud_cdc_n_available
 .text.tud_cdc_n_read
                0x100060f0       0x28 CMakeFiles/HW16.dir/C_/Users/17155/ME433/Pico/pico-sdk/lib/tinyusb/src/class/cdc/cdc_device.c.obj
                0x100060f0                tud_cdc_n_read
 .text.tud_cdc_n_write_flush
                0x10006118       0xb8 CMakeFiles/HW16.dir/C_/Users/17155/ME433/Pico/pico-sdk/lib/tinyusb/src/class/cdc/cdc_device.c.obj
                0x10006118                tud_cdc_n_write_flush
 .text.tud_cdc_n_write
                0x100061d0       0x38 CMakeFiles/HW16.dir/C_/Users/17155/ME433/Pico/pico-sdk/lib/tinyusb/src/class/cdc/cdc_device.c.obj
                0x100061d0                tud_cdc_n_write
 .text.tud_cdc_n_write_available
                0x10006208       0x1c CMakeFiles/HW16.dir/C_/Users/17155/ME433/Pico/pico-sdk/lib/tinyusb/src/class/cdc/cdc_device.c.obj
                0x10006208                tud_cdc_n_write_available
 .text.cdcd_init
                0x10006224       0xbc CMakeFiles/HW16.dir/C_/Users/17155/ME433/Pico/pico-sdk/lib/tinyusb/src/class/cdc/cdc_device.c.obj
                0x10006224                cdcd_init
 .text.cdcd_reset
                0x100062e0       0x44 CMakeFiles/HW16.dir/C_/Users/17155/ME433/Pico/pico-sdk/lib/tinyusb/src/class/cdc/cdc_device.c.obj
                0x100062e0                cdcd_reset
 .text.cdcd_open
                0x10006324       0xcc CMakeFiles/HW16.dir/C_/Users/17155/ME433/Pico/pico-sdk/lib/tinyusb/src/class/cdc/cdc_device.c.obj
                0x10006324                cdcd_open
 .text.cdcd_control_xfer_cb
                0x100063f0      0x134 CMakeFiles/HW16.dir/C_/Users/17155/ME433/Pico/pico-sdk/lib/tinyusb/src/class/cdc/cdc_device.c.obj
                0x100063f0                cdcd_control_xfer_cb
 .text.cdcd_xfer_cb
                0x10006524      0x130 CMakeFiles/HW16.dir/C_/Users/17155/ME433/Pico/pico-sdk/lib/tinyusb/src/class/cdc/cdc_device.c.obj
                0x10006524                cdcd_xfer_cb
 .text.tusb_init
                0x10006654        0xa CMakeFiles/HW16.dir/C_/Users/17155/ME433/Pico/pico-sdk/lib/tinyusb/src/tusb.c.obj
                0x10006654                tusb_init
 .text.tusb_inited
                0x1000665e        0xe CMakeFiles/HW16.dir/C_/Users/17155/ME433/Pico/pico-sdk/lib/tinyusb/src/tusb.c.obj
                0x1000665e                tusb_inited
 .text.tu_edpt_claim
                0x1000666c       0x50 CMakeFiles/HW16.dir/C_/Users/17155/ME433/Pico/pico-sdk/lib/tinyusb/src/tusb.c.obj
                0x1000666c                tu_edpt_claim
 .text.tu_edpt_release
                0x100066bc       0x3c CMakeFiles/HW16.dir/C_/Users/17155/ME433/Pico/pico-sdk/lib/tinyusb/src/tusb.c.obj
                0x100066bc                tu_edpt_release
 .text.tu_edpt_validate
                0x100066f8       0x78 CMakeFiles/HW16.dir/C_/Users/17155/ME433/Pico/pico-sdk/lib/tinyusb/src/tusb.c.obj
                0x100066f8                tu_edpt_validate
 .text.tu_edpt_bind_driver
                0x10006770       0x26 CMakeFiles/HW16.dir/C_/Users/17155/ME433/Pico/pico-sdk/lib/tinyusb/src/tusb.c.obj
                0x10006770                tu_edpt_bind_driver
 .text.advance_index
                0x10006796       0x1a CMakeFiles/HW16.dir/C_/Users/17155/ME433/Pico/pico-sdk/lib/tinyusb/src/common/tusb_fifo.c.obj
 .text._tu_fifo_peek
                0x100067b0       0x56 CMakeFiles/HW16.dir/C_/Users/17155/ME433/Pico/pico-sdk/lib/tinyusb/src/common/tusb_fifo.c.obj
 .text._ff_pull_const_addr
                0x10006806       0x4c CMakeFiles/HW16.dir/C_/Users/17155/ME433/Pico/pico-sdk/lib/tinyusb/src/common/tusb_fifo.c.obj
 .text._ff_pull_n
                0x10006852      0x110 CMakeFiles/HW16.dir/C_/Users/17155/ME433/Pico/pico-sdk/lib/tinyusb/src/common/tusb_fifo.c.obj
 .text._tu_fifo_peek_n
                0x10006962       0x6a CMakeFiles/HW16.dir/C_/Users/17155/ME433/Pico/pico-sdk/lib/tinyusb/src/common/tusb_fifo.c.obj
 .text._tu_fifo_read_n
                0x100069cc       0x4e CMakeFiles/HW16.dir/C_/Users/17155/ME433/Pico/pico-sdk/lib/tinyusb/src/common/tusb_fifo.c.obj
 .text._ff_push_const_addr
                0x10006a1a       0x40 CMakeFiles/HW16.dir/C_/Users/17155/ME433/Pico/pico-sdk/lib/tinyusb/src/common/tusb_fifo.c.obj
 .text._ff_push_n
                0x10006a5a      0x10c CMakeFiles/HW16.dir/C_/Users/17155/ME433/Pico/pico-sdk/lib/tinyusb/src/common/tusb_fifo.c.obj
 .text._tu_fifo_write_n
                0x10006b66       0xf0 CMakeFiles/HW16.dir/C_/Users/17155/ME433/Pico/pico-sdk/lib/tinyusb/src/common/tusb_fifo.c.obj
 .text.tu_fifo_config
                0x10006c56       0x7c CMakeFiles/HW16.dir/C_/Users/17155/ME433/Pico/pico-sdk/lib/tinyusb/src/common/tusb_fifo.c.obj
                0x10006c56                tu_fifo_config
 .text.tu_fifo_count
                0x10006cd2       0x2a CMakeFiles/HW16.dir/C_/Users/17155/ME433/Pico/pico-sdk/lib/tinyusb/src/common/tusb_fifo.c.obj
                0x10006cd2                tu_fifo_count
 .text.tu_fifo_empty
                0x10006cfc       0x10 CMakeFiles/HW16.dir/C_/Users/17155/ME433/Pico/pico-sdk/lib/tinyusb/src/common/tusb_fifo.c.obj
                0x10006cfc                tu_fifo_empty
 .text.tu_fifo_full
                0x10006d0c       0x28 CMakeFiles/HW16.dir/C_/Users/17155/ME433/Pico/pico-sdk/lib/tinyusb/src/common/tusb_fifo.c.obj
                0x10006d0c                tu_fifo_full
 .text.tu_fifo_remaining
                0x10006d34       0x2c CMakeFiles/HW16.dir/C_/Users/17155/ME433/Pico/pico-sdk/lib/tinyusb/src/common/tusb_fifo.c.obj
                0x10006d34                tu_fifo_remaining
 .text.tu_fifo_read
                0x10006d60       0x42 CMakeFiles/HW16.dir/C_/Users/17155/ME433/Pico/pico-sdk/lib/tinyusb/src/common/tusb_fifo.c.obj
                0x10006d60                tu_fifo_read
 .text.tu_fifo_read_n
                0x10006da2        0xa CMakeFiles/HW16.dir/C_/Users/17155/ME433/Pico/pico-sdk/lib/tinyusb/src/common/tusb_fifo.c.obj
                0x10006da2                tu_fifo_read_n
 .text.tu_fifo_write
                0x10006dac       0x64 CMakeFiles/HW16.dir/C_/Users/17155/ME433/Pico/pico-sdk/lib/tinyusb/src/common/tusb_fifo.c.obj
                0x10006dac                tu_fifo_write
 .text.tu_fifo_write_n
                0x10006e10        0xa CMakeFiles/HW16.dir/C_/Users/17155/ME433/Pico/pico-sdk/lib/tinyusb/src/common/tusb_fifo.c.obj
                0x10006e10                tu_fifo_write_n
 .text.tu_fifo_clear
                0x10006e1a       0x3e CMakeFiles/HW16.dir/C_/Users/17155/ME433/Pico/pico-sdk/lib/tinyusb/src/common/tusb_fifo.c.obj
                0x10006e1a                tu_fifo_clear
 .text.tu_fifo_set_overwritable
                0x10006e58       0x46 CMakeFiles/HW16.dir/C_/Users/17155/ME433/Pico/pico-sdk/lib/tinyusb/src/common/tusb_fifo.c.obj
                0x10006e58                tu_fifo_set_overwritable
 *fill*         0x10006e9e        0x2 
 .text.strlen   0x10006ea0       0x5c c:/program files (x86)/gnu arm embedded toolchain/10 2021.10/bin/../lib/gcc/arm-none-eabi/10.3.1/../../../../arm-none-eabi/lib/thumb/v6-m/nofp\libg.a(lib_a-strlen-stub.o)
                0x10006ea0                strlen
 *(.fini)
 .fini          0x10006efc        0x4 c:/program files (x86)/gnu arm embedded toolchain/10 2021.10/bin/../lib/gcc/arm-none-eabi/10.3.1/thumb/v6-m/nofp/crti.o
                0x10006efc                _fini
 .fini.__stub   0x10006f00       0xe0 linker stubs
 *crtbegin.o(.ctors)
 *crtbegin?.o(.ctors)
 *(EXCLUDE_FILE(*crtend.o *crtend?.o) .ctors)
 *(SORT_BY_NAME(.ctors.*))
 *(.ctors)
 *crtbegin.o(.dtors)
 *crtbegin?.o(.dtors)
 *(EXCLUDE_FILE(*crtend.o *crtend?.o) .dtors)
 *(SORT_BY_NAME(.dtors.*))
 *(.dtors)
 *(.eh_frame*)
 .eh_frame      0x10006fe0        0x0 c:/program files (x86)/gnu arm embedded toolchain/10 2021.10/bin/../lib/gcc/arm-none-eabi/10.3.1/thumb/v6-m/nofp/crtbegin.o
                0x10006fe0                . = ALIGN (0x4)

.glue_7         0x10006fe0        0x0
 .glue_7        0x10006fe0        0x0 linker stubs

.glue_7t        0x10006fe0        0x0
 .glue_7t       0x10006fe0        0x0 linker stubs

.vfp11_veneer   0x10006fe0        0x0
 .vfp11_veneer  0x10006fe0        0x0 linker stubs

.v4_bx          0x10006fe0        0x0
 .v4_bx         0x10006fe0        0x0 linker stubs

.iplt           0x10006fe0        0x0
 .iplt          0x10006fe0        0x0 c:/program files (x86)/gnu arm embedded toolchain/10 2021.10/bin/../lib/gcc/arm-none-eabi/10.3.1/thumb/v6-m/nofp/crtbegin.o

.rodata         0x10006fe0     0x15c0
 *(EXCLUDE_FILE(*libm.a: *libc.a:*lib_a-mem*.o *libgcc.a:) .rodata*)
 .rodata.main.str1.4
                0x10006fe0       0x19 CMakeFiles/HW16.dir/HW16.c.obj
 *fill*         0x10006ff9        0x3 
 .rodata.spin_lock_claim_unused.str1.4
                0x10006ffc       0x1b CMakeFiles/HW16.dir/C_/Users/17155/ME433/Pico/pico-sdk/src/rp2_common/hardware_sync/sync.c.obj
 *fill*         0x10007017        0x1 
 .rodata.make_branch.str1.4
                0x10007018       0x75 CMakeFiles/HW16.dir/C_/Users/17155/ME433/Pico/pico-sdk/src/rp2_common/hardware_irq/irq.c.obj
 *fill*         0x1000708d        0x3 
 .rodata.insert_branch_and_link.str1.4
                0x10007090       0x10 CMakeFiles/HW16.dir/C_/Users/17155/ME433/Pico/pico-sdk/src/rp2_common/hardware_irq/irq.c.obj
 .rodata.irq_set_exclusive_handler.str1.4
                0x100070a0       0x36 CMakeFiles/HW16.dir/C_/Users/17155/ME433/Pico/pico-sdk/src/rp2_common/hardware_irq/irq.c.obj
 *fill*         0x100070d6        0x2 
 .rodata.irq_add_shared_handler.str1.4
                0x100070d8       0xd9 CMakeFiles/HW16.dir/C_/Users/17155/ME433/Pico/pico-sdk/src/rp2_common/hardware_irq/irq.c.obj
 *fill*         0x100071b1        0x3 
 .rodata.irq_remove_handler.str1.4
                0x100071b4       0x3a CMakeFiles/HW16.dir/C_/Users/17155/ME433/Pico/pico-sdk/src/rp2_common/hardware_irq/irq.c.obj
 *fill*         0x100071ee        0x2 
 .rodata.irq_add_tail_to_free_list.str1.4
                0x100071f0       0x3a CMakeFiles/HW16.dir/C_/Users/17155/ME433/Pico/pico-sdk/src/rp2_common/hardware_irq/irq.c.obj
 *fill*         0x1000722a        0x2 
 .rodata.user_irq_claim_unused.str1.4
                0x1000722c       0x1b CMakeFiles/HW16.dir/C_/Users/17155/ME433/Pico/pico-sdk/src/rp2_common/hardware_irq/irq.c.obj
 *fill*         0x10007247        0x1 
 .rodata.__func__.0
                0x10007248       0x1a CMakeFiles/HW16.dir/C_/Users/17155/ME433/Pico/pico-sdk/src/rp2_common/hardware_irq/irq.c.obj
 *fill*         0x10007262        0x2 
 .rodata.__func__.1
                0x10007264       0x17 CMakeFiles/HW16.dir/C_/Users/17155/ME433/Pico/pico-sdk/src/rp2_common/hardware_irq/irq.c.obj
 *fill*         0x1000727b        0x1 
 .rodata.__func__.2
                0x1000727c       0x13 CMakeFiles/HW16.dir/C_/Users/17155/ME433/Pico/pico-sdk/src/rp2_common/hardware_irq/irq.c.obj
 *fill*         0x1000728f        0x1 
 .rodata.__func__.3
                0x10007290        0xc CMakeFiles/HW16.dir/C_/Users/17155/ME433/Pico/pico-sdk/src/rp2_common/hardware_irq/irq.c.obj
 .rodata.__func__.4
                0x1000729c        0xf CMakeFiles/HW16.dir/C_/Users/17155/ME433/Pico/pico-sdk/src/rp2_common/hardware_irq/irq.c.obj
 *fill*         0x100072ab        0x1 
 .rodata.__func__.5
                0x100072ac       0x17 CMakeFiles/HW16.dir/C_/Users/17155/ME433/Pico/pico-sdk/src/rp2_common/hardware_irq/irq.c.obj
 *fill*         0x100072c3        0x1 
 .rodata.__func__.6
                0x100072c4       0x1a CMakeFiles/HW16.dir/C_/Users/17155/ME433/Pico/pico-sdk/src/rp2_common/hardware_irq/irq.c.obj
 *fill*         0x100072de        0x2 
 .rodata.str1.4
                0x100072e0       0xfd CMakeFiles/HW16.dir/C_/Users/17155/ME433/Pico/pico-sdk/src/common/pico_sync/mutex.c.obj
 *fill*         0x100073dd        0x3 
 .rodata.__func__.1
                0x100073e0        0xb CMakeFiles/HW16.dir/C_/Users/17155/ME433/Pico/pico-sdk/src/common/pico_sync/mutex.c.obj
 *fill*         0x100073eb        0x1 
 .rodata.__func__.3
                0x100073ec       0x18 CMakeFiles/HW16.dir/C_/Users/17155/ME433/Pico/pico-sdk/src/common/pico_sync/mutex.c.obj
 .rodata.__func__.4
                0x10007404       0x15 CMakeFiles/HW16.dir/C_/Users/17155/ME433/Pico/pico-sdk/src/common/pico_sync/mutex.c.obj
 *fill*         0x10007419        0x3 
 .rodata.repeating_timer_callback.str1.4
                0x1000741c       0x53 CMakeFiles/HW16.dir/C_/Users/17155/ME433/Pico/pico-sdk/src/common/pico_time/time.c.obj
 *fill*         0x1000746f        0x1 
 .rodata.timer_pool_entry_comparator.str1.4
                0x10007470       0x22 CMakeFiles/HW16.dir/C_/Users/17155/ME433/Pico/pico-sdk/src/common/pico_time/time.c.obj
 *fill*         0x10007492        0x2 
 .rodata.ph_add_child_node.str1.4
                0x10007494       0x9e CMakeFiles/HW16.dir/C_/Users/17155/ME433/Pico/pico-sdk/src/common/pico_time/time.c.obj
 *fill*         0x10007532        0x2 
 .rodata.add_alarm_under_lock.str1.4
                0x10007534       0x28 CMakeFiles/HW16.dir/C_/Users/17155/ME433/Pico/pico-sdk/src/common/pico_time/time.c.obj
                                 0x2b (size before relaxing)
 .rodata.alarm_pool_alarm_callback.str1.4
                0x1000755c       0x98 CMakeFiles/HW16.dir/C_/Users/17155/ME433/Pico/pico-sdk/src/common/pico_time/time.c.obj
                                0x104 (size before relaxing)
 .rodata.alarm_pool_get_default.str1.4
                0x100075f4       0x21 CMakeFiles/HW16.dir/C_/Users/17155/ME433/Pico/pico-sdk/src/common/pico_time/time.c.obj
 *fill*         0x10007615        0x3 
 .rodata.alarm_pool_cancel_alarm.str1.4
                0x10007618       0x27 CMakeFiles/HW16.dir/C_/Users/17155/ME433/Pico/pico-sdk/src/common/pico_time/time.c.obj
 *fill*         0x1000763f        0x1 
 .rodata.__func__.1
                0x10007640       0x18 CMakeFiles/HW16.dir/C_/Users/17155/ME433/Pico/pico-sdk/src/common/pico_time/time.c.obj
 .rodata.__func__.10
                0x10007658       0x15 CMakeFiles/HW16.dir/C_/Users/17155/ME433/Pico/pico-sdk/src/common/pico_time/time.c.obj
 *fill*         0x1000766d        0x3 
 .rodata.__func__.11
                0x10007670       0x1a CMakeFiles/HW16.dir/C_/Users/17155/ME433/Pico/pico-sdk/src/common/pico_time/time.c.obj
 *fill*         0x1000768a        0x2 
 .rodata.__func__.12
                0x1000768c        0xa CMakeFiles/HW16.dir/C_/Users/17155/ME433/Pico/pico-sdk/src/common/pico_time/time.c.obj
 *fill*         0x10007696        0x2 
 .rodata.__func__.3
                0x10007698       0x17 CMakeFiles/HW16.dir/C_/Users/17155/ME433/Pico/pico-sdk/src/common/pico_time/time.c.obj
 *fill*         0x100076af        0x1 
 .rodata.__func__.4
                0x100076b0       0x12 CMakeFiles/HW16.dir/C_/Users/17155/ME433/Pico/pico-sdk/src/common/pico_time/time.c.obj
 *fill*         0x100076c2        0x2 
 .rodata.__func__.5
                0x100076c4        0xd CMakeFiles/HW16.dir/C_/Users/17155/ME433/Pico/pico-sdk/src/common/pico_time/time.c.obj
 *fill*         0x100076d1        0x3 
 .rodata.__func__.6
                0x100076d4       0x12 CMakeFiles/HW16.dir/C_/Users/17155/ME433/Pico/pico-sdk/src/common/pico_time/time.c.obj
 *fill*         0x100076e6        0x2 
 .rodata.__func__.7
                0x100076e8        0xf CMakeFiles/HW16.dir/C_/Users/17155/ME433/Pico/pico-sdk/src/common/pico_time/time.c.obj
 *fill*         0x100076f7        0x1 
 .rodata.__func__.8
                0x100076f8        0xc CMakeFiles/HW16.dir/C_/Users/17155/ME433/Pico/pico-sdk/src/common/pico_time/time.c.obj
 .rodata.__func__.9
                0x10007704       0x15 CMakeFiles/HW16.dir/C_/Users/17155/ME433/Pico/pico-sdk/src/common/pico_time/time.c.obj
 *fill*         0x10007719        0x3 
 .rodata.hardware_alarm_claim.str1.4
                0x1000771c       0x22 CMakeFiles/HW16.dir/C_/Users/17155/ME433/Pico/pico-sdk/src/rp2_common/hardware_timer/timer.c.obj
 .rodata.busy_wait_us.str1.4
                0x1000773e       0x69 CMakeFiles/HW16.dir/C_/Users/17155/ME433/Pico/pico-sdk/src/rp2_common/hardware_timer/timer.c.obj
 *fill*         0x1000773e        0x2 
 .rodata.hardware_alarm_set_target.str1.4
                0x10007740       0x6d CMakeFiles/HW16.dir/C_/Users/17155/ME433/Pico/pico-sdk/src/rp2_common/hardware_timer/timer.c.obj
 *fill*         0x100077ad        0x3 
 .rodata.__func__.0
                0x100077b0       0x1a CMakeFiles/HW16.dir/C_/Users/17155/ME433/Pico/pico-sdk/src/rp2_common/hardware_timer/timer.c.obj
 *fill*         0x100077ca        0x2 
 .rodata.__func__.1
                0x100077cc       0x15 CMakeFiles/HW16.dir/C_/Users/17155/ME433/Pico/pico-sdk/src/rp2_common/hardware_timer/timer.c.obj
 .rodata.ph_add_child_node.str1.4
                0x100077e1       0x9e CMakeFiles/HW16.dir/C_/Users/17155/ME433/Pico/pico-sdk/src/common/pico_util/pheap.c.obj
 *fill*         0x100077e1        0x3 
 .rodata.ph_remove_any_head.str1.4
                0x100077e4       0x94 CMakeFiles/HW16.dir/C_/Users/17155/ME433/Pico/pico-sdk/src/common/pico_util/pheap.c.obj
                                 0xa8 (size before relaxing)
 .rodata.ph_remove_and_free_node.str1.4
                0x10007878       0x1e CMakeFiles/HW16.dir/C_/Users/17155/ME433/Pico/pico-sdk/src/common/pico_util/pheap.c.obj
                                 0x26 (size before relaxing)
 *fill*         0x10007896        0x2 
 .rodata.__func__.0
                0x10007898       0x18 CMakeFiles/HW16.dir/C_/Users/17155/ME433/Pico/pico-sdk/src/common/pico_util/pheap.c.obj
 .rodata.__func__.1
                0x100078b0       0x13 CMakeFiles/HW16.dir/C_/Users/17155/ME433/Pico/pico-sdk/src/common/pico_util/pheap.c.obj
 *fill*         0x100078c3        0x1 
 .rodata.__func__.2
                0x100078c4       0x12 CMakeFiles/HW16.dir/C_/Users/17155/ME433/Pico/pico-sdk/src/common/pico_util/pheap.c.obj
 *fill*         0x100078d6        0x2 
 .rodata.__func__.3
                0x100078d8        0xc CMakeFiles/HW16.dir/C_/Users/17155/ME433/Pico/pico-sdk/src/common/pico_util/pheap.c.obj
 .rodata.clock_configure.str1.4
                0x100078e4       0x5f CMakeFiles/HW16.dir/C_/Users/17155/ME433/Pico/pico-sdk/src/rp2_common/hardware_clocks/clocks.c.obj
 *fill*         0x10007943        0x1 
 .rodata.__func__.1
                0x10007944       0x10 CMakeFiles/HW16.dir/C_/Users/17155/ME433/Pico/pico-sdk/src/rp2_common/hardware_clocks/clocks.c.obj
 .rodata.pll_init.str1.4
                0x10007954      0x12c CMakeFiles/HW16.dir/C_/Users/17155/ME433/Pico/pico-sdk/src/rp2_common/hardware_pll/pll.c.obj
 .rodata.__func__.0
                0x10007a80        0x9 CMakeFiles/HW16.dir/C_/Users/17155/ME433/Pico/pico-sdk/src/rp2_common/hardware_pll/pll.c.obj
 *fill*         0x10007a89        0x3 
 .rodata.__assert_func.str1.4
                0x10007a8c       0x3f CMakeFiles/HW16.dir/C_/Users/17155/ME433/Pico/pico-sdk/src/rp2_common/pico_runtime/runtime.c.obj
                                 0x43 (size before relaxing)
 *fill*         0x10007acb        0x1 
 .rodata.runtime_init.str1.4
                0x10007acc       0x69 CMakeFiles/HW16.dir/C_/Users/17155/ME433/Pico/pico-sdk/src/rp2_common/pico_runtime/runtime.c.obj
 *fill*         0x10007b35        0x3 
 .rodata.panic.str1.4
                0x10007b38       0x12 CMakeFiles/HW16.dir/C_/Users/17155/ME433/Pico/pico-sdk/src/rp2_common/pico_runtime/runtime.c.obj
 *fill*         0x10007b4a        0x2 
 .rodata.__func__.2
                0x10007b4c        0xd CMakeFiles/HW16.dir/C_/Users/17155/ME433/Pico/pico-sdk/src/rp2_common/pico_runtime/runtime.c.obj
 *fill*         0x10007b59        0x3 
 .rodata._ftoa.str1.4
                0x10007b5c       0x15 CMakeFiles/HW16.dir/C_/Users/17155/ME433/Pico/pico-sdk/src/rp2_common/pico_printf/printf.c.obj
 *fill*         0x10007b71        0x3 
 .rodata._vsnprintf
                0x10007b74      0x1e0 CMakeFiles/HW16.dir/C_/Users/17155/ME433/Pico/pico-sdk/src/rp2_common/pico_printf/printf.c.obj
 *fill*         0x10007d54        0x4 
 .rodata.pow10.0
                0x10007d58       0x50 CMakeFiles/HW16.dir/C_/Users/17155/ME433/Pico/pico-sdk/src/rp2_common/pico_printf/printf.c.obj
 .rodata.__aeabi_double_init.str1.4
                0x10007da8       0xa4 CMakeFiles/HW16.dir/C_/Users/17155/ME433/Pico/pico-sdk/src/rp2_common/pico_double/double_init_rom.c.obj
 .rodata.__func__.0
                0x10007e4c       0x14 CMakeFiles/HW16.dir/C_/Users/17155/ME433/Pico/pico-sdk/src/rp2_common/pico_double/double_init_rom.c.obj
 .rodata.__aeabi_float_init.str1.4
                0x10007e60       0x82 CMakeFiles/HW16.dir/C_/Users/17155/ME433/Pico/pico-sdk/src/rp2_common/pico_float/float_init_rom.c.obj
                                 0x86 (size before relaxing)
 *fill*         0x10007ee2        0x2 
 .rodata.__func__.0
                0x10007ee4       0x13 CMakeFiles/HW16.dir/C_/Users/17155/ME433/Pico/pico-sdk/src/rp2_common/pico_float/float_init_rom.c.obj
 *fill*         0x10007ef7        0x1 
 .rodata.str1.4
                0x10007ef8       0x3c CMakeFiles/HW16.dir/C_/Users/17155/ME433/Pico/pico-sdk/src/rp2_common/pico_standard_link/binary_info.c.obj
 .rodata.__bi_44
                0x10007f34        0xc CMakeFiles/HW16.dir/C_/Users/17155/ME433/Pico/pico-sdk/src/rp2_common/pico_standard_link/binary_info.c.obj
 .rodata.__bi_75
                0x10007f40        0xc CMakeFiles/HW16.dir/C_/Users/17155/ME433/Pico/pico-sdk/src/rp2_common/pico_standard_link/binary_info.c.obj
 .rodata.__bi_81
                0x10007f4c        0xc CMakeFiles/HW16.dir/C_/Users/17155/ME433/Pico/pico-sdk/src/rp2_common/pico_standard_link/binary_info.c.obj
 .rodata.stdout_serialize_begin.str1.4
                0x10007f58       0x69 CMakeFiles/HW16.dir/C_/Users/17155/ME433/Pico/pico-sdk/src/rp2_common/pico_stdio/stdio.c.obj
 .rodata.__func__.3
                0x10007f58       0x15 CMakeFiles/HW16.dir/C_/Users/17155/ME433/Pico/pico-sdk/src/rp2_common/pico_stdio/stdio.c.obj
 *fill*         0x10007f6d        0x3 
 .rodata.crlf_str.2
                0x10007f70        0x2 CMakeFiles/HW16.dir/C_/Users/17155/ME433/Pico/pico-sdk/src/rp2_common/pico_stdio/stdio.c.obj
 *fill*         0x10007f72        0x2 
 .rodata._resetd_driver
                0x10007f74       0x18 CMakeFiles/HW16.dir/C_/Users/17155/ME433/Pico/pico-sdk/src/rp2_common/pico_stdio_usb/reset_interface.c.obj
 .rodata.low_priority_worker_irq.str1.4
                0x10007f8c       0x69 CMakeFiles/HW16.dir/C_/Users/17155/ME433/Pico/pico-sdk/src/rp2_common/pico_stdio_usb/stdio_usb.c.obj
 .rodata.stdio_usb_init.str1.4
                0x10007f8c       0x4d CMakeFiles/HW16.dir/C_/Users/17155/ME433/Pico/pico-sdk/src/rp2_common/pico_stdio_usb/stdio_usb.c.obj
                                 0x55 (size before relaxing)
 *fill*         0x10007fd9        0x3 
 .rodata.str1.4
                0x10007fdc       0x13 CMakeFiles/HW16.dir/C_/Users/17155/ME433/Pico/pico-sdk/src/rp2_common/pico_stdio_usb/stdio_usb.c.obj
 *fill*         0x10007fef        0x1 
 .rodata.__bi_182.0
                0x10007ff0        0xc CMakeFiles/HW16.dir/C_/Users/17155/ME433/Pico/pico-sdk/src/rp2_common/pico_stdio_usb/stdio_usb.c.obj
 .rodata.__func__.1
                0x10007ffc        0xf CMakeFiles/HW16.dir/C_/Users/17155/ME433/Pico/pico-sdk/src/rp2_common/pico_stdio_usb/stdio_usb.c.obj
 *fill*         0x1000800b        0x1 
 .rodata.__func__.3
                0x1000800c       0x15 CMakeFiles/HW16.dir/C_/Users/17155/ME433/Pico/pico-sdk/src/rp2_common/pico_stdio_usb/stdio_usb.c.obj
 *fill*         0x10008021        0x3 
 .rodata.str1.4
                0x10008024       0x2a CMakeFiles/HW16.dir/C_/Users/17155/ME433/Pico/pico-sdk/src/rp2_common/pico_stdio_usb/stdio_usb_descriptors.c.obj
 *fill*         0x1000804e        0x2 
 .rodata.usbd_desc_cfg
                0x10008050       0x54 CMakeFiles/HW16.dir/C_/Users/17155/ME433/Pico/pico-sdk/src/rp2_common/pico_stdio_usb/stdio_usb_descriptors.c.obj
 .rodata.usbd_desc_device
                0x100080a4       0x12 CMakeFiles/HW16.dir/C_/Users/17155/ME433/Pico/pico-sdk/src/rp2_common/pico_stdio_usb/stdio_usb_descriptors.c.obj
 *fill*         0x100080b6        0x2 
 .rodata.usbd_desc_str
                0x100080b8       0x18 CMakeFiles/HW16.dir/C_/Users/17155/ME433/Pico/pico-sdk/src/rp2_common/pico_stdio_usb/stdio_usb_descriptors.c.obj
 .rodata.pico_get_unique_board_id_string.str1.4
                0x100080d0       0x55 CMakeFiles/HW16.dir/C_/Users/17155/ME433/Pico/pico-sdk/src/rp2_common/pico_unique_id/unique_id.c.obj
 *fill*         0x10008125        0x3 
 .rodata.__func__.0
                0x10008128       0x20 CMakeFiles/HW16.dir/C_/Users/17155/ME433/Pico/pico-sdk/src/rp2_common/pico_unique_id/unique_id.c.obj
 .rodata.str1.4
                0x10008148      0x162 CMakeFiles/HW16.dir/C_/Users/17155/ME433/Pico/pico-sdk/src/rp2_common/hardware_flash/flash.c.obj
 *fill*         0x100082aa        0x2 
 .rodata.__func__.0
                0x100082ac        0xd CMakeFiles/HW16.dir/C_/Users/17155/ME433/Pico/pico-sdk/src/rp2_common/hardware_flash/flash.c.obj
 *fill*         0x100082b9        0x3 
 .rodata._hw_endpoint_alloc.str1.4
                0x100082bc       0xbd CMakeFiles/HW16.dir/C_/Users/17155/ME433/Pico/pico-sdk/lib/tinyusb/src/portable/raspberrypi/rp2040/dcd_rp2040.c.obj
 *fill*         0x10008379        0x3 
 .rodata.str1.4
                0x1000837c       0x14 CMakeFiles/HW16.dir/C_/Users/17155/ME433/Pico/pico-sdk/lib/tinyusb/src/portable/raspberrypi/rp2040/dcd_rp2040.c.obj
 .rodata.dcd_int_enable.str1.4
                0x10008390        0xc CMakeFiles/HW16.dir/C_/Users/17155/ME433/Pico/pico-sdk/lib/tinyusb/src/portable/raspberrypi/rp2040/dcd_rp2040.c.obj
 .rodata.__func__.0
                0x1000839c        0xe CMakeFiles/HW16.dir/C_/Users/17155/ME433/Pico/pico-sdk/lib/tinyusb/src/portable/raspberrypi/rp2040/dcd_rp2040.c.obj
 *fill*         0x100083aa        0x2 
 .rodata.__func__.1
                0x100083ac        0xe CMakeFiles/HW16.dir/C_/Users/17155/ME433/Pico/pico-sdk/lib/tinyusb/src/portable/raspberrypi/rp2040/dcd_rp2040.c.obj
 *fill*         0x100083ba        0x2 
 .rodata.__func__.3
                0x100083bc       0x10 CMakeFiles/HW16.dir/C_/Users/17155/ME433/Pico/pico-sdk/lib/tinyusb/src/portable/raspberrypi/rp2040/dcd_rp2040.c.obj
 .rodata.__func__.5
                0x100083cc        0xf CMakeFiles/HW16.dir/C_/Users/17155/ME433/Pico/pico-sdk/lib/tinyusb/src/portable/raspberrypi/rp2040/dcd_rp2040.c.obj
 *fill*         0x100083db        0x1 
 .rodata.__func__.6
                0x100083dc       0x13 CMakeFiles/HW16.dir/C_/Users/17155/ME433/Pico/pico-sdk/lib/tinyusb/src/portable/raspberrypi/rp2040/dcd_rp2040.c.obj
 *fill*         0x100083ef        0x1 
 .rodata.__func__.7
                0x100083f0        0x9 CMakeFiles/HW16.dir/C_/Users/17155/ME433/Pico/pico-sdk/lib/tinyusb/src/portable/raspberrypi/rp2040/dcd_rp2040.c.obj
 *fill*         0x100083f9        0x3 
 .rodata.str1.4
                0x100083fc       0xef CMakeFiles/HW16.dir/C_/Users/17155/ME433/Pico/pico-sdk/lib/tinyusb/src/portable/raspberrypi/rp2040/rp2040_usb.c.obj
 *fill*         0x100084eb        0x1 
 .rodata.__func__.0
                0x100084ec        0xf CMakeFiles/HW16.dir/C_/Users/17155/ME433/Pico/pico-sdk/lib/tinyusb/src/portable/raspberrypi/rp2040/rp2040_usb.c.obj
 *fill*         0x100084fb        0x1 
 .rodata.process_get_descriptor
                0x100084fc       0x40 CMakeFiles/HW16.dir/C_/Users/17155/ME433/Pico/pico-sdk/lib/tinyusb/src/device/usbd.c.obj
 .rodata.process_control_request
                0x1000853c       0x28 CMakeFiles/HW16.dir/C_/Users/17155/ME433/Pico/pico-sdk/lib/tinyusb/src/device/usbd.c.obj
 .rodata.tud_task_ext
                0x10008564       0x24 CMakeFiles/HW16.dir/C_/Users/17155/ME433/Pico/pico-sdk/lib/tinyusb/src/device/usbd.c.obj
 .rodata._usbd_driver
                0x10008588       0x18 CMakeFiles/HW16.dir/C_/Users/17155/ME433/Pico/pico-sdk/lib/tinyusb/src/device/usbd.c.obj
                0x100085a0                . = ALIGN (0x4)
 *(SORT_BY_ALIGNMENT(SORT_BY_NAME(.flashdata*)))
                0x100085a0                . = ALIGN (0x4)

.ARM.extab
 *(.ARM.extab* .gnu.linkonce.armextab.*)
                0x100085a0                __exidx_start = .

.ARM.exidx
 *(.ARM.exidx* .gnu.linkonce.armexidx.*)
                0x100085a0                __exidx_end = .
                0x100085a0                . = ALIGN (0x4)
                0x100085a0                __binary_info_start = .

.binary_info    0x100085a0       0x20
 *(.binary_info.keep.*)
 .binary_info.keep.__bi_ptr22
                0x100085a0        0x4 CMakeFiles/HW16.dir/C_/Users/17155/ME433/Pico/pico-sdk/src/rp2_common/pico_standard_link/binary_info.c.obj
 .binary_info.keep.__bi_ptr30
                0x100085a4        0x4 CMakeFiles/HW16.dir/C_/Users/17155/ME433/Pico/pico-sdk/src/rp2_common/pico_standard_link/binary_info.c.obj
 .binary_info.keep.__bi_ptr38
                0x100085a8        0x4 CMakeFiles/HW16.dir/C_/Users/17155/ME433/Pico/pico-sdk/src/rp2_common/pico_standard_link/binary_info.c.obj
 .binary_info.keep.__bi_ptr44
                0x100085ac        0x4 CMakeFiles/HW16.dir/C_/Users/17155/ME433/Pico/pico-sdk/src/rp2_common/pico_standard_link/binary_info.c.obj
 .binary_info.keep.__bi_ptr50
                0x100085b0        0x4 CMakeFiles/HW16.dir/C_/Users/17155/ME433/Pico/pico-sdk/src/rp2_common/pico_standard_link/binary_info.c.obj
 .binary_info.keep.__bi_ptr75
                0x100085b4        0x4 CMakeFiles/HW16.dir/C_/Users/17155/ME433/Pico/pico-sdk/src/rp2_common/pico_standard_link/binary_info.c.obj
 .binary_info.keep.__bi_ptr81
                0x100085b8        0x4 CMakeFiles/HW16.dir/C_/Users/17155/ME433/Pico/pico-sdk/src/rp2_common/pico_standard_link/binary_info.c.obj
 *(.binary_info.*)
 .binary_info.__bi_ptr182
                0x100085bc        0x4 CMakeFiles/HW16.dir/C_/Users/17155/ME433/Pico/pico-sdk/src/rp2_common/pico_stdio_usb/stdio_usb.c.obj
                0x100085c0                __binary_info_end = .

.rel.dyn        0x100085c0        0x0
 .rel.iplt      0x100085c0        0x0 c:/program files (x86)/gnu arm embedded toolchain/10 2021.10/bin/../lib/gcc/arm-none-eabi/10.3.1/thumb/v6-m/nofp/crtbegin.o
                0x100085c0                . = ALIGN (0x4)

.ram_vector_table
                0x20000000       0xc0
 *(.ram_vector_table)
 .ram_vector_table
                0x20000000       0xc0 CMakeFiles/HW16.dir/C_/Users/17155/ME433/Pico/pico-sdk/src/rp2_common/pico_runtime/runtime.c.obj
                0x20000000                ram_vector_table

.data           0x200000c0      0xbf0 load address 0x100085c0
                0x200000c0                __data_start__ = .
 *(vtable)
 *(.time_critical*)
 .time_critical.mutex_try_enter
                0x200000c0       0x46 CMakeFiles/HW16.dir/C_/Users/17155/ME433/Pico/pico-sdk/src/common/pico_sync/mutex.c.obj
                0x200000c0                mutex_try_enter
 *fill*         0x20000106        0x2 
 .time_critical.mutex_enter_block_until
                0x20000108       0x8c CMakeFiles/HW16.dir/C_/Users/17155/ME433/Pico/pico-sdk/src/common/pico_sync/mutex.c.obj
                0x20000108                mutex_enter_block_until
 .time_critical.mutex_try_enter_block_until
                0x20000194       0x34 CMakeFiles/HW16.dir/C_/Users/17155/ME433/Pico/pico-sdk/src/common/pico_sync/mutex.c.obj
                0x20000194                mutex_try_enter_block_until
 .time_critical.mutex_enter_timeout_ms
                0x200001c8       0x68 CMakeFiles/HW16.dir/C_/Users/17155/ME433/Pico/pico-sdk/src/common/pico_sync/mutex.c.obj
                0x200001c8                mutex_enter_timeout_ms
 .time_critical.mutex_exit
                0x20000230       0x4c CMakeFiles/HW16.dir/C_/Users/17155/ME433/Pico/pico-sdk/src/common/pico_sync/mutex.c.obj
                0x20000230                mutex_exit
 .time_critical.flash_init_boot2_copyout
                0x2000027c       0x30 CMakeFiles/HW16.dir/C_/Users/17155/ME433/Pico/pico-sdk/src/rp2_common/hardware_flash/flash.c.obj
 .time_critical.flash_enable_xip_via_boot2
                0x200002ac       0x10 CMakeFiles/HW16.dir/C_/Users/17155/ME433/Pico/pico-sdk/src/rp2_common/hardware_flash/flash.c.obj
 .time_critical.flash_cs_force
                0x200002bc       0x28 CMakeFiles/HW16.dir/C_/Users/17155/ME433/Pico/pico-sdk/src/rp2_common/hardware_flash/flash.c.obj
 .time_critical.flash_do_cmd
                0x200002e4       0xd8 CMakeFiles/HW16.dir/C_/Users/17155/ME433/Pico/pico-sdk/src/rp2_common/hardware_flash/flash.c.obj
                0x200002e4                flash_do_cmd
 .time_critical.reset_non_control_endpoints
                0x200003bc       0x40 CMakeFiles/HW16.dir/C_/Users/17155/ME433/Pico/pico-sdk/lib/tinyusb/src/portable/raspberrypi/rp2040/dcd_rp2040.c.obj
 .time_critical.hw_handle_buff_status
                0x200003fc       0xa4 CMakeFiles/HW16.dir/C_/Users/17155/ME433/Pico/pico-sdk/lib/tinyusb/src/portable/raspberrypi/rp2040/dcd_rp2040.c.obj
 .time_critical.dcd_rp2040_irq
                0x200004a0      0x1cc CMakeFiles/HW16.dir/C_/Users/17155/ME433/Pico/pico-sdk/lib/tinyusb/src/portable/raspberrypi/rp2040/dcd_rp2040.c.obj
 .time_critical.e15_is_bulkin_ep
                0x2000066c       0x2c CMakeFiles/HW16.dir/C_/Users/17155/ME433/Pico/pico-sdk/lib/tinyusb/src/portable/raspberrypi/rp2040/rp2040_usb.c.obj
 .time_critical.e15_is_critical_frame_period
                0x20000698       0x30 CMakeFiles/HW16.dir/C_/Users/17155/ME433/Pico/pico-sdk/lib/tinyusb/src/portable/raspberrypi/rp2040/rp2040_usb.c.obj
 .time_critical.prepare_ep_buffer
                0x200006c8       0x70 CMakeFiles/HW16.dir/C_/Users/17155/ME433/Pico/pico-sdk/lib/tinyusb/src/portable/raspberrypi/rp2040/rp2040_usb.c.obj
 .time_critical.sync_ep_buffer
                0x20000738       0x80 CMakeFiles/HW16.dir/C_/Users/17155/ME433/Pico/pico-sdk/lib/tinyusb/src/portable/raspberrypi/rp2040/rp2040_usb.c.obj
 .time_critical._hw_endpoint_xfer_sync
                0x200007b8       0x28 CMakeFiles/HW16.dir/C_/Users/17155/ME433/Pico/pico-sdk/lib/tinyusb/src/portable/raspberrypi/rp2040/rp2040_usb.c.obj
 .time_critical.hw_endpoint_reset_transfer
                0x200007e0        0xc CMakeFiles/HW16.dir/C_/Users/17155/ME433/Pico/pico-sdk/lib/tinyusb/src/portable/raspberrypi/rp2040/rp2040_usb.c.obj
                0x200007e0                hw_endpoint_reset_transfer
 .time_critical._hw_endpoint_buffer_control_update32
                0x200007ec       0x58 CMakeFiles/HW16.dir/C_/Users/17155/ME433/Pico/pico-sdk/lib/tinyusb/src/portable/raspberrypi/rp2040/rp2040_usb.c.obj
                0x200007ec                _hw_endpoint_buffer_control_update32
 .time_critical.hw_endpoint_start_next_buffer
                0x20000844       0x88 CMakeFiles/HW16.dir/C_/Users/17155/ME433/Pico/pico-sdk/lib/tinyusb/src/portable/raspberrypi/rp2040/rp2040_usb.c.obj
                0x20000844                hw_endpoint_start_next_buffer
 .time_critical.hw_endpoint_xfer_continue
                0x200008cc       0x50 CMakeFiles/HW16.dir/C_/Users/17155/ME433/Pico/pico-sdk/lib/tinyusb/src/portable/raspberrypi/rp2040/rp2040_usb.c.obj
                0x200008cc                hw_endpoint_xfer_continue
 .time_critical.tinyusb
                0x2000091c      0x200 CMakeFiles/HW16.dir/C_/Users/17155/ME433/Pico/pico-sdk/lib/tinyusb/src/device/usbd.c.obj
                0x2000091c                dcd_event_handler
 *(.text*)
 .text          0x20000b1c        0x4 c:/program files (x86)/gnu arm embedded toolchain/10 2021.10/bin/../lib/gcc/arm-none-eabi/10.3.1/thumb/v6-m/nofp\libgcc.a(_dvmd_tls.o)
                0x20000b1c                __aeabi_idiv0
                0x20000b1c                __aeabi_ldiv0
 .text.__stub   0x20000b20       0x90 linker stubs
                0x20000bb0                . = ALIGN (0x4)
 *(.rodata*)
                0x20000bb0                . = ALIGN (0x4)
 *(.data*)
 .data.striped_spin_lock_num
                0x20000bb0        0x1 CMakeFiles/HW16.dir/C_/Users/17155/ME433/Pico/pico-sdk/src/rp2_common/hardware_sync/sync.c.obj
 *fill*         0x20000bb1        0x3 
 .data          0x20000bb4       0x48 CMakeFiles/HW16.dir/C_/Users/17155/ME433/Pico/pico-sdk/src/rp2_common/hardware_irq/irq_handler_chain.S.obj
                0x20000bb4                irq_handler_chain_slots
                0x20000be4                irq_handler_chain_first_slot
                0x20000bee                irq_handler_chain_remove_tail
 .data.default_alarm_pool
                0x20000bfc       0x18 CMakeFiles/HW16.dir/C_/Users/17155/ME433/Pico/pico-sdk/src/common/pico_time/time.c.obj
 .data.default_alarm_pool_heap
                0x20000c14       0x10 CMakeFiles/HW16.dir/C_/Users/17155/ME433/Pico/pico-sdk/src/common/pico_time/time.c.obj
 *fill*         0x20000c24        0xc 
 .data.aeabi_bits_funcs
                0x20000c30       0x10 CMakeFiles/HW16.dir/C_/Users/17155/ME433/Pico/pico-sdk/src/rp2_common/pico_bit_ops/bit_ops_aeabi.S.obj
                0x20000c30                aeabi_bits_funcs
                0x20000c40                aeabi_bits_funcs_end
 .data.aeabi_mem_funcs
                0x20000c40       0x10 CMakeFiles/HW16.dir/C_/Users/17155/ME433/Pico/pico-sdk/src/rp2_common/pico_mem_ops/mem_ops_aeabi.S.obj
                0x20000c40                aeabi_mem_funcs
                0x20000c50                aeabi_mem_funcs_end
 .data.stdio_usb
                0x20000c50       0x18 CMakeFiles/HW16.dir/C_/Users/17155/ME433/Pico/pico-sdk/src/rp2_common/pico_stdio_usb/stdio_usb.c.obj
                0x20000c50                stdio_usb
 .data.ep_dir_string
                0x20000c68        0x8 CMakeFiles/HW16.dir/C_/Users/17155/ME433/Pico/pico-sdk/lib/tinyusb/src/portable/raspberrypi/rp2040/rp2040_usb.c.obj
                0x20000c68                ep_dir_string
 .data._usbd_qdef
                0x20000c70       0x1c CMakeFiles/HW16.dir/C_/Users/17155/ME433/Pico/pico-sdk/lib/tinyusb/src/device/usbd.c.obj
                0x20000c70                _usbd_qdef
 .data._usbd_rhport
                0x20000c8c        0x1 CMakeFiles/HW16.dir/C_/Users/17155/ME433/Pico/pico-sdk/lib/tinyusb/src/device/usbd.c.obj
                0x20000c90                . = ALIGN (0x4)
 *fill*         0x20000c8d        0x3 
 *(.after_data.*)
                0x20000c90                . = ALIGN (0x4)
                0x20000c90                PROVIDE (__mutex_array_start = .)
 *(SORT_BY_NAME(.mutex_array.*))
 *(.mutex_array)
 .mutex_array   0x20000c90        0x8 CMakeFiles/HW16.dir/C_/Users/17155/ME433/Pico/pico-sdk/src/rp2_common/pico_stdio/stdio.c.obj
                0x20000c98                PROVIDE (__mutex_array_end = .)
                0x20000c98                . = ALIGN (0x4)
                0x20000c98                PROVIDE (__preinit_array_start = .)
 *(SORT_BY_NAME(.preinit_array.*))
 .preinit_array.00001
                0x20000c98        0x4 CMakeFiles/HW16.dir/C_/Users/17155/ME433/Pico/pico-sdk/src/rp2_common/pico_mem_ops/mem_ops_aeabi.S.obj
 .preinit_array.00010
                0x20000c9c        0x4 CMakeFiles/HW16.dir/C_/Users/17155/ME433/Pico/pico-sdk/src/rp2_common/pico_bit_ops/bit_ops_aeabi.S.obj
 .preinit_array.00020
                0x20000ca0        0x4 CMakeFiles/HW16.dir/C_/Users/17155/ME433/Pico/pico-sdk/src/rp2_common/pico_double/double_aeabi.S.obj
 .preinit_array.00020
                0x20000ca4        0x4 CMakeFiles/HW16.dir/C_/Users/17155/ME433/Pico/pico-sdk/src/rp2_common/pico_float/float_aeabi.S.obj
 *(.preinit_array)
                0x20000ca8                PROVIDE (__preinit_array_end = .)
                0x20000ca8                . = ALIGN (0x4)
                0x20000ca8                PROVIDE (__init_array_start = .)
 *(SORT_BY_NAME(.init_array.*))
 *(.init_array)
 .init_array    0x20000ca8        0x4 c:/program files (x86)/gnu arm embedded toolchain/10 2021.10/bin/../lib/gcc/arm-none-eabi/10.3.1/thumb/v6-m/nofp/crtbegin.o
 .init_array    0x20000cac        0x4 CMakeFiles/HW16.dir/C_/Users/17155/ME433/Pico/pico-sdk/src/rp2_common/pico_unique_id/unique_id.c.obj
                0x20000cb0                PROVIDE (__init_array_end = .)
                0x20000cb0                . = ALIGN (0x4)
                [!provide]                PROVIDE (__fini_array_start = .)
 *(SORT_BY_NAME(.fini_array.*))
 *(.fini_array)
                [!provide]                PROVIDE (__fini_array_end = .)
 *(.jcr)
                0x20000cb0                . = ALIGN (0x4)
                0x20000cb0                __data_end__ = .
                0x100085c0                __etext = LOADADDR (.data)

.igot.plt       0x20000cb0        0x0 load address 0x100091b0
 .igot.plt      0x20000cb0        0x0 c:/program files (x86)/gnu arm embedded toolchain/10 2021.10/bin/../lib/gcc/arm-none-eabi/10.3.1/thumb/v6-m/nofp/crtbegin.o

.uninitialized_data
                0x20000cb0        0x0 load address 0x100091b0
                0x20000cb0                . = ALIGN (0x4)
 *(.uninitialized_data*)

.scratch_x      0x20040000        0x0 load address 0x100091b0
                0x20040000                __scratch_x_start__ = .
 *(.scratch_x.*)
                0x20040000                . = ALIGN (0x4)
                0x20040000                __scratch_x_end__ = .
                0x100091b0                __scratch_x_source__ = LOADADDR (.scratch_x)

.scratch_y      0x20041000        0x0 load address 0x100091b0
                0x20041000                __scratch_y_start__ = .
 *(.scratch_y.*)
                0x20041000                . = ALIGN (0x4)
                0x20041000                __scratch_y_end__ = .
                0x100091b0                __scratch_y_source__ = LOADADDR (.scratch_y)

.bss            0x20000cb0      0xd88
                0x20000cb0                . = ALIGN (0x4)
                0x20000cb0                __bss_start__ = .
 *(SORT_BY_ALIGNMENT(SORT_BY_NAME(.bss*)))
 .bss.default_alarm_pool_entries
                0x20000cb0      0x100 CMakeFiles/HW16.dir/C_/Users/17155/ME433/Pico/pico-sdk/src/common/pico_time/time.c.obj
 .bss.last_avail_time.2
                0x20000db0        0x8 CMakeFiles/HW16.dir/C_/Users/17155/ME433/Pico/pico-sdk/src/rp2_common/pico_stdio_usb/stdio_usb.c.obj
 .bss           0x20000db8       0x1c c:/program files (x86)/gnu arm embedded toolchain/10 2021.10/bin/../lib/gcc/arm-none-eabi/10.3.1/thumb/v6-m/nofp/crtbegin.o
 .bss._app_driver
                0x20000dd4        0x4 CMakeFiles/HW16.dir/C_/Users/17155/ME433/Pico/pico-sdk/lib/tinyusb/src/device/usbd.c.obj
 .bss._cdcd_itf
                0x20000dd8      0x2c8 CMakeFiles/HW16.dir/C_/Users/17155/ME433/Pico/pico-sdk/lib/tinyusb/src/class/cdc/cdc_device.c.obj
 .bss._ctrl_xfer
                0x200010a0       0x14 CMakeFiles/HW16.dir/C_/Users/17155/ME433/Pico/pico-sdk/lib/tinyusb/src/device/usbd_control.c.obj
 .bss._ubsd_mutexdef
                0x200010b4        0x8 CMakeFiles/HW16.dir/C_/Users/17155/ME433/Pico/pico-sdk/lib/tinyusb/src/device/usbd.c.obj
 .bss._usbd_ctrl_buf
                0x200010bc       0x40 CMakeFiles/HW16.dir/C_/Users/17155/ME433/Pico/pico-sdk/lib/tinyusb/src/device/usbd_control.c.obj
 .bss._usbd_dev
                0x200010fc       0x53 CMakeFiles/HW16.dir/C_/Users/17155/ME433/Pico/pico-sdk/lib/tinyusb/src/device/usbd.c.obj
 *fill*         0x2000114f        0x1 
 .bss._usbd_mutex
                0x20001150        0x4 CMakeFiles/HW16.dir/C_/Users/17155/ME433/Pico/pico-sdk/lib/tinyusb/src/device/usbd.c.obj
 .bss._usbd_q   0x20001154        0x4 CMakeFiles/HW16.dir/C_/Users/17155/ME433/Pico/pico-sdk/lib/tinyusb/src/device/usbd.c.obj
 .bss._usbd_qdef_buf
                0x20001158       0xc0 CMakeFiles/HW16.dir/C_/Users/17155/ME433/Pico/pico-sdk/lib/tinyusb/src/device/usbd.c.obj
                0x20001158                _usbd_qdef_buf
 .bss.alarm_callbacks
                0x20001218       0x10 CMakeFiles/HW16.dir/C_/Users/17155/ME433/Pico/pico-sdk/src/rp2_common/hardware_timer/timer.c.obj
 .bss.boot2_copyout
                0x20001228      0x100 CMakeFiles/HW16.dir/C_/Users/17155/ME433/Pico/pico-sdk/src/rp2_common/hardware_flash/flash.c.obj
 .bss.chars_available_callback
                0x20001328        0x4 CMakeFiles/HW16.dir/C_/Users/17155/ME433/Pico/pico-sdk/src/rp2_common/pico_stdio_usb/stdio_usb.c.obj
 .bss.chars_available_param
                0x2000132c        0x4 CMakeFiles/HW16.dir/C_/Users/17155/ME433/Pico/pico-sdk/src/rp2_common/pico_stdio_usb/stdio_usb.c.obj
 .bss.claimed   0x20001330        0x4 CMakeFiles/HW16.dir/C_/Users/17155/ME433/Pico/pico-sdk/src/rp2_common/hardware_sync/sync.c.obj
 .bss.configured_freq